Archive member included to satisfy reference by file (symbol)

c:/program files (x86)/atollic/truestudio for arm 5.5.2/armtools/bin/../lib/gcc/arm-atollic-eabi/5.3.1/../../../../arm-atollic-eabi/lib/armv7e-m/fpu\libc.a(lib_a-init.o)
                              Application\TrueSTUDIO\startup_stm32f407xx.o (__libc_init_array)

Allocating common symbols
Common symbol       size              file

hdma_usart2_rx      0x60              Src\usart.o
hdma_memtomem_dma2_stream0
                    0x60              Src\dma.o
uwTick              0x4               Drivers\STM32F4xx_HAL_Driver\stm32f4xx_hal.o
pFlash              0x20              Drivers\STM32F4xx_HAL_Driver\stm32f4xx_hal_flash.o
hdma_usart2_tx      0x60              Src\usart.o
huart2              0x40              Src\usart.o

Discarded input sections

 .text          0x00000000        0x0 c:/program files (x86)/atollic/truestudio for arm 5.5.2/armtools/bin/../lib/gcc/arm-atollic-eabi/5.3.1/armv7e-m/fpu/crti.o
 .data          0x00000000        0x0 c:/program files (x86)/atollic/truestudio for arm 5.5.2/armtools/bin/../lib/gcc/arm-atollic-eabi/5.3.1/armv7e-m/fpu/crti.o
 .bss           0x00000000        0x0 c:/program files (x86)/atollic/truestudio for arm 5.5.2/armtools/bin/../lib/gcc/arm-atollic-eabi/5.3.1/armv7e-m/fpu/crti.o
 .data          0x00000000        0x4 c:/program files (x86)/atollic/truestudio for arm 5.5.2/armtools/bin/../lib/gcc/arm-atollic-eabi/5.3.1/armv7e-m/fpu/crtbegin.o
 .text          0x00000000        0x0 Src\usart.o
 .data          0x00000000        0x0 Src\usart.o
 .bss           0x00000000        0x0 Src\usart.o
 .text.HAL_UART_MspDeInit
                0x00000000       0x3c Src\usart.o
 .text          0x00000000        0x0 Src\stm32f4xx_it.o
 .data          0x00000000        0x0 Src\stm32f4xx_it.o
 .bss           0x00000000        0x0 Src\stm32f4xx_it.o
 .text          0x00000000        0x0 Src\stm32f4xx_hal_msp.o
 .data          0x00000000        0x0 Src\stm32f4xx_hal_msp.o
 .bss           0x00000000        0x0 Src\stm32f4xx_hal_msp.o
 .text          0x00000000        0x0 Src\main.o
 .data          0x00000000        0x0 Src\main.o
 .bss           0x00000000        0x0 Src\main.o
 .text          0x00000000        0x0 Src\gpio.o
 .data          0x00000000        0x0 Src\gpio.o
 .bss           0x00000000        0x0 Src\gpio.o
 .text          0x00000000        0x0 Src\dma.o
 .data          0x00000000        0x0 Src\dma.o
 .bss           0x00000000        0x0 Src\dma.o
 .text          0x00000000        0x0 Drivers\STM32F4xx_HAL_Driver\stm32f4xx_hal_uart.o
 .data          0x00000000        0x0 Drivers\STM32F4xx_HAL_Driver\stm32f4xx_hal_uart.o
 .bss           0x00000000        0x0 Drivers\STM32F4xx_HAL_Driver\stm32f4xx_hal_uart.o
 .text.UART_WaitOnFlagUntilTimeout.constprop.3
                0x00000000       0x50 Drivers\STM32F4xx_HAL_Driver\stm32f4xx_hal_uart.o
 .text.HAL_UART_MspInit
                0x00000000        0x2 Drivers\STM32F4xx_HAL_Driver\stm32f4xx_hal_uart.o
 .text.HAL_HalfDuplex_Init
                0x00000000       0x64 Drivers\STM32F4xx_HAL_Driver\stm32f4xx_hal_uart.o
 .text.HAL_LIN_Init
                0x00000000       0x76 Drivers\STM32F4xx_HAL_Driver\stm32f4xx_hal_uart.o
 .text.HAL_MultiProcessor_Init
                0x00000000       0x7e Drivers\STM32F4xx_HAL_Driver\stm32f4xx_hal_uart.o
 .text.HAL_UART_MspDeInit
                0x00000000        0x2 Drivers\STM32F4xx_HAL_Driver\stm32f4xx_hal_uart.o
 .text.HAL_UART_DeInit
                0x00000000       0x26 Drivers\STM32F4xx_HAL_Driver\stm32f4xx_hal_uart.o
 .text.HAL_UART_Transmit
                0x00000000       0xb6 Drivers\STM32F4xx_HAL_Driver\stm32f4xx_hal_uart.o
 .text.HAL_UART_Receive
                0x00000000       0xb8 Drivers\STM32F4xx_HAL_Driver\stm32f4xx_hal_uart.o
 .text.HAL_UART_Transmit_IT
                0x00000000       0x3e Drivers\STM32F4xx_HAL_Driver\stm32f4xx_hal_uart.o
 .text.HAL_UART_Receive_IT
                0x00000000       0x46 Drivers\STM32F4xx_HAL_Driver\stm32f4xx_hal_uart.o
 .text.HAL_UART_DMAPause
                0x00000000       0x5a Drivers\STM32F4xx_HAL_Driver\stm32f4xx_hal_uart.o
 .text.HAL_UART_DMAResume
                0x00000000       0x62 Drivers\STM32F4xx_HAL_Driver\stm32f4xx_hal_uart.o
 .text.HAL_UART_DMAStop
                0x00000000       0x5e Drivers\STM32F4xx_HAL_Driver\stm32f4xx_hal_uart.o
 .text.UART_Receive_IT
                0x00000000       0x78 Drivers\STM32F4xx_HAL_Driver\stm32f4xx_hal_uart.o
 .text.HAL_UART_IRQHandler
                0x00000000      0x140 Drivers\STM32F4xx_HAL_Driver\stm32f4xx_hal_uart.o
 .text.UART_DMAAbortOnError
                0x00000000       0x10 Drivers\STM32F4xx_HAL_Driver\stm32f4xx_hal_uart.o
 .text.HAL_LIN_SendBreak
                0x00000000       0x2c Drivers\STM32F4xx_HAL_Driver\stm32f4xx_hal_uart.o
 .text.HAL_MultiProcessor_EnterMuteMode
                0x00000000       0x2c Drivers\STM32F4xx_HAL_Driver\stm32f4xx_hal_uart.o
 .text.HAL_MultiProcessor_ExitMuteMode
                0x00000000       0x2c Drivers\STM32F4xx_HAL_Driver\stm32f4xx_hal_uart.o
 .text.HAL_HalfDuplex_EnableTransmitter
                0x00000000       0x30 Drivers\STM32F4xx_HAL_Driver\stm32f4xx_hal_uart.o
 .text.HAL_HalfDuplex_EnableReceiver
                0x00000000       0x30 Drivers\STM32F4xx_HAL_Driver\stm32f4xx_hal_uart.o
 .text.HAL_UART_GetState
                0x00000000        0xc Drivers\STM32F4xx_HAL_Driver\stm32f4xx_hal_uart.o
 .text.HAL_UART_GetError
                0x00000000        0x4 Drivers\STM32F4xx_HAL_Driver\stm32f4xx_hal_uart.o
 .text          0x00000000        0x0 Drivers\STM32F4xx_HAL_Driver\stm32f4xx_hal_tim_ex.o
 .data          0x00000000        0x0 Drivers\STM32F4xx_HAL_Driver\stm32f4xx_hal_tim_ex.o
 .bss           0x00000000        0x0 Drivers\STM32F4xx_HAL_Driver\stm32f4xx_hal_tim_ex.o
 .debug_info    0x00000000       0xa0 Drivers\STM32F4xx_HAL_Driver\stm32f4xx_hal_tim_ex.o
 .debug_abbrev  0x00000000       0x4b Drivers\STM32F4xx_HAL_Driver\stm32f4xx_hal_tim_ex.o
 .debug_aranges
                0x00000000       0x18 Drivers\STM32F4xx_HAL_Driver\stm32f4xx_hal_tim_ex.o
 .debug_line    0x00000000      0x160 Drivers\STM32F4xx_HAL_Driver\stm32f4xx_hal_tim_ex.o
 .debug_str     0x00000000      0x220 Drivers\STM32F4xx_HAL_Driver\stm32f4xx_hal_tim_ex.o
 .comment       0x00000000       0x7f Drivers\STM32F4xx_HAL_Driver\stm32f4xx_hal_tim_ex.o
 .ARM.attributes
                0x00000000       0x39 Drivers\STM32F4xx_HAL_Driver\stm32f4xx_hal_tim_ex.o
 .text          0x00000000        0x0 Drivers\STM32F4xx_HAL_Driver\stm32f4xx_hal_tim.o
 .data          0x00000000        0x0 Drivers\STM32F4xx_HAL_Driver\stm32f4xx_hal_tim.o
 .bss           0x00000000        0x0 Drivers\STM32F4xx_HAL_Driver\stm32f4xx_hal_tim.o
 .debug_info    0x00000000       0xa0 Drivers\STM32F4xx_HAL_Driver\stm32f4xx_hal_tim.o
 .debug_abbrev  0x00000000       0x4b Drivers\STM32F4xx_HAL_Driver\stm32f4xx_hal_tim.o
 .debug_aranges
                0x00000000       0x18 Drivers\STM32F4xx_HAL_Driver\stm32f4xx_hal_tim.o
 .debug_line    0x00000000      0x160 Drivers\STM32F4xx_HAL_Driver\stm32f4xx_hal_tim.o
 .debug_str     0x00000000      0x21d Drivers\STM32F4xx_HAL_Driver\stm32f4xx_hal_tim.o
 .comment       0x00000000       0x7f Drivers\STM32F4xx_HAL_Driver\stm32f4xx_hal_tim.o
 .ARM.attributes
                0x00000000       0x39 Drivers\STM32F4xx_HAL_Driver\stm32f4xx_hal_tim.o
 .text          0x00000000        0x0 Drivers\STM32F4xx_HAL_Driver\stm32f4xx_hal_rcc_ex.o
 .data          0x00000000        0x0 Drivers\STM32F4xx_HAL_Driver\stm32f4xx_hal_rcc_ex.o
 .bss           0x00000000        0x0 Drivers\STM32F4xx_HAL_Driver\stm32f4xx_hal_rcc_ex.o
 .text.HAL_RCC_DeInit
                0x00000000       0x5c Drivers\STM32F4xx_HAL_Driver\stm32f4xx_hal_rcc_ex.o
 .text.HAL_RCCEx_PeriphCLKConfig
                0x00000000      0x14c Drivers\STM32F4xx_HAL_Driver\stm32f4xx_hal_rcc_ex.o
 .text.HAL_RCCEx_GetPeriphCLKConfig
                0x00000000       0x4c Drivers\STM32F4xx_HAL_Driver\stm32f4xx_hal_rcc_ex.o
 .debug_info    0x00000000      0x562 Drivers\STM32F4xx_HAL_Driver\stm32f4xx_hal_rcc_ex.o
 .debug_abbrev  0x00000000      0x201 Drivers\STM32F4xx_HAL_Driver\stm32f4xx_hal_rcc_ex.o
 .debug_loc     0x00000000      0x169 Drivers\STM32F4xx_HAL_Driver\stm32f4xx_hal_rcc_ex.o
 .debug_aranges
                0x00000000       0x30 Drivers\STM32F4xx_HAL_Driver\stm32f4xx_hal_rcc_ex.o
 .debug_ranges  0x00000000       0x68 Drivers\STM32F4xx_HAL_Driver\stm32f4xx_hal_rcc_ex.o
 .debug_line    0x00000000      0x3f3 Drivers\STM32F4xx_HAL_Driver\stm32f4xx_hal_rcc_ex.o
 .debug_str     0x00000000      0x4ad Drivers\STM32F4xx_HAL_Driver\stm32f4xx_hal_rcc_ex.o
 .comment       0x00000000       0x7f Drivers\STM32F4xx_HAL_Driver\stm32f4xx_hal_rcc_ex.o
 .debug_frame   0x00000000       0x5c Drivers\STM32F4xx_HAL_Driver\stm32f4xx_hal_rcc_ex.o
 .ARM.attributes
                0x00000000       0x39 Drivers\STM32F4xx_HAL_Driver\stm32f4xx_hal_rcc_ex.o
 .text          0x00000000        0x0 Drivers\STM32F4xx_HAL_Driver\stm32f4xx_hal_rcc.o
 .data          0x00000000        0x0 Drivers\STM32F4xx_HAL_Driver\stm32f4xx_hal_rcc.o
 .bss           0x00000000        0x0 Drivers\STM32F4xx_HAL_Driver\stm32f4xx_hal_rcc.o
 .text.HAL_RCC_DeInit
                0x00000000        0x2 Drivers\STM32F4xx_HAL_Driver\stm32f4xx_hal_rcc.o
 .text.HAL_RCC_MCOConfig
                0x00000000       0x94 Drivers\STM32F4xx_HAL_Driver\stm32f4xx_hal_rcc.o
 .text.HAL_RCC_EnableCSS
                0x00000000        0xc Drivers\STM32F4xx_HAL_Driver\stm32f4xx_hal_rcc.o
 .text.HAL_RCC_DisableCSS
                0x00000000        0xc Drivers\STM32F4xx_HAL_Driver\stm32f4xx_hal_rcc.o
 .text.HAL_RCC_GetOscConfig
                0x00000000       0xd0 Drivers\STM32F4xx_HAL_Driver\stm32f4xx_hal_rcc.o
 .text.HAL_RCC_GetClockConfig
                0x00000000       0x3c Drivers\STM32F4xx_HAL_Driver\stm32f4xx_hal_rcc.o
 .text.HAL_RCC_CSSCallback
                0x00000000        0x2 Drivers\STM32F4xx_HAL_Driver\stm32f4xx_hal_rcc.o
 .text.HAL_RCC_NMI_IRQHandler
                0x00000000       0x20 Drivers\STM32F4xx_HAL_Driver\stm32f4xx_hal_rcc.o
 .text          0x00000000        0x0 Drivers\STM32F4xx_HAL_Driver\stm32f4xx_hal_pwr_ex.o
 .data          0x00000000        0x0 Drivers\STM32F4xx_HAL_Driver\stm32f4xx_hal_pwr_ex.o
 .bss           0x00000000        0x0 Drivers\STM32F4xx_HAL_Driver\stm32f4xx_hal_pwr_ex.o
 .text.HAL_PWREx_EnableBkUpReg
                0x00000000       0x44 Drivers\STM32F4xx_HAL_Driver\stm32f4xx_hal_pwr_ex.o
 .text.HAL_PWREx_DisableBkUpReg
                0x00000000       0x44 Drivers\STM32F4xx_HAL_Driver\stm32f4xx_hal_pwr_ex.o
 .text.HAL_PWREx_EnableFlashPowerDown
                0x00000000       0x1c Drivers\STM32F4xx_HAL_Driver\stm32f4xx_hal_pwr_ex.o
 .text.HAL_PWREx_DisableFlashPowerDown
                0x00000000       0x1c Drivers\STM32F4xx_HAL_Driver\stm32f4xx_hal_pwr_ex.o
 .text.HAL_PWREx_GetVoltageRange
                0x00000000       0x10 Drivers\STM32F4xx_HAL_Driver\stm32f4xx_hal_pwr_ex.o
 .text.HAL_PWREx_ControlVoltageScaling
                0x00000000       0x5c Drivers\STM32F4xx_HAL_Driver\stm32f4xx_hal_pwr_ex.o
 .debug_info    0x00000000      0x50f Drivers\STM32F4xx_HAL_Driver\stm32f4xx_hal_pwr_ex.o
 .debug_abbrev  0x00000000      0x1c2 Drivers\STM32F4xx_HAL_Driver\stm32f4xx_hal_pwr_ex.o
 .debug_loc     0x00000000       0xd6 Drivers\STM32F4xx_HAL_Driver\stm32f4xx_hal_pwr_ex.o
 .debug_aranges
                0x00000000       0x48 Drivers\STM32F4xx_HAL_Driver\stm32f4xx_hal_pwr_ex.o
 .debug_ranges  0x00000000       0x68 Drivers\STM32F4xx_HAL_Driver\stm32f4xx_hal_pwr_ex.o
 .debug_line    0x00000000      0x3a8 Drivers\STM32F4xx_HAL_Driver\stm32f4xx_hal_pwr_ex.o
 .debug_str     0x00000000      0x473 Drivers\STM32F4xx_HAL_Driver\stm32f4xx_hal_pwr_ex.o
 .comment       0x00000000       0x7f Drivers\STM32F4xx_HAL_Driver\stm32f4xx_hal_pwr_ex.o
 .debug_frame   0x00000000       0x94 Drivers\STM32F4xx_HAL_Driver\stm32f4xx_hal_pwr_ex.o
 .ARM.attributes
                0x00000000       0x39 Drivers\STM32F4xx_HAL_Driver\stm32f4xx_hal_pwr_ex.o
 .text          0x00000000        0x0 Drivers\STM32F4xx_HAL_Driver\stm32f4xx_hal_pwr.o
 .data          0x00000000        0x0 Drivers\STM32F4xx_HAL_Driver\stm32f4xx_hal_pwr.o
 .bss           0x00000000        0x0 Drivers\STM32F4xx_HAL_Driver\stm32f4xx_hal_pwr.o
 .text.HAL_PWR_DeInit
                0x00000000       0x18 Drivers\STM32F4xx_HAL_Driver\stm32f4xx_hal_pwr.o
 .text.HAL_PWR_EnableBkUpAccess
                0x00000000       0x1c Drivers\STM32F4xx_HAL_Driver\stm32f4xx_hal_pwr.o
 .text.HAL_PWR_DisableBkUpAccess
                0x00000000       0x1c Drivers\STM32F4xx_HAL_Driver\stm32f4xx_hal_pwr.o
 .text.HAL_PWR_ConfigPVD
                0x00000000       0x70 Drivers\STM32F4xx_HAL_Driver\stm32f4xx_hal_pwr.o
 .text.HAL_PWR_EnablePVD
                0x00000000       0x1a Drivers\STM32F4xx_HAL_Driver\stm32f4xx_hal_pwr.o
 .text.HAL_PWR_DisablePVD
                0x00000000       0x1a Drivers\STM32F4xx_HAL_Driver\stm32f4xx_hal_pwr.o
 .text.HAL_PWR_EnableWakeUpPin
                0x00000000       0x10 Drivers\STM32F4xx_HAL_Driver\stm32f4xx_hal_pwr.o
 .text.HAL_PWR_DisableWakeUpPin
                0x00000000       0x10 Drivers\STM32F4xx_HAL_Driver\stm32f4xx_hal_pwr.o
 .text.HAL_PWR_EnterSLEEPMode
                0x00000000       0x20 Drivers\STM32F4xx_HAL_Driver\stm32f4xx_hal_pwr.o
 .text.HAL_PWR_EnterSTOPMode
                0x00000000       0x38 Drivers\STM32F4xx_HAL_Driver\stm32f4xx_hal_pwr.o
 .text.HAL_PWR_EnterSTANDBYMode
                0x00000000       0x20 Drivers\STM32F4xx_HAL_Driver\stm32f4xx_hal_pwr.o
 .text.HAL_PWR_PVDCallback
                0x00000000        0x2 Drivers\STM32F4xx_HAL_Driver\stm32f4xx_hal_pwr.o
 .text.HAL_PWR_PVD_IRQHandler
                0x00000000       0x1c Drivers\STM32F4xx_HAL_Driver\stm32f4xx_hal_pwr.o
 .text.HAL_PWR_EnableSleepOnExit
                0x00000000       0x10 Drivers\STM32F4xx_HAL_Driver\stm32f4xx_hal_pwr.o
 .text.HAL_PWR_DisableSleepOnExit
                0x00000000       0x10 Drivers\STM32F4xx_HAL_Driver\stm32f4xx_hal_pwr.o
 .text.HAL_PWR_EnableSEVOnPend
                0x00000000       0x10 Drivers\STM32F4xx_HAL_Driver\stm32f4xx_hal_pwr.o
 .text.HAL_PWR_DisableSEVOnPend
                0x00000000       0x10 Drivers\STM32F4xx_HAL_Driver\stm32f4xx_hal_pwr.o
 .debug_info    0x00000000      0x86e Drivers\STM32F4xx_HAL_Driver\stm32f4xx_hal_pwr.o
 .debug_abbrev  0x00000000      0x1f5 Drivers\STM32F4xx_HAL_Driver\stm32f4xx_hal_pwr.o
 .debug_loc     0x00000000       0xd8 Drivers\STM32F4xx_HAL_Driver\stm32f4xx_hal_pwr.o
 .debug_aranges
                0x00000000       0xa0 Drivers\STM32F4xx_HAL_Driver\stm32f4xx_hal_pwr.o
 .debug_ranges  0x00000000       0x90 Drivers\STM32F4xx_HAL_Driver\stm32f4xx_hal_pwr.o
 .debug_line    0x00000000      0x46a Drivers\STM32F4xx_HAL_Driver\stm32f4xx_hal_pwr.o
 .debug_str     0x00000000      0x5ca Drivers\STM32F4xx_HAL_Driver\stm32f4xx_hal_pwr.o
 .comment       0x00000000       0x7f Drivers\STM32F4xx_HAL_Driver\stm32f4xx_hal_pwr.o
 .debug_frame   0x00000000      0x128 Drivers\STM32F4xx_HAL_Driver\stm32f4xx_hal_pwr.o
 .ARM.attributes
                0x00000000       0x39 Drivers\STM32F4xx_HAL_Driver\stm32f4xx_hal_pwr.o
 .text          0x00000000        0x0 Drivers\STM32F4xx_HAL_Driver\stm32f4xx_hal_gpio.o
 .data          0x00000000        0x0 Drivers\STM32F4xx_HAL_Driver\stm32f4xx_hal_gpio.o
 .bss           0x00000000        0x0 Drivers\STM32F4xx_HAL_Driver\stm32f4xx_hal_gpio.o
 .text.HAL_GPIO_DeInit
                0x00000000      0x130 Drivers\STM32F4xx_HAL_Driver\stm32f4xx_hal_gpio.o
 .text.HAL_GPIO_ReadPin
                0x00000000        0xc Drivers\STM32F4xx_HAL_Driver\stm32f4xx_hal_gpio.o
 .text.HAL_GPIO_TogglePin
                0x00000000        0x8 Drivers\STM32F4xx_HAL_Driver\stm32f4xx_hal_gpio.o
 .text.HAL_GPIO_LockPin
                0x00000000       0x2a Drivers\STM32F4xx_HAL_Driver\stm32f4xx_hal_gpio.o
 .text.HAL_GPIO_EXTI_Callback
                0x00000000        0x2 Drivers\STM32F4xx_HAL_Driver\stm32f4xx_hal_gpio.o
 .text.HAL_GPIO_EXTI_IRQHandler
                0x00000000       0x18 Drivers\STM32F4xx_HAL_Driver\stm32f4xx_hal_gpio.o
 .text          0x00000000        0x0 Drivers\STM32F4xx_HAL_Driver\stm32f4xx_hal_flash_ramfunc.o
 .data          0x00000000        0x0 Drivers\STM32F4xx_HAL_Driver\stm32f4xx_hal_flash_ramfunc.o
 .bss           0x00000000        0x0 Drivers\STM32F4xx_HAL_Driver\stm32f4xx_hal_flash_ramfunc.o
 .debug_info    0x00000000       0xa0 Drivers\STM32F4xx_HAL_Driver\stm32f4xx_hal_flash_ramfunc.o
 .debug_abbrev  0x00000000       0x4b Drivers\STM32F4xx_HAL_Driver\stm32f4xx_hal_flash_ramfunc.o
 .debug_aranges
                0x00000000       0x18 Drivers\STM32F4xx_HAL_Driver\stm32f4xx_hal_flash_ramfunc.o
 .debug_line    0x00000000      0x160 Drivers\STM32F4xx_HAL_Driver\stm32f4xx_hal_flash_ramfunc.o
 .debug_str     0x00000000      0x227 Drivers\STM32F4xx_HAL_Driver\stm32f4xx_hal_flash_ramfunc.o
 .comment       0x00000000       0x7f Drivers\STM32F4xx_HAL_Driver\stm32f4xx_hal_flash_ramfunc.o
 .ARM.attributes
                0x00000000       0x39 Drivers\STM32F4xx_HAL_Driver\stm32f4xx_hal_flash_ramfunc.o
 .text          0x00000000        0x0 Drivers\STM32F4xx_HAL_Driver\stm32f4xx_hal_flash_ex.o
 .data          0x00000000        0x0 Drivers\STM32F4xx_HAL_Driver\stm32f4xx_hal_flash_ex.o
 .bss           0x00000000        0x0 Drivers\STM32F4xx_HAL_Driver\stm32f4xx_hal_flash_ex.o
 .text.FLASH_MassErase.isra.0
                0x00000000       0x24 Drivers\STM32F4xx_HAL_Driver\stm32f4xx_hal_flash_ex.o
 .text.HAL_FLASHEx_OBProgram
                0x00000000       0xb4 Drivers\STM32F4xx_HAL_Driver\stm32f4xx_hal_flash_ex.o
 .text.HAL_FLASHEx_OBGetConfig
                0x00000000       0x48 Drivers\STM32F4xx_HAL_Driver\stm32f4xx_hal_flash_ex.o
 .text.FLASH_Erase_Sector
                0x00000000       0x54 Drivers\STM32F4xx_HAL_Driver\stm32f4xx_hal_flash_ex.o
 .text.HAL_FLASHEx_Erase_IT
                0x00000000       0x60 Drivers\STM32F4xx_HAL_Driver\stm32f4xx_hal_flash_ex.o
 .text.FLASH_FlushCaches
                0x00000000       0x58 Drivers\STM32F4xx_HAL_Driver\stm32f4xx_hal_flash_ex.o
 .text.HAL_FLASHEx_Erase
                0x00000000       0xa0 Drivers\STM32F4xx_HAL_Driver\stm32f4xx_hal_flash_ex.o
 .debug_info    0x00000000      0x892 Drivers\STM32F4xx_HAL_Driver\stm32f4xx_hal_flash_ex.o
 .debug_abbrev  0x00000000      0x2dc Drivers\STM32F4xx_HAL_Driver\stm32f4xx_hal_flash_ex.o
 .debug_loc     0x00000000      0x3fb Drivers\STM32F4xx_HAL_Driver\stm32f4xx_hal_flash_ex.o
 .debug_aranges
                0x00000000       0x50 Drivers\STM32F4xx_HAL_Driver\stm32f4xx_hal_flash_ex.o
 .debug_ranges  0x00000000       0xd8 Drivers\STM32F4xx_HAL_Driver\stm32f4xx_hal_flash_ex.o
 .debug_line    0x00000000      0x4e7 Drivers\STM32F4xx_HAL_Driver\stm32f4xx_hal_flash_ex.o
 .debug_str     0x00000000      0x61b Drivers\STM32F4xx_HAL_Driver\stm32f4xx_hal_flash_ex.o
 .comment       0x00000000       0x7f Drivers\STM32F4xx_HAL_Driver\stm32f4xx_hal_flash_ex.o
 .debug_frame   0x00000000       0xa8 Drivers\STM32F4xx_HAL_Driver\stm32f4xx_hal_flash_ex.o
 .ARM.attributes
                0x00000000       0x39 Drivers\STM32F4xx_HAL_Driver\stm32f4xx_hal_flash_ex.o
 .text          0x00000000        0x0 Drivers\STM32F4xx_HAL_Driver\stm32f4xx_hal_flash.o
 .data          0x00000000        0x0 Drivers\STM32F4xx_HAL_Driver\stm32f4xx_hal_flash.o
 .bss           0x00000000        0x0 Drivers\STM32F4xx_HAL_Driver\stm32f4xx_hal_flash.o
 .text.FLASH_Program_Word
                0x00000000       0x24 Drivers\STM32F4xx_HAL_Driver\stm32f4xx_hal_flash.o
 .text.FLASH_Program_HalfWord
                0x00000000       0x24 Drivers\STM32F4xx_HAL_Driver\stm32f4xx_hal_flash.o
 .text.FLASH_SetErrorCode
                0x00000000       0x90 Drivers\STM32F4xx_HAL_Driver\stm32f4xx_hal_flash.o
 .text.HAL_FLASH_Program_IT
                0x00000000       0x90 Drivers\STM32F4xx_HAL_Driver\stm32f4xx_hal_flash.o
 .text.HAL_FLASH_EndOfOperationCallback
                0x00000000        0x2 Drivers\STM32F4xx_HAL_Driver\stm32f4xx_hal_flash.o
 .text.HAL_FLASH_OperationErrorCallback
                0x00000000        0x2 Drivers\STM32F4xx_HAL_Driver\stm32f4xx_hal_flash.o
 .text.HAL_FLASH_IRQHandler
                0x00000000       0xcc Drivers\STM32F4xx_HAL_Driver\stm32f4xx_hal_flash.o
 .text.HAL_FLASH_Unlock
                0x00000000       0x24 Drivers\STM32F4xx_HAL_Driver\stm32f4xx_hal_flash.o
 .text.HAL_FLASH_Lock
                0x00000000       0x14 Drivers\STM32F4xx_HAL_Driver\stm32f4xx_hal_flash.o
 .text.HAL_FLASH_OB_Unlock
                0x00000000       0x24 Drivers\STM32F4xx_HAL_Driver\stm32f4xx_hal_flash.o
 .text.HAL_FLASH_OB_Lock
                0x00000000       0x14 Drivers\STM32F4xx_HAL_Driver\stm32f4xx_hal_flash.o
 .text.HAL_FLASH_GetError
                0x00000000        0xc Drivers\STM32F4xx_HAL_Driver\stm32f4xx_hal_flash.o
 .text.FLASH_WaitForLastOperation
                0x00000000       0x5c Drivers\STM32F4xx_HAL_Driver\stm32f4xx_hal_flash.o
 .text.HAL_FLASH_Program
                0x00000000       0xac Drivers\STM32F4xx_HAL_Driver\stm32f4xx_hal_flash.o
 .text.HAL_FLASH_OB_Launch
                0x00000000       0x18 Drivers\STM32F4xx_HAL_Driver\stm32f4xx_hal_flash.o
 .debug_info    0x00000000      0x6e5 Drivers\STM32F4xx_HAL_Driver\stm32f4xx_hal_flash.o
 .debug_abbrev  0x00000000      0x2c4 Drivers\STM32F4xx_HAL_Driver\stm32f4xx_hal_flash.o
 .debug_loc     0x00000000      0x2ef Drivers\STM32F4xx_HAL_Driver\stm32f4xx_hal_flash.o
 .debug_aranges
                0x00000000       0x88 Drivers\STM32F4xx_HAL_Driver\stm32f4xx_hal_flash.o
 .debug_ranges  0x00000000       0xa8 Drivers\STM32F4xx_HAL_Driver\stm32f4xx_hal_flash.o
 .debug_line    0x00000000      0x507 Drivers\STM32F4xx_HAL_Driver\stm32f4xx_hal_flash.o
 .debug_str     0x00000000      0x590 Drivers\STM32F4xx_HAL_Driver\stm32f4xx_hal_flash.o
 .comment       0x00000000       0x7f Drivers\STM32F4xx_HAL_Driver\stm32f4xx_hal_flash.o
 .debug_frame   0x00000000      0x138 Drivers\STM32F4xx_HAL_Driver\stm32f4xx_hal_flash.o
 .ARM.attributes
                0x00000000       0x39 Drivers\STM32F4xx_HAL_Driver\stm32f4xx_hal_flash.o
 COMMON         0x00000000       0x20 Drivers\STM32F4xx_HAL_Driver\stm32f4xx_hal_flash.o
 .text          0x00000000        0x0 Drivers\STM32F4xx_HAL_Driver\stm32f4xx_hal_dma_ex.o
 .data          0x00000000        0x0 Drivers\STM32F4xx_HAL_Driver\stm32f4xx_hal_dma_ex.o
 .bss           0x00000000        0x0 Drivers\STM32F4xx_HAL_Driver\stm32f4xx_hal_dma_ex.o
 .text.HAL_DMAEx_MultiBufferStart
                0x00000000       0x5a Drivers\STM32F4xx_HAL_Driver\stm32f4xx_hal_dma_ex.o
 .text.HAL_DMAEx_MultiBufferStart_IT
                0x00000000      0x3e4 Drivers\STM32F4xx_HAL_Driver\stm32f4xx_hal_dma_ex.o
 .text.HAL_DMAEx_ChangeMemory
                0x00000000        0xe Drivers\STM32F4xx_HAL_Driver\stm32f4xx_hal_dma_ex.o
 .debug_info    0x00000000      0x583 Drivers\STM32F4xx_HAL_Driver\stm32f4xx_hal_dma_ex.o
 .debug_abbrev  0x00000000      0x1a3 Drivers\STM32F4xx_HAL_Driver\stm32f4xx_hal_dma_ex.o
 .debug_loc     0x00000000      0x453 Drivers\STM32F4xx_HAL_Driver\stm32f4xx_hal_dma_ex.o
 .debug_aranges
                0x00000000       0x30 Drivers\STM32F4xx_HAL_Driver\stm32f4xx_hal_dma_ex.o
 .debug_ranges  0x00000000       0x50 Drivers\STM32F4xx_HAL_Driver\stm32f4xx_hal_dma_ex.o
 .debug_line    0x00000000      0x64e Drivers\STM32F4xx_HAL_Driver\stm32f4xx_hal_dma_ex.o
 .debug_str     0x00000000      0x5b6 Drivers\STM32F4xx_HAL_Driver\stm32f4xx_hal_dma_ex.o
 .comment       0x00000000       0x7f Drivers\STM32F4xx_HAL_Driver\stm32f4xx_hal_dma_ex.o
 .debug_frame   0x00000000       0x58 Drivers\STM32F4xx_HAL_Driver\stm32f4xx_hal_dma_ex.o
 .ARM.attributes
                0x00000000       0x39 Drivers\STM32F4xx_HAL_Driver\stm32f4xx_hal_dma_ex.o
 .text          0x00000000        0x0 Drivers\STM32F4xx_HAL_Driver\stm32f4xx_hal_dma.o
 .data          0x00000000        0x0 Drivers\STM32F4xx_HAL_Driver\stm32f4xx_hal_dma.o
 .bss           0x00000000        0x0 Drivers\STM32F4xx_HAL_Driver\stm32f4xx_hal_dma.o
 .text.HAL_DMA_DeInit
                0x00000000       0x4a Drivers\STM32F4xx_HAL_Driver\stm32f4xx_hal_dma.o
 .text.HAL_DMA_Start
                0x00000000       0x58 Drivers\STM32F4xx_HAL_Driver\stm32f4xx_hal_dma.o
 .text.HAL_DMA_Abort
                0x00000000       0x86 Drivers\STM32F4xx_HAL_Driver\stm32f4xx_hal_dma.o
 .text.HAL_DMA_Abort_IT
                0x00000000       0x24 Drivers\STM32F4xx_HAL_Driver\stm32f4xx_hal_dma.o
 .text.HAL_DMA_PollForTransfer
                0x00000000      0x120 Drivers\STM32F4xx_HAL_Driver\stm32f4xx_hal_dma.o
 .text.HAL_DMA_RegisterCallback
                0x00000000       0x4c Drivers\STM32F4xx_HAL_Driver\stm32f4xx_hal_dma.o
 .text.HAL_DMA_UnRegisterCallback
                0x00000000       0x5c Drivers\STM32F4xx_HAL_Driver\stm32f4xx_hal_dma.o
 .text.HAL_DMA_GetState
                0x00000000        0x6 Drivers\STM32F4xx_HAL_Driver\stm32f4xx_hal_dma.o
 .text.HAL_DMA_GetError
                0x00000000        0x4 Drivers\STM32F4xx_HAL_Driver\stm32f4xx_hal_dma.o
 .text          0x00000000        0x0 Drivers\STM32F4xx_HAL_Driver\stm32f4xx_hal_cortex.o
 .data          0x00000000        0x0 Drivers\STM32F4xx_HAL_Driver\stm32f4xx_hal_cortex.o
 .bss           0x00000000        0x0 Drivers\STM32F4xx_HAL_Driver\stm32f4xx_hal_cortex.o
 .text.HAL_NVIC_DisableIRQ
                0x00000000       0x1c Drivers\STM32F4xx_HAL_Driver\stm32f4xx_hal_cortex.o
 .text.HAL_NVIC_SystemReset
                0x00000000       0x24 Drivers\STM32F4xx_HAL_Driver\stm32f4xx_hal_cortex.o
 .text.HAL_MPU_ConfigRegion
                0x00000000       0x4c Drivers\STM32F4xx_HAL_Driver\stm32f4xx_hal_cortex.o
 .text.HAL_NVIC_GetPriorityGrouping
                0x00000000       0x10 Drivers\STM32F4xx_HAL_Driver\stm32f4xx_hal_cortex.o
 .text.HAL_NVIC_GetPriority
                0x00000000       0x58 Drivers\STM32F4xx_HAL_Driver\stm32f4xx_hal_cortex.o
 .text.HAL_NVIC_SetPendingIRQ
                0x00000000       0x1c Drivers\STM32F4xx_HAL_Driver\stm32f4xx_hal_cortex.o
 .text.HAL_NVIC_GetPendingIRQ
                0x00000000       0x1c Drivers\STM32F4xx_HAL_Driver\stm32f4xx_hal_cortex.o
 .text.HAL_NVIC_ClearPendingIRQ
                0x00000000       0x1c Drivers\STM32F4xx_HAL_Driver\stm32f4xx_hal_cortex.o
 .text.HAL_NVIC_GetActive
                0x00000000       0x1c Drivers\STM32F4xx_HAL_Driver\stm32f4xx_hal_cortex.o
 .text          0x00000000        0x0 Drivers\STM32F4xx_HAL_Driver\stm32f4xx_hal.o
 .data          0x00000000        0x0 Drivers\STM32F4xx_HAL_Driver\stm32f4xx_hal.o
 .bss           0x00000000        0x0 Drivers\STM32F4xx_HAL_Driver\stm32f4xx_hal.o
 .text.HAL_MspInit
                0x00000000        0x2 Drivers\STM32F4xx_HAL_Driver\stm32f4xx_hal.o
 .text.HAL_MspDeInit
                0x00000000        0x2 Drivers\STM32F4xx_HAL_Driver\stm32f4xx_hal.o
 .text.HAL_DeInit
                0x00000000       0x2c Drivers\STM32F4xx_HAL_Driver\stm32f4xx_hal.o
 .text.HAL_SuspendTick
                0x00000000       0x10 Drivers\STM32F4xx_HAL_Driver\stm32f4xx_hal.o
 .text.HAL_ResumeTick
                0x00000000       0x10 Drivers\STM32F4xx_HAL_Driver\stm32f4xx_hal.o
 .text.HAL_GetHalVersion
                0x00000000        0x8 Drivers\STM32F4xx_HAL_Driver\stm32f4xx_hal.o
 .text.HAL_GetREVID
                0x00000000        0xc Drivers\STM32F4xx_HAL_Driver\stm32f4xx_hal.o
 .text.HAL_GetDEVID
                0x00000000       0x10 Drivers\STM32F4xx_HAL_Driver\stm32f4xx_hal.o
 .text.HAL_DBGMCU_EnableDBGSleepMode
                0x00000000       0x10 Drivers\STM32F4xx_HAL_Driver\stm32f4xx_hal.o
 .text.HAL_DBGMCU_DisableDBGSleepMode
                0x00000000       0x10 Drivers\STM32F4xx_HAL_Driver\stm32f4xx_hal.o
 .text.HAL_DBGMCU_EnableDBGStopMode
                0x00000000       0x10 Drivers\STM32F4xx_HAL_Driver\stm32f4xx_hal.o
 .text.HAL_DBGMCU_DisableDBGStopMode
                0x00000000       0x10 Drivers\STM32F4xx_HAL_Driver\stm32f4xx_hal.o
 .text.HAL_DBGMCU_EnableDBGStandbyMode
                0x00000000       0x10 Drivers\STM32F4xx_HAL_Driver\stm32f4xx_hal.o
 .text.HAL_DBGMCU_DisableDBGStandbyMode
                0x00000000       0x10 Drivers\STM32F4xx_HAL_Driver\stm32f4xx_hal.o
 .text.HAL_EnableCompensationCell
                0x00000000       0x18 Drivers\STM32F4xx_HAL_Driver\stm32f4xx_hal.o
 .text.HAL_DisableCompensationCell
                0x00000000       0x1c Drivers\STM32F4xx_HAL_Driver\stm32f4xx_hal.o
 .text          0x00000000        0x0 Drivers\CMSIS\system_stm32f4xx.o
 .data          0x00000000        0x0 Drivers\CMSIS\system_stm32f4xx.o
 .bss           0x00000000        0x0 Drivers\CMSIS\system_stm32f4xx.o
 .text.SystemCoreClockUpdate
                0x00000000       0x74 Drivers\CMSIS\system_stm32f4xx.o
 .rodata.AHBPrescTable
                0x00000000       0x10 Drivers\CMSIS\system_stm32f4xx.o
 .text          0x00000000       0x14 Application\TrueSTUDIO\startup_stm32f407xx.o
 .data          0x00000000        0x0 Application\TrueSTUDIO\startup_stm32f407xx.o
 .bss           0x00000000        0x0 Application\TrueSTUDIO\startup_stm32f407xx.o
 .text          0x00000000        0x0 c:/program files (x86)/atollic/truestudio for arm 5.5.2/armtools/bin/../lib/gcc/arm-atollic-eabi/5.3.1/../../../../arm-atollic-eabi/lib/armv7e-m/fpu\libc.a(lib_a-init.o)
 .data          0x00000000        0x0 c:/program files (x86)/atollic/truestudio for arm 5.5.2/armtools/bin/../lib/gcc/arm-atollic-eabi/5.3.1/../../../../arm-atollic-eabi/lib/armv7e-m/fpu\libc.a(lib_a-init.o)
 .bss           0x00000000        0x0 c:/program files (x86)/atollic/truestudio for arm 5.5.2/armtools/bin/../lib/gcc/arm-atollic-eabi/5.3.1/../../../../arm-atollic-eabi/lib/armv7e-m/fpu\libc.a(lib_a-init.o)
 .text          0x00000000        0x0 c:/program files (x86)/atollic/truestudio for arm 5.5.2/armtools/bin/../lib/gcc/arm-atollic-eabi/5.3.1/armv7e-m/fpu/crtend.o
 .data          0x00000000        0x0 c:/program files (x86)/atollic/truestudio for arm 5.5.2/armtools/bin/../lib/gcc/arm-atollic-eabi/5.3.1/armv7e-m/fpu/crtend.o
 .bss           0x00000000        0x0 c:/program files (x86)/atollic/truestudio for arm 5.5.2/armtools/bin/../lib/gcc/arm-atollic-eabi/5.3.1/armv7e-m/fpu/crtend.o
 .eh_frame      0x00000000        0x4 c:/program files (x86)/atollic/truestudio for arm 5.5.2/armtools/bin/../lib/gcc/arm-atollic-eabi/5.3.1/armv7e-m/fpu/crtend.o
 .ARM.attributes
                0x00000000       0x34 c:/program files (x86)/atollic/truestudio for arm 5.5.2/armtools/bin/../lib/gcc/arm-atollic-eabi/5.3.1/armv7e-m/fpu/crtend.o
 .text          0x00000000        0x0 c:/program files (x86)/atollic/truestudio for arm 5.5.2/armtools/bin/../lib/gcc/arm-atollic-eabi/5.3.1/armv7e-m/fpu/crtn.o
 .data          0x00000000        0x0 c:/program files (x86)/atollic/truestudio for arm 5.5.2/armtools/bin/../lib/gcc/arm-atollic-eabi/5.3.1/armv7e-m/fpu/crtn.o
 .bss           0x00000000        0x0 c:/program files (x86)/atollic/truestudio for arm 5.5.2/armtools/bin/../lib/gcc/arm-atollic-eabi/5.3.1/armv7e-m/fpu/crtn.o

Memory Configuration

Name             Origin             Length             Attributes
FLASH            0x08000000         0x00100000         xr
RAM              0x20000000         0x00020000         xrw
CCMRAM           0x10000000         0x00010000         rw
*default*        0x00000000         0xffffffff

Linker script and memory map

LOAD c:/program files (x86)/atollic/truestudio for arm 5.5.2/armtools/bin/../lib/gcc/arm-atollic-eabi/5.3.1/armv7e-m/fpu/crti.o
LOAD c:/program files (x86)/atollic/truestudio for arm 5.5.2/armtools/bin/../lib/gcc/arm-atollic-eabi/5.3.1/armv7e-m/fpu/crtbegin.o
LOAD Src\usart.o
LOAD Src\stm32f4xx_it.o
LOAD Src\stm32f4xx_hal_msp.o
LOAD Src\main.o
LOAD Src\gpio.o
LOAD Src\dma.o
LOAD Drivers\STM32F4xx_HAL_Driver\stm32f4xx_hal_uart.o
LOAD Drivers\STM32F4xx_HAL_Driver\stm32f4xx_hal_tim_ex.o
LOAD Drivers\STM32F4xx_HAL_Driver\stm32f4xx_hal_tim.o
LOAD Drivers\STM32F4xx_HAL_Driver\stm32f4xx_hal_rcc_ex.o
LOAD Drivers\STM32F4xx_HAL_Driver\stm32f4xx_hal_rcc.o
LOAD Drivers\STM32F4xx_HAL_Driver\stm32f4xx_hal_pwr_ex.o
LOAD Drivers\STM32F4xx_HAL_Driver\stm32f4xx_hal_pwr.o
LOAD Drivers\STM32F4xx_HAL_Driver\stm32f4xx_hal_gpio.o
LOAD Drivers\STM32F4xx_HAL_Driver\stm32f4xx_hal_flash_ramfunc.o
LOAD Drivers\STM32F4xx_HAL_Driver\stm32f4xx_hal_flash_ex.o
LOAD Drivers\STM32F4xx_HAL_Driver\stm32f4xx_hal_flash.o
LOAD Drivers\STM32F4xx_HAL_Driver\stm32f4xx_hal_dma_ex.o
LOAD Drivers\STM32F4xx_HAL_Driver\stm32f4xx_hal_dma.o
LOAD Drivers\STM32F4xx_HAL_Driver\stm32f4xx_hal_cortex.o
LOAD Drivers\STM32F4xx_HAL_Driver\stm32f4xx_hal.o
LOAD Drivers\CMSIS\system_stm32f4xx.o
LOAD Application\TrueSTUDIO\startup_stm32f407xx.o
START GROUP
LOAD c:/program files (x86)/atollic/truestudio for arm 5.5.2/armtools/bin/../lib/gcc/arm-atollic-eabi/5.3.1/../../../../arm-atollic-eabi/lib/armv7e-m/fpu\libc.a
LOAD c:/program files (x86)/atollic/truestudio for arm 5.5.2/armtools/bin/../lib/gcc/arm-atollic-eabi/5.3.1/../../../../arm-atollic-eabi/lib/armv7e-m/fpu\libm.a
END GROUP
                0x00000080                malloc_getpagesize_P = 0x80
START GROUP
LOAD c:/program files (x86)/atollic/truestudio for arm 5.5.2/armtools/bin/../lib/gcc/arm-atollic-eabi/5.3.1/armv7e-m/fpu\libgcc.a
LOAD c:/program files (x86)/atollic/truestudio for arm 5.5.2/armtools/bin/../lib/gcc/arm-atollic-eabi/5.3.1/../../../../arm-atollic-eabi/lib/armv7e-m/fpu\libc.a
END GROUP
START GROUP
LOAD c:/program files (x86)/atollic/truestudio for arm 5.5.2/armtools/bin/../lib/gcc/arm-atollic-eabi/5.3.1/armv7e-m/fpu\libgcc.a
LOAD c:/program files (x86)/atollic/truestudio for arm 5.5.2/armtools/bin/../lib/gcc/arm-atollic-eabi/5.3.1/../../../../arm-atollic-eabi/lib/armv7e-m/fpu\libc.a
LOAD c:/program files (x86)/atollic/truestudio for arm 5.5.2/armtools/bin/../lib/gcc/arm-atollic-eabi/5.3.1/../../../../arm-atollic-eabi/lib/armv7e-m/fpu\libnosys.a
END GROUP
LOAD c:/program files (x86)/atollic/truestudio for arm 5.5.2/armtools/bin/../lib/gcc/arm-atollic-eabi/5.3.1/armv7e-m/fpu/crtend.o
LOAD c:/program files (x86)/atollic/truestudio for arm 5.5.2/armtools/bin/../lib/gcc/arm-atollic-eabi/5.3.1/armv7e-m/fpu/crtn.o
                0x20020000                _estack = 0x20020000
                0x00000200                _Min_Heap_Size = 0x200
                0x00000400                _Min_Stack_Size = 0x400

.isr_vector     0x08000000      0x188
                0x08000000                . = ALIGN (0x4)
 *(.isr_vector)
 .isr_vector    0x08000000      0x188 Application\TrueSTUDIO\startup_stm32f407xx.o
                0x08000000                g_pfnVectors
                0x08000188                . = ALIGN (0x4)

.text           0x08000188     0x16f4
                0x08000188                . = ALIGN (0x4)
 *(.text)
 .text          0x08000188       0x40 c:/program files (x86)/atollic/truestudio for arm 5.5.2/armtools/bin/../lib/gcc/arm-atollic-eabi/5.3.1/armv7e-m/fpu/crtbegin.o
 *(.text*)
 .text.MX_USART2_UART_Init
                0x080001c8       0x38 Src\usart.o
                0x080001c8                MX_USART2_UART_Init
 .text.HAL_UART_MspInit
                0x08000200       0xc4 Src\usart.o
                0x08000200                HAL_UART_MspInit
 .text.SysTick_Handler
                0x080002c4        0xe Src\stm32f4xx_it.o
                0x080002c4                SysTick_Handler
 *fill*         0x080002d2        0x2 
 .text.DMA1_Stream5_IRQHandler
                0x080002d4        0xc Src\stm32f4xx_it.o
                0x080002d4                DMA1_Stream5_IRQHandler
 .text.DMA1_Stream6_IRQHandler
                0x080002e0        0xc Src\stm32f4xx_it.o
                0x080002e0                DMA1_Stream6_IRQHandler
 .text.HAL_MspInit
                0x080002ec       0x60 Src\stm32f4xx_hal_msp.o
                0x080002ec                HAL_MspInit
 .text.SystemClock_Config
                0x0800034c       0xac Src\main.o
                0x0800034c                SystemClock_Config
 .text.startup.main
                0x080003f8       0xe0 Src\main.o
                0x080003f8                main
 .text.Error_Handler
                0x080004d8        0x2 Src\main.o
                0x080004d8                Error_Handler
 *fill*         0x080004da        0x2 
 .text.MX_GPIO_Init
                0x080004dc      0x208 Src\gpio.o
                0x080004dc                MX_GPIO_Init
 .text.MX_DMA_Init
                0x080006e4       0x98 Src\dma.o
                0x080006e4                MX_DMA_Init
 .text.UART_EndRxTransfer
                0x0800077c       0x1a Drivers\STM32F4xx_HAL_Driver\stm32f4xx_hal_uart.o
 *fill*         0x08000796        0x2 
 .text.UART_SetConfig
                0x08000798      0x23c Drivers\STM32F4xx_HAL_Driver\stm32f4xx_hal_uart.o
 .text.HAL_UART_Init
                0x080009d4       0x5c Drivers\STM32F4xx_HAL_Driver\stm32f4xx_hal_uart.o
                0x080009d4                HAL_UART_Init
 .text.HAL_UART_Transmit_DMA
                0x08000a30       0x74 Drivers\STM32F4xx_HAL_Driver\stm32f4xx_hal_uart.o
                0x08000a30                HAL_UART_Transmit_DMA
 .text.HAL_UART_Receive_DMA
                0x08000aa4       0x80 Drivers\STM32F4xx_HAL_Driver\stm32f4xx_hal_uart.o
                0x08000aa4                HAL_UART_Receive_DMA
 .text.HAL_UART_TxCpltCallback
                0x08000b24        0x2 Drivers\STM32F4xx_HAL_Driver\stm32f4xx_hal_uart.o
                0x08000b24                HAL_UART_TxCpltCallback
 .text.UART_DMATransmitCplt
                0x08000b26       0x2c Drivers\STM32F4xx_HAL_Driver\stm32f4xx_hal_uart.o
 .text.HAL_UART_TxHalfCpltCallback
                0x08000b52        0x2 Drivers\STM32F4xx_HAL_Driver\stm32f4xx_hal_uart.o
                0x08000b52                HAL_UART_TxHalfCpltCallback
 .text.UART_DMATxHalfCplt
                0x08000b54        0xa Drivers\STM32F4xx_HAL_Driver\stm32f4xx_hal_uart.o
 .text.HAL_UART_RxCpltCallback
                0x08000b5e        0x2 Drivers\STM32F4xx_HAL_Driver\stm32f4xx_hal_uart.o
                0x08000b5e                HAL_UART_RxCpltCallback
 .text.UART_DMAReceiveCplt
                0x08000b60       0x38 Drivers\STM32F4xx_HAL_Driver\stm32f4xx_hal_uart.o
 .text.HAL_UART_RxHalfCpltCallback
                0x08000b98        0x2 Drivers\STM32F4xx_HAL_Driver\stm32f4xx_hal_uart.o
                0x08000b98                HAL_UART_RxHalfCpltCallback
 .text.UART_DMARxHalfCplt
                0x08000b9a        0xa Drivers\STM32F4xx_HAL_Driver\stm32f4xx_hal_uart.o
 .text.HAL_UART_ErrorCallback
                0x08000ba4        0x2 Drivers\STM32F4xx_HAL_Driver\stm32f4xx_hal_uart.o
                0x08000ba4                HAL_UART_ErrorCallback
 .text.UART_DMAError
                0x08000ba6       0x4e Drivers\STM32F4xx_HAL_Driver\stm32f4xx_hal_uart.o
 .text.HAL_RCC_OscConfig
                0x08000bf4      0x2d0 Drivers\STM32F4xx_HAL_Driver\stm32f4xx_hal_rcc.o
                0x08000bf4                HAL_RCC_OscConfig
 .text.HAL_RCC_GetSysClockFreq
                0x08000ec4       0x7c Drivers\STM32F4xx_HAL_Driver\stm32f4xx_hal_rcc.o
                0x08000ec4                HAL_RCC_GetSysClockFreq
 .text.HAL_RCC_ClockConfig
                0x08000f40      0x168 Drivers\STM32F4xx_HAL_Driver\stm32f4xx_hal_rcc.o
                0x08000f40                HAL_RCC_ClockConfig
 .text.HAL_RCC_GetHCLKFreq
                0x080010a8        0xc Drivers\STM32F4xx_HAL_Driver\stm32f4xx_hal_rcc.o
                0x080010a8                HAL_RCC_GetHCLKFreq
 .text.HAL_RCC_GetPCLK1Freq
                0x080010b4       0x30 Drivers\STM32F4xx_HAL_Driver\stm32f4xx_hal_rcc.o
                0x080010b4                HAL_RCC_GetPCLK1Freq
 .text.HAL_RCC_GetPCLK2Freq
                0x080010e4       0x30 Drivers\STM32F4xx_HAL_Driver\stm32f4xx_hal_rcc.o
                0x080010e4                HAL_RCC_GetPCLK2Freq
 .text.HAL_GPIO_Init
                0x08001114      0x1c0 Drivers\STM32F4xx_HAL_Driver\stm32f4xx_hal_gpio.o
                0x08001114                HAL_GPIO_Init
 .text.HAL_GPIO_WritePin
                0x080012d4        0x8 Drivers\STM32F4xx_HAL_Driver\stm32f4xx_hal_gpio.o
                0x080012d4                HAL_GPIO_WritePin
 .text.DMA_CalcBaseAndBitshift
                0x080012dc       0x2c Drivers\STM32F4xx_HAL_Driver\stm32f4xx_hal_dma.o
 .text.HAL_DMA_Init
                0x08001308       0xec Drivers\STM32F4xx_HAL_Driver\stm32f4xx_hal_dma.o
                0x08001308                HAL_DMA_Init
 .text.HAL_DMA_Start_IT
                0x080013f4       0x80 Drivers\STM32F4xx_HAL_Driver\stm32f4xx_hal_dma.o
                0x080013f4                HAL_DMA_Start_IT
 .text.HAL_DMA_IRQHandler
                0x08001474      0x17c Drivers\STM32F4xx_HAL_Driver\stm32f4xx_hal_dma.o
                0x08001474                HAL_DMA_IRQHandler
 .text.HAL_NVIC_SetPriorityGrouping
                0x080015f0       0x24 Drivers\STM32F4xx_HAL_Driver\stm32f4xx_hal_cortex.o
                0x080015f0                HAL_NVIC_SetPriorityGrouping
 .text.HAL_NVIC_SetPriority
                0x08001614       0x68 Drivers\STM32F4xx_HAL_Driver\stm32f4xx_hal_cortex.o
                0x08001614                HAL_NVIC_SetPriority
 .text.HAL_NVIC_EnableIRQ
                0x0800167c       0x18 Drivers\STM32F4xx_HAL_Driver\stm32f4xx_hal_cortex.o
                0x0800167c                HAL_NVIC_EnableIRQ
 .text.HAL_SYSTICK_Config
                0x08001694       0x2c Drivers\STM32F4xx_HAL_Driver\stm32f4xx_hal_cortex.o
                0x08001694                HAL_SYSTICK_Config
 .text.HAL_SYSTICK_CLKSourceConfig
                0x080016c0       0x18 Drivers\STM32F4xx_HAL_Driver\stm32f4xx_hal_cortex.o
                0x080016c0                HAL_SYSTICK_CLKSourceConfig
 .text.HAL_SYSTICK_Callback
                0x080016d8        0x2 Drivers\STM32F4xx_HAL_Driver\stm32f4xx_hal_cortex.o
                0x080016d8                HAL_SYSTICK_Callback
 .text.HAL_SYSTICK_IRQHandler
                0x080016da        0x8 Drivers\STM32F4xx_HAL_Driver\stm32f4xx_hal_cortex.o
                0x080016da                HAL_SYSTICK_IRQHandler
 *fill*         0x080016e2        0x2 
 .text.HAL_InitTick
                0x080016e4       0x28 Drivers\STM32F4xx_HAL_Driver\stm32f4xx_hal.o
                0x080016e4                HAL_InitTick
 .text.HAL_Init
                0x0800170c       0x34 Drivers\STM32F4xx_HAL_Driver\stm32f4xx_hal.o
                0x0800170c                HAL_Init
 .text.HAL_IncTick
                0x08001740       0x10 Drivers\STM32F4xx_HAL_Driver\stm32f4xx_hal.o
                0x08001740                HAL_IncTick
 .text.HAL_GetTick
                0x08001750        0xc Drivers\STM32F4xx_HAL_Driver\stm32f4xx_hal.o
                0x08001750                HAL_GetTick
 .text.HAL_Delay
                0x0800175c       0x1a Drivers\STM32F4xx_HAL_Driver\stm32f4xx_hal.o
                0x0800175c                HAL_Delay
 *fill*         0x08001776        0x2 
 .text.SystemInit
                0x08001778       0x4c Drivers\CMSIS\system_stm32f4xx.o
                0x08001778                SystemInit
 .text.Reset_Handler
                0x080017c4       0x50 Application\TrueSTUDIO\startup_stm32f407xx.o
                0x080017c4                Reset_Handler
 .text.Default_Handler
                0x08001814        0x2 Application\TrueSTUDIO\startup_stm32f407xx.o
                0x08001814                RTC_Alarm_IRQHandler
                0x08001814                HASH_RNG_IRQHandler
                0x08001814                EXTI2_IRQHandler
                0x08001814                TIM8_CC_IRQHandler
                0x08001814                DebugMon_Handler
                0x08001814                TIM1_CC_IRQHandler
                0x08001814                DMA2_Stream5_IRQHandler
                0x08001814                HardFault_Handler
                0x08001814                PVD_IRQHandler
                0x08001814                SDIO_IRQHandler
                0x08001814                TAMP_STAMP_IRQHandler
                0x08001814                PendSV_Handler
                0x08001814                NMI_Handler
                0x08001814                CAN2_RX1_IRQHandler
                0x08001814                EXTI3_IRQHandler
                0x08001814                TIM8_TRG_COM_TIM14_IRQHandler
                0x08001814                TIM1_UP_TIM10_IRQHandler
                0x08001814                TIM8_UP_TIM13_IRQHandler
                0x08001814                I2C3_ER_IRQHandler
                0x08001814                EXTI0_IRQHandler
                0x08001814                I2C2_EV_IRQHandler
                0x08001814                DMA1_Stream2_IRQHandler
                0x08001814                CAN1_RX0_IRQHandler
                0x08001814                FPU_IRQHandler
                0x08001814                OTG_HS_WKUP_IRQHandler
                0x08001814                UsageFault_Handler
                0x08001814                CAN2_SCE_IRQHandler
                0x08001814                DMA2_Stream2_IRQHandler
                0x08001814                SPI1_IRQHandler
                0x08001814                TIM6_DAC_IRQHandler
                0x08001814                TIM1_BRK_TIM9_IRQHandler
                0x08001814                DCMI_IRQHandler
                0x08001814                CAN2_RX0_IRQHandler
                0x08001814                DMA2_Stream3_IRQHandler
                0x08001814                USART6_IRQHandler
                0x08001814                USART3_IRQHandler
                0x08001814                CAN1_RX1_IRQHandler
                0x08001814                UART5_IRQHandler
                0x08001814                DMA2_Stream0_IRQHandler
                0x08001814                TIM4_IRQHandler
                0x08001814                I2C1_EV_IRQHandler
                0x08001814                DMA1_Stream1_IRQHandler
                0x08001814                UART4_IRQHandler
                0x08001814                TIM3_IRQHandler
                0x08001814                RCC_IRQHandler
                0x08001814                TIM8_BRK_TIM12_IRQHandler
                0x08001814                Default_Handler
                0x08001814                EXTI15_10_IRQHandler
                0x08001814                ADC_IRQHandler
                0x08001814                DMA1_Stream7_IRQHandler
                0x08001814                TIM7_IRQHandler
                0x08001814                CAN2_TX_IRQHandler
                0x08001814                TIM5_IRQHandler
                0x08001814                DMA2_Stream7_IRQHandler
                0x08001814                I2C3_EV_IRQHandler
                0x08001814                EXTI9_5_IRQHandler
                0x08001814                RTC_WKUP_IRQHandler
                0x08001814                ETH_WKUP_IRQHandler
                0x08001814                SPI2_IRQHandler
                0x08001814                OTG_HS_EP1_IN_IRQHandler
                0x08001814                MemManage_Handler
                0x08001814                DMA1_Stream0_IRQHandler
                0x08001814                CAN1_TX_IRQHandler
                0x08001814                SVC_Handler
                0x08001814                EXTI4_IRQHandler
                0x08001814                FSMC_IRQHandler
                0x08001814                ETH_IRQHandler
                0x08001814                OTG_HS_EP1_OUT_IRQHandler
                0x08001814                WWDG_IRQHandler
                0x08001814                TIM2_IRQHandler
                0x08001814                OTG_FS_WKUP_IRQHandler
                0x08001814                TIM1_TRG_COM_TIM11_IRQHandler
                0x08001814                OTG_HS_IRQHandler
                0x08001814                EXTI1_IRQHandler
                0x08001814                USART2_IRQHandler
                0x08001814                I2C2_ER_IRQHandler
                0x08001814                DMA2_Stream1_IRQHandler
                0x08001814                CAN1_SCE_IRQHandler
                0x08001814                FLASH_IRQHandler
                0x08001814                DMA2_Stream4_IRQHandler
                0x08001814                BusFault_Handler
                0x08001814                USART1_IRQHandler
                0x08001814                OTG_FS_IRQHandler
                0x08001814                SPI3_IRQHandler
                0x08001814                DMA1_Stream4_IRQHandler
                0x08001814                I2C1_ER_IRQHandler
                0x08001814                DMA2_Stream6_IRQHandler
                0x08001814                DMA1_Stream3_IRQHandler
 *fill*         0x08001816        0x2 
 .text.__libc_init_array
                0x08001818       0x4c c:/program files (x86)/atollic/truestudio for arm 5.5.2/armtools/bin/../lib/gcc/arm-atollic-eabi/5.3.1/../../../../arm-atollic-eabi/lib/armv7e-m/fpu\libc.a(lib_a-init.o)
                0x08001818                __libc_init_array
 *(.glue_7)
 .glue_7        0x08001864        0x0 linker stubs
 *(.glue_7t)
 .glue_7t       0x08001864        0x0 linker stubs
 *(.eh_frame)
 .eh_frame      0x08001864        0x0 c:/program files (x86)/atollic/truestudio for arm 5.5.2/armtools/bin/../lib/gcc/arm-atollic-eabi/5.3.1/armv7e-m/fpu/crtbegin.o
 *(.init)
 .init          0x08001864        0x4 c:/program files (x86)/atollic/truestudio for arm 5.5.2/armtools/bin/../lib/gcc/arm-atollic-eabi/5.3.1/armv7e-m/fpu/crti.o
                0x08001864                _init
 .init          0x08001868        0x8 c:/program files (x86)/atollic/truestudio for arm 5.5.2/armtools/bin/../lib/gcc/arm-atollic-eabi/5.3.1/armv7e-m/fpu/crtn.o
 *(.fini)
 .fini          0x08001870        0x4 c:/program files (x86)/atollic/truestudio for arm 5.5.2/armtools/bin/../lib/gcc/arm-atollic-eabi/5.3.1/armv7e-m/fpu/crti.o
                0x08001870                _fini
 .fini          0x08001874        0x8 c:/program files (x86)/atollic/truestudio for arm 5.5.2/armtools/bin/../lib/gcc/arm-atollic-eabi/5.3.1/armv7e-m/fpu/crtn.o
                0x0800187c                . = ALIGN (0x4)
                0x0800187c                _etext = .

.vfp11_veneer   0x0800187c        0x0
 .vfp11_veneer  0x0800187c        0x0 linker stubs

.v4_bx          0x0800187c        0x0
 .v4_bx         0x0800187c        0x0 linker stubs

.iplt           0x0800187c        0x0
 .iplt          0x0800187c        0x0 c:/program files (x86)/atollic/truestudio for arm 5.5.2/armtools/bin/../lib/gcc/arm-atollic-eabi/5.3.1/armv7e-m/fpu/crtbegin.o

.rodata         0x0800187c       0x2c
                0x0800187c                . = ALIGN (0x4)
 *(.rodata)
 .rodata        0x0800187c       0x14 Src\main.o
 *(.rodata*)
 .rodata.APBAHBPrescTable
                0x08001890       0x10 Drivers\STM32F4xx_HAL_Driver\stm32f4xx_hal_rcc.o
                0x08001890                APBAHBPrescTable
 .rodata.flagBitshiftOffset.7212
                0x080018a0        0x8 Drivers\STM32F4xx_HAL_Driver\stm32f4xx_hal_dma.o
                0x080018a8                . = ALIGN (0x4)

.rel.dyn        0x080018a8        0x0
 .rel.iplt      0x080018a8        0x0 c:/program files (x86)/atollic/truestudio for arm 5.5.2/armtools/bin/../lib/gcc/arm-atollic-eabi/5.3.1/armv7e-m/fpu/crtbegin.o

.ARM.extab
 *(.ARM.extab* .gnu.linkonce.armextab.*)

.ARM            0x080018a8        0x0
                0x080018a8                __exidx_start = .
 *(.ARM.exidx*)
                0x080018a8                __exidx_end = .

.preinit_array  0x080018a8        0x0
                0x080018a8                PROVIDE (__preinit_array_start, .)
 *(.preinit_array*)
                0x080018a8                PROVIDE (__preinit_array_end, .)

.init_array     0x080018a8        0x4
                0x080018a8                PROVIDE (__init_array_start, .)
 *(SORT(.init_array.*))
 *(.init_array*)
 .init_array    0x080018a8        0x4 c:/program files (x86)/atollic/truestudio for arm 5.5.2/armtools/bin/../lib/gcc/arm-atollic-eabi/5.3.1/armv7e-m/fpu/crtbegin.o
                0x080018ac                PROVIDE (__init_array_end, .)

.fini_array     0x080018ac        0x4
                [!provide]                PROVIDE (__fini_array_start, .)
 *(SORT(.fini_array.*))
 *(.fini_array*)
 .fini_array    0x080018ac        0x4 c:/program files (x86)/atollic/truestudio for arm 5.5.2/armtools/bin/../lib/gcc/arm-atollic-eabi/5.3.1/armv7e-m/fpu/crtbegin.o
                [!provide]                PROVIDE (__fini_array_end, .)
                0x080018b0                _sidata = LOADADDR (.data)

.data           0x20000000        0x4 load address 0x080018b0
                0x20000000                . = ALIGN (0x4)
                0x20000000                _sdata = .
 *(.data)
 *(.data*)
 .data.SystemCoreClock
                0x20000000        0x4 Drivers\CMSIS\system_stm32f4xx.o
                0x20000000                SystemCoreClock
                0x20000004                . = ALIGN (0x4)
                0x20000004                _edata = .
                0x080018b4                _siccmram = LOADADDR (.ccmram)

.igot.plt       0x20000004        0x0 load address 0x080018b4
 .igot.plt      0x20000004        0x0 c:/program files (x86)/atollic/truestudio for arm 5.5.2/armtools/bin/../lib/gcc/arm-atollic-eabi/5.3.1/armv7e-m/fpu/crtbegin.o

.ccmram         0x10000000        0x0 load address 0x080018b4
                0x10000000                . = ALIGN (0x4)
                0x10000000                _sccmram = .
 *(.ccmram)
 *(.ccmram*)
                0x10000000                . = ALIGN (0x4)
                0x10000000                _eccmram = .
                0x10000000                . = ALIGN (0x4)

.bss            0x20000004      0x180
                0x20000004                _sbss = .
                0x20000004                __bss_start__ = _sbss
 *(.bss)
 .bss           0x20000004       0x1c c:/program files (x86)/atollic/truestudio for arm 5.5.2/armtools/bin/../lib/gcc/arm-atollic-eabi/5.3.1/armv7e-m/fpu/crtbegin.o
 *(.bss*)
 *(COMMON)
 COMMON         0x20000020      0x100 Src\usart.o
                0x20000020                hdma_usart2_rx
                0x20000080                hdma_usart2_tx
                0x200000e0                huart2
 COMMON         0x20000120       0x60 Src\dma.o
                0x20000120                hdma_memtomem_dma2_stream0
 COMMON         0x20000180        0x4 Drivers\STM32F4xx_HAL_Driver\stm32f4xx_hal.o
                0x20000180                uwTick
                0x20000184                . = ALIGN (0x4)
                0x20000184                _ebss = .
                0x20000184                __bss_end__ = _ebss

._user_heap_stack
                0x20000184      0x600
                0x20000184                . = ALIGN (0x4)
                [!provide]                PROVIDE (end, .)
                [!provide]                PROVIDE (_end, .)
                0x20000384                . = (. + _Min_Heap_Size)
 *fill*         0x20000184      0x200 
                0x20000784                . = (. + _Min_Stack_Size)
 *fill*         0x20000384      0x400 
                0x20000784                . = ALIGN (0x4)

/DISCARD/
 libc.a(*)
 libm.a(*)
 libgcc.a(*)

.ARM.attributes
                0x00000000       0x30
 *(.ARM.attributes)
 .ARM.attributes
                0x00000000       0x22 c:/program files (x86)/atollic/truestudio for arm 5.5.2/armtools/bin/../lib/gcc/arm-atollic-eabi/5.3.1/armv7e-m/fpu/crti.o
 .ARM.attributes
                0x00000022       0x34 c:/program files (x86)/atollic/truestudio for arm 5.5.2/armtools/bin/../lib/gcc/arm-atollic-eabi/5.3.1/armv7e-m/fpu/crtbegin.o
 .ARM.attributes
                0x00000056       0x39 Src\usart.o
 .ARM.attributes
                0x0000008f       0x39 Src\stm32f4xx_it.o
 .ARM.attributes
                0x000000c8       0x39 Src\stm32f4xx_hal_msp.o
 .ARM.attributes
                0x00000101       0x39 Src\main.o
 .ARM.attributes
                0x0000013a       0x39 Src\gpio.o
 .ARM.attributes
                0x00000173       0x39 Src\dma.o
 .ARM.attributes
                0x000001ac       0x39 Drivers\STM32F4xx_HAL_Driver\stm32f4xx_hal_uart.o
 .ARM.attributes
                0x000001e5       0x39 Drivers\STM32F4xx_HAL_Driver\stm32f4xx_hal_rcc.o
 .ARM.attributes
                0x0000021e       0x39 Drivers\STM32F4xx_HAL_Driver\stm32f4xx_hal_gpio.o
 .ARM.attributes
                0x00000257       0x39 Drivers\STM32F4xx_HAL_Driver\stm32f4xx_hal_dma.o
 .ARM.attributes
                0x00000290       0x39 Drivers\STM32F4xx_HAL_Driver\stm32f4xx_hal_cortex.o
 .ARM.attributes
                0x000002c9       0x39 Drivers\STM32F4xx_HAL_Driver\stm32f4xx_hal.o
 .ARM.attributes
                0x00000302       0x39 Drivers\CMSIS\system_stm32f4xx.o
 .ARM.attributes
                0x0000033b       0x21 Application\TrueSTUDIO\startup_stm32f407xx.o
 .ARM.attributes
                0x0000035c       0x34 c:/program files (x86)/atollic/truestudio for arm 5.5.2/armtools/bin/../lib/gcc/arm-atollic-eabi/5.3.1/../../../../arm-atollic-eabi/lib/armv7e-m/fpu\libc.a(lib_a-init.o)
 .ARM.attributes
                0x00000390       0x22 c:/program files (x86)/atollic/truestudio for arm 5.5.2/armtools/bin/../lib/gcc/arm-atollic-eabi/5.3.1/armv7e-m/fpu/crtn.o
OUTPUT(UART.elf elf32-littlearm)

.debug_info     0x00000000     0x7b60
 .debug_info    0x00000000      0x995 Src\usart.o
 .debug_info    0x00000995      0x3ad Src\stm32f4xx_it.o
 .debug_info    0x00000d42      0x3f0 Src\stm32f4xx_hal_msp.o
 .debug_info    0x00001132      0xe45 Src\main.o
 .debug_info    0x00001f77      0x663 Src\gpio.o
 .debug_info    0x000025da      0x803 Src\dma.o
 .debug_info    0x00002ddd     0x128c Drivers\STM32F4xx_HAL_Driver\stm32f4xx_hal_uart.o
 .debug_info    0x00004069      0xc93 Drivers\STM32F4xx_HAL_Driver\stm32f4xx_hal_rcc.o
 .debug_info    0x00004cfc      0x72d Drivers\STM32F4xx_HAL_Driver\stm32f4xx_hal_gpio.o
 .debug_info    0x00005429      0xa28 Drivers\STM32F4xx_HAL_Driver\stm32f4xx_hal_dma.o
 .debug_info    0x00005e51      0xe7b Drivers\STM32F4xx_HAL_Driver\stm32f4xx_hal_cortex.o
 .debug_info    0x00006ccc      0x8dc Drivers\STM32F4xx_HAL_Driver\stm32f4xx_hal.o
 .debug_info    0x000075a8      0x4d6 Drivers\CMSIS\system_stm32f4xx.o
 .debug_info    0x00007a7e       0xe2 Application\TrueSTUDIO\startup_stm32f407xx.o

.debug_abbrev   0x00000000     0x19f3
 .debug_abbrev  0x00000000      0x1b1 Src\usart.o
 .debug_abbrev  0x000001b1      0x150 Src\stm32f4xx_it.o
 .debug_abbrev  0x00000301       0xc2 Src\stm32f4xx_hal_msp.o
 .debug_abbrev  0x000003c3      0x214 Src\main.o
 .debug_abbrev  0x000005d7      0x14e Src\gpio.o
 .debug_abbrev  0x00000725      0x199 Src\dma.o
 .debug_abbrev  0x000008be      0x2ec Drivers\STM32F4xx_HAL_Driver\stm32f4xx_hal_uart.o
 .debug_abbrev  0x00000baa      0x31e Drivers\STM32F4xx_HAL_Driver\stm32f4xx_hal_rcc.o
 .debug_abbrev  0x00000ec8      0x1c8 Drivers\STM32F4xx_HAL_Driver\stm32f4xx_hal_gpio.o
 .debug_abbrev  0x00001090      0x2dd Drivers\STM32F4xx_HAL_Driver\stm32f4xx_hal_dma.o
 .debug_abbrev  0x0000136d      0x32f Drivers\STM32F4xx_HAL_Driver\stm32f4xx_hal_cortex.o
 .debug_abbrev  0x0000169c      0x244 Drivers\STM32F4xx_HAL_Driver\stm32f4xx_hal.o
 .debug_abbrev  0x000018e0      0x101 Drivers\CMSIS\system_stm32f4xx.o
 .debug_abbrev  0x000019e1       0x12 Application\TrueSTUDIO\startup_stm32f407xx.o

.debug_loc      0x00000000     0x2831
 .debug_loc     0x00000000       0x63 Src\usart.o
 .debug_loc     0x00000063       0xc0 Src\main.o
 .debug_loc     0x00000123     0x1194 Drivers\STM32F4xx_HAL_Driver\stm32f4xx_hal_uart.o
 .debug_loc     0x000012b7      0x49b Drivers\STM32F4xx_HAL_Driver\stm32f4xx_hal_rcc.o
 .debug_loc     0x00001752      0x374 Drivers\STM32F4xx_HAL_Driver\stm32f4xx_hal_gpio.o
 .debug_loc     0x00001ac6      0x757 Drivers\STM32F4xx_HAL_Driver\stm32f4xx_hal_dma.o
 .debug_loc     0x0000221d      0x4ab Drivers\STM32F4xx_HAL_Driver\stm32f4xx_hal_cortex.o
 .debug_loc     0x000026c8       0x92 Drivers\STM32F4xx_HAL_Driver\stm32f4xx_hal.o
 .debug_loc     0x0000275a       0xd7 Drivers\CMSIS\system_stm32f4xx.o

.debug_aranges  0x00000000      0x508
 .debug_aranges
                0x00000000       0x30 Src\usart.o
 .debug_aranges
                0x00000030       0x30 Src\stm32f4xx_it.o
 .debug_aranges
                0x00000060       0x20 Src\stm32f4xx_hal_msp.o
 .debug_aranges
                0x00000080       0x30 Src\main.o
 .debug_aranges
                0x000000b0       0x20 Src\gpio.o
 .debug_aranges
                0x000000d0       0x20 Src\dma.o
 .debug_aranges
                0x000000f0      0x120 Drivers\STM32F4xx_HAL_Driver\stm32f4xx_hal_uart.o
 .debug_aranges
                0x00000210       0x80 Drivers\STM32F4xx_HAL_Driver\stm32f4xx_hal_rcc.o
 .debug_aranges
                0x00000290       0x58 Drivers\STM32F4xx_HAL_Driver\stm32f4xx_hal_gpio.o
 .debug_aranges
                0x000002e8       0x80 Drivers\STM32F4xx_HAL_Driver\stm32f4xx_hal_dma.o
 .debug_aranges
                0x00000368       0x98 Drivers\STM32F4xx_HAL_Driver\stm32f4xx_hal_cortex.o
 .debug_aranges
                0x00000400       0xb8 Drivers\STM32F4xx_HAL_Driver\stm32f4xx_hal.o
 .debug_aranges
                0x000004b8       0x28 Drivers\CMSIS\system_stm32f4xx.o
 .debug_aranges
                0x000004e0       0x28 Application\TrueSTUDIO\startup_stm32f407xx.o

.debug_ranges   0x00000000      0x6e0
 .debug_ranges  0x00000000       0x38 Src\usart.o
 .debug_ranges  0x00000038       0x20 Src\stm32f4xx_it.o
 .debug_ranges  0x00000058       0x10 Src\stm32f4xx_hal_msp.o
 .debug_ranges  0x00000068       0x40 Src\main.o
 .debug_ranges  0x000000a8       0x40 Src\gpio.o
 .debug_ranges  0x000000e8       0x40 Src\dma.o
 .debug_ranges  0x00000128      0x128 Drivers\STM32F4xx_HAL_Driver\stm32f4xx_hal_uart.o
 .debug_ranges  0x00000250      0x150 Drivers\STM32F4xx_HAL_Driver\stm32f4xx_hal_rcc.o
 .debug_ranges  0x000003a0       0x70 Drivers\STM32F4xx_HAL_Driver\stm32f4xx_hal_gpio.o
 .debug_ranges  0x00000410       0xa8 Drivers\STM32F4xx_HAL_Driver\stm32f4xx_hal_dma.o
 .debug_ranges  0x000004b8      0x148 Drivers\STM32F4xx_HAL_Driver\stm32f4xx_hal_cortex.o
 .debug_ranges  0x00000600       0xa8 Drivers\STM32F4xx_HAL_Driver\stm32f4xx_hal.o
 .debug_ranges  0x000006a8       0x18 Drivers\CMSIS\system_stm32f4xx.o
 .debug_ranges  0x000006c0       0x20 Application\TrueSTUDIO\startup_stm32f407xx.o

.debug_line     0x00000000     0x3af0
 .debug_line    0x00000000      0x33b Src\usart.o
 .debug_line    0x0000033b      0x2e0 Src\stm32f4xx_it.o
 .debug_line    0x0000061b      0x289 Src\stm32f4xx_hal_msp.o
 .debug_line    0x000008a4      0x3ab Src\main.o
 .debug_line    0x00000c4f      0x2fa Src\gpio.o
 .debug_line    0x00000f49      0x2cb Src\dma.o
 .debug_line    0x00001214      0xaa6 Drivers\STM32F4xx_HAL_Driver\stm32f4xx_hal_uart.o
 .debug_line    0x00001cba      0x65a Drivers\STM32F4xx_HAL_Driver\stm32f4xx_hal_rcc.o
 .debug_line    0x00002314      0x4b6 Drivers\STM32F4xx_HAL_Driver\stm32f4xx_hal_gpio.o
 .debug_line    0x000027ca      0x625 Drivers\STM32F4xx_HAL_Driver\stm32f4xx_hal_dma.o
 .debug_line    0x00002def      0x4de Drivers\STM32F4xx_HAL_Driver\stm32f4xx_hal_cortex.o
 .debug_line    0x000032cd      0x497 Drivers\STM32F4xx_HAL_Driver\stm32f4xx_hal.o
 .debug_line    0x00003764      0x2a3 Drivers\CMSIS\system_stm32f4xx.o
 .debug_line    0x00003a07       0xe9 Application\TrueSTUDIO\startup_stm32f407xx.o

.debug_str      0x00000000     0x2087
 .debug_str     0x00000000      0x79e Src\usart.o
                                0x829 (size before relaxing)
 .debug_str     0x0000079e       0x8c Src\stm32f4xx_it.o
                                0x4b4 (size before relaxing)
 .debug_str     0x0000082a      0x54c Src\stm32f4xx_hal_msp.o
                                0x70a (size before relaxing)
 .debug_str     0x00000d76      0x269 Src\main.o
                                0xec0 (size before relaxing)
 .debug_str     0x00000fdf        0xe Src\gpio.o
                                0x3ab (size before relaxing)
 .debug_str     0x00000fed       0x3b Src\dma.o
                                0xa9d (size before relaxing)
 .debug_str     0x00001028      0x3ea Drivers\STM32F4xx_HAL_Driver\stm32f4xx_hal_uart.o
                                0xa70 (size before relaxing)
 .debug_str     0x00001412      0x1d1 Drivers\STM32F4xx_HAL_Driver\stm32f4xx_hal_rcc.o
                                0x719 (size before relaxing)
 .debug_str     0x000015e3      0x15e Drivers\STM32F4xx_HAL_Driver\stm32f4xx_hal_gpio.o
                                0x54d (size before relaxing)
 .debug_str     0x00001741      0x2f0 Drivers\STM32F4xx_HAL_Driver\stm32f4xx_hal_dma.o
                                0x7e3 (size before relaxing)
 .debug_str     0x00001a31      0x3ac Drivers\STM32F4xx_HAL_Driver\stm32f4xx_hal_cortex.o
                                0xc45 (size before relaxing)
 .debug_str     0x00001ddd      0x1fb Drivers\STM32F4xx_HAL_Driver\stm32f4xx_hal.o
                                0xae5 (size before relaxing)
 .debug_str     0x00001fd8       0xaf Drivers\CMSIS\system_stm32f4xx.o
                                0x3fe (size before relaxing)

.comment        0x00000000       0x7e
 .comment       0x00000000       0x7e Src\usart.o
                                 0x7f (size before relaxing)
 .comment       0x0000007e       0x7f Src\stm32f4xx_it.o
 .comment       0x0000007e       0x7f Src\stm32f4xx_hal_msp.o
 .comment       0x0000007e       0x7f Src\main.o
 .comment       0x0000007e       0x7f Src\gpio.o
 .comment       0x0000007e       0x7f Src\dma.o
 .comment       0x0000007e       0x7f Drivers\STM32F4xx_HAL_Driver\stm32f4xx_hal_uart.o
 .comment       0x0000007e       0x7f Drivers\STM32F4xx_HAL_Driver\stm32f4xx_hal_rcc.o
 .comment       0x0000007e       0x7f Drivers\STM32F4xx_HAL_Driver\stm32f4xx_hal_gpio.o
 .comment       0x0000007e       0x7f Drivers\STM32F4xx_HAL_Driver\stm32f4xx_hal_dma.o
 .comment       0x0000007e       0x7f Drivers\STM32F4xx_HAL_Driver\stm32f4xx_hal_cortex.o
 .comment       0x0000007e       0x7f Drivers\STM32F4xx_HAL_Driver\stm32f4xx_hal.o
 .comment       0x0000007e       0x7f Drivers\CMSIS\system_stm32f4xx.o

.debug_frame    0x00000000      0xb94
 .debug_frame   0x00000000       0x74 Src\usart.o
 .debug_frame   0x00000074       0x4c Src\stm32f4xx_it.o
 .debug_frame   0x000000c0       0x2c Src\stm32f4xx_hal_msp.o
 .debug_frame   0x000000ec       0x60 Src\main.o
 .debug_frame   0x0000014c       0x3c Src\gpio.o
 .debug_frame   0x00000188       0x2c Src\dma.o
 .debug_frame   0x000001b4      0x374 Drivers\STM32F4xx_HAL_Driver\stm32f4xx_hal_uart.o
 .debug_frame   0x00000528      0x138 Drivers\STM32F4xx_HAL_Driver\stm32f4xx_hal_rcc.o
 .debug_frame   0x00000660       0xd4 Drivers\STM32F4xx_HAL_Driver\stm32f4xx_hal_gpio.o
 .debug_frame   0x00000734      0x150 Drivers\STM32F4xx_HAL_Driver\stm32f4xx_hal_dma.o
 .debug_frame   0x00000884      0x130 Drivers\STM32F4xx_HAL_Driver\stm32f4xx_hal_cortex.o
 .debug_frame   0x000009b4      0x184 Drivers\STM32F4xx_HAL_Driver\stm32f4xx_hal.o
 .debug_frame   0x00000b38       0x30 Drivers\CMSIS\system_stm32f4xx.o
 .debug_frame   0x00000b68       0x2c c:/program files (x86)/atollic/truestudio for arm 5.5.2/armtools/bin/../lib/gcc/arm-atollic-eabi/5.3.1/../../../../arm-atollic-eabi/lib/armv7e-m/fpu\libc.a(lib_a-init.o)

Cross Reference Table

Symbol                                            File
ADC_IRQHandler                                    Application\TrueSTUDIO\startup_stm32f407xx.o
AHBPrescTable                                     Drivers\CMSIS\system_stm32f4xx.o
APBAHBPrescTable                                  Drivers\STM32F4xx_HAL_Driver\stm32f4xx_hal_rcc.o
BusFault_Handler                                  Application\TrueSTUDIO\startup_stm32f407xx.o
CAN1_RX0_IRQHandler                               Application\TrueSTUDIO\startup_stm32f407xx.o
CAN1_RX1_IRQHandler                               Application\TrueSTUDIO\startup_stm32f407xx.o
CAN1_SCE_IRQHandler                               Application\TrueSTUDIO\startup_stm32f407xx.o
CAN1_TX_IRQHandler                                Application\TrueSTUDIO\startup_stm32f407xx.o
CAN2_RX0_IRQHandler                               Application\TrueSTUDIO\startup_stm32f407xx.o
CAN2_RX1_IRQHandler                               Application\TrueSTUDIO\startup_stm32f407xx.o
CAN2_SCE_IRQHandler                               Application\TrueSTUDIO\startup_stm32f407xx.o
CAN2_TX_IRQHandler                                Application\TrueSTUDIO\startup_stm32f407xx.o
DCMI_IRQHandler                                   Application\TrueSTUDIO\startup_stm32f407xx.o
DMA1_Stream0_IRQHandler                           Application\TrueSTUDIO\startup_stm32f407xx.o
DMA1_Stream1_IRQHandler                           Application\TrueSTUDIO\startup_stm32f407xx.o
DMA1_Stream2_IRQHandler                           Application\TrueSTUDIO\startup_stm32f407xx.o
DMA1_Stream3_IRQHandler                           Application\TrueSTUDIO\startup_stm32f407xx.o
DMA1_Stream4_IRQHandler                           Application\TrueSTUDIO\startup_stm32f407xx.o
DMA1_Stream5_IRQHandler                           Src\stm32f4xx_it.o
DMA1_Stream6_IRQHandler                           Src\stm32f4xx_it.o
DMA1_Stream7_IRQHandler                           Application\TrueSTUDIO\startup_stm32f407xx.o
DMA2_Stream0_IRQHandler                           Application\TrueSTUDIO\startup_stm32f407xx.o
DMA2_Stream1_IRQHandler                           Application\TrueSTUDIO\startup_stm32f407xx.o
DMA2_Stream2_IRQHandler                           Application\TrueSTUDIO\startup_stm32f407xx.o
DMA2_Stream3_IRQHandler                           Application\TrueSTUDIO\startup_stm32f407xx.o
DMA2_Stream4_IRQHandler                           Application\TrueSTUDIO\startup_stm32f407xx.o
DMA2_Stream5_IRQHandler                           Application\TrueSTUDIO\startup_stm32f407xx.o
DMA2_Stream6_IRQHandler                           Application\TrueSTUDIO\startup_stm32f407xx.o
DMA2_Stream7_IRQHandler                           Application\TrueSTUDIO\startup_stm32f407xx.o
DebugMon_Handler                                  Application\TrueSTUDIO\startup_stm32f407xx.o
Default_Handler                                   Application\TrueSTUDIO\startup_stm32f407xx.o
ETH_IRQHandler                                    Application\TrueSTUDIO\startup_stm32f407xx.o
ETH_WKUP_IRQHandler                               Application\TrueSTUDIO\startup_stm32f407xx.o
EXTI0_IRQHandler                                  Application\TrueSTUDIO\startup_stm32f407xx.o
EXTI15_10_IRQHandler                              Application\TrueSTUDIO\startup_stm32f407xx.o
EXTI1_IRQHandler                                  Application\TrueSTUDIO\startup_stm32f407xx.o
EXTI2_IRQHandler                                  Application\TrueSTUDIO\startup_stm32f407xx.o
EXTI3_IRQHandler                                  Application\TrueSTUDIO\startup_stm32f407xx.o
EXTI4_IRQHandler                                  Application\TrueSTUDIO\startup_stm32f407xx.o
EXTI9_5_IRQHandler                                Application\TrueSTUDIO\startup_stm32f407xx.o
Error_Handler                                     Src\main.o
                                                  Src\dma.o
                                                  Src\usart.o
FLASH_Erase_Sector                                Drivers\STM32F4xx_HAL_Driver\stm32f4xx_hal_flash_ex.o
                                                  Drivers\STM32F4xx_HAL_Driver\stm32f4xx_hal_flash.o
FLASH_FlushCaches                                 Drivers\STM32F4xx_HAL_Driver\stm32f4xx_hal_flash_ex.o
                                                  Drivers\STM32F4xx_HAL_Driver\stm32f4xx_hal_flash.o
FLASH_IRQHandler                                  Application\TrueSTUDIO\startup_stm32f407xx.o
FLASH_WaitForLastOperation                        Drivers\STM32F4xx_HAL_Driver\stm32f4xx_hal_flash.o
                                                  Drivers\STM32F4xx_HAL_Driver\stm32f4xx_hal_flash_ex.o
FPU_IRQHandler                                    Application\TrueSTUDIO\startup_stm32f407xx.o
FSMC_IRQHandler                                   Application\TrueSTUDIO\startup_stm32f407xx.o
HAL_DBGMCU_DisableDBGSleepMode                    Drivers\STM32F4xx_HAL_Driver\stm32f4xx_hal.o
HAL_DBGMCU_DisableDBGStandbyMode                  Drivers\STM32F4xx_HAL_Driver\stm32f4xx_hal.o
HAL_DBGMCU_DisableDBGStopMode                     Drivers\STM32F4xx_HAL_Driver\stm32f4xx_hal.o
HAL_DBGMCU_EnableDBGSleepMode                     Drivers\STM32F4xx_HAL_Driver\stm32f4xx_hal.o
HAL_DBGMCU_EnableDBGStandbyMode                   Drivers\STM32F4xx_HAL_Driver\stm32f4xx_hal.o
HAL_DBGMCU_EnableDBGStopMode                      Drivers\STM32F4xx_HAL_Driver\stm32f4xx_hal.o
HAL_DMAEx_ChangeMemory                            Drivers\STM32F4xx_HAL_Driver\stm32f4xx_hal_dma_ex.o
HAL_DMAEx_MultiBufferStart                        Drivers\STM32F4xx_HAL_Driver\stm32f4xx_hal_dma_ex.o
HAL_DMAEx_MultiBufferStart_IT                     Drivers\STM32F4xx_HAL_Driver\stm32f4xx_hal_dma_ex.o
HAL_DMA_Abort                                     Drivers\STM32F4xx_HAL_Driver\stm32f4xx_hal_dma.o
                                                  Drivers\STM32F4xx_HAL_Driver\stm32f4xx_hal_uart.o
HAL_DMA_Abort_IT                                  Drivers\STM32F4xx_HAL_Driver\stm32f4xx_hal_dma.o
                                                  Drivers\STM32F4xx_HAL_Driver\stm32f4xx_hal_uart.o
HAL_DMA_DeInit                                    Drivers\STM32F4xx_HAL_Driver\stm32f4xx_hal_dma.o
                                                  Src\usart.o
HAL_DMA_GetError                                  Drivers\STM32F4xx_HAL_Driver\stm32f4xx_hal_dma.o
HAL_DMA_GetState                                  Drivers\STM32F4xx_HAL_Driver\stm32f4xx_hal_dma.o
HAL_DMA_IRQHandler                                Drivers\STM32F4xx_HAL_Driver\stm32f4xx_hal_dma.o
                                                  Src\stm32f4xx_it.o
HAL_DMA_Init                                      Drivers\STM32F4xx_HAL_Driver\stm32f4xx_hal_dma.o
                                                  Src\dma.o
                                                  Src\usart.o
HAL_DMA_PollForTransfer                           Drivers\STM32F4xx_HAL_Driver\stm32f4xx_hal_dma.o
HAL_DMA_RegisterCallback                          Drivers\STM32F4xx_HAL_Driver\stm32f4xx_hal_dma.o
HAL_DMA_Start                                     Drivers\STM32F4xx_HAL_Driver\stm32f4xx_hal_dma.o
HAL_DMA_Start_IT                                  Drivers\STM32F4xx_HAL_Driver\stm32f4xx_hal_dma.o
                                                  Drivers\STM32F4xx_HAL_Driver\stm32f4xx_hal_uart.o
HAL_DMA_UnRegisterCallback                        Drivers\STM32F4xx_HAL_Driver\stm32f4xx_hal_dma.o
HAL_DeInit                                        Drivers\STM32F4xx_HAL_Driver\stm32f4xx_hal.o
HAL_Delay                                         Drivers\STM32F4xx_HAL_Driver\stm32f4xx_hal.o
                                                  Src\main.o
HAL_DisableCompensationCell                       Drivers\STM32F4xx_HAL_Driver\stm32f4xx_hal.o
HAL_EnableCompensationCell                        Drivers\STM32F4xx_HAL_Driver\stm32f4xx_hal.o
HAL_FLASHEx_Erase                                 Drivers\STM32F4xx_HAL_Driver\stm32f4xx_hal_flash_ex.o
HAL_FLASHEx_Erase_IT                              Drivers\STM32F4xx_HAL_Driver\stm32f4xx_hal_flash_ex.o
HAL_FLASHEx_OBGetConfig                           Drivers\STM32F4xx_HAL_Driver\stm32f4xx_hal_flash_ex.o
HAL_FLASHEx_OBProgram                             Drivers\STM32F4xx_HAL_Driver\stm32f4xx_hal_flash_ex.o
HAL_FLASH_EndOfOperationCallback                  Drivers\STM32F4xx_HAL_Driver\stm32f4xx_hal_flash.o
HAL_FLASH_GetError                                Drivers\STM32F4xx_HAL_Driver\stm32f4xx_hal_flash.o
HAL_FLASH_IRQHandler                              Drivers\STM32F4xx_HAL_Driver\stm32f4xx_hal_flash.o
HAL_FLASH_Lock                                    Drivers\STM32F4xx_HAL_Driver\stm32f4xx_hal_flash.o
HAL_FLASH_OB_Launch                               Drivers\STM32F4xx_HAL_Driver\stm32f4xx_hal_flash.o
HAL_FLASH_OB_Lock                                 Drivers\STM32F4xx_HAL_Driver\stm32f4xx_hal_flash.o
HAL_FLASH_OB_Unlock                               Drivers\STM32F4xx_HAL_Driver\stm32f4xx_hal_flash.o
HAL_FLASH_OperationErrorCallback                  Drivers\STM32F4xx_HAL_Driver\stm32f4xx_hal_flash.o
HAL_FLASH_Program                                 Drivers\STM32F4xx_HAL_Driver\stm32f4xx_hal_flash.o
HAL_FLASH_Program_IT                              Drivers\STM32F4xx_HAL_Driver\stm32f4xx_hal_flash.o
HAL_FLASH_Unlock                                  Drivers\STM32F4xx_HAL_Driver\stm32f4xx_hal_flash.o
HAL_GPIO_DeInit                                   Drivers\STM32F4xx_HAL_Driver\stm32f4xx_hal_gpio.o
                                                  Src\usart.o
HAL_GPIO_EXTI_Callback                            Drivers\STM32F4xx_HAL_Driver\stm32f4xx_hal_gpio.o
HAL_GPIO_EXTI_IRQHandler                          Drivers\STM32F4xx_HAL_Driver\stm32f4xx_hal_gpio.o
HAL_GPIO_Init                                     Drivers\STM32F4xx_HAL_Driver\stm32f4xx_hal_gpio.o
                                                  Drivers\STM32F4xx_HAL_Driver\stm32f4xx_hal_rcc.o
                                                  Src\gpio.o
                                                  Src\usart.o
HAL_GPIO_LockPin                                  Drivers\STM32F4xx_HAL_Driver\stm32f4xx_hal_gpio.o
HAL_GPIO_ReadPin                                  Drivers\STM32F4xx_HAL_Driver\stm32f4xx_hal_gpio.o
HAL_GPIO_TogglePin                                Drivers\STM32F4xx_HAL_Driver\stm32f4xx_hal_gpio.o
HAL_GPIO_WritePin                                 Drivers\STM32F4xx_HAL_Driver\stm32f4xx_hal_gpio.o
                                                  Src\gpio.o
                                                  Src\main.o
HAL_GetDEVID                                      Drivers\STM32F4xx_HAL_Driver\stm32f4xx_hal.o
HAL_GetHalVersion                                 Drivers\STM32F4xx_HAL_Driver\stm32f4xx_hal.o
HAL_GetREVID                                      Drivers\STM32F4xx_HAL_Driver\stm32f4xx_hal.o
HAL_GetTick                                       Drivers\STM32F4xx_HAL_Driver\stm32f4xx_hal.o
                                                  Drivers\STM32F4xx_HAL_Driver\stm32f4xx_hal_dma.o
                                                  Drivers\STM32F4xx_HAL_Driver\stm32f4xx_hal_flash.o
                                                  Drivers\STM32F4xx_HAL_Driver\stm32f4xx_hal_pwr_ex.o
                                                  Drivers\STM32F4xx_HAL_Driver\stm32f4xx_hal_rcc.o
                                                  Drivers\STM32F4xx_HAL_Driver\stm32f4xx_hal_rcc_ex.o
                                                  Drivers\STM32F4xx_HAL_Driver\stm32f4xx_hal_uart.o
HAL_HalfDuplex_EnableReceiver                     Drivers\STM32F4xx_HAL_Driver\stm32f4xx_hal_uart.o
HAL_HalfDuplex_EnableTransmitter                  Drivers\STM32F4xx_HAL_Driver\stm32f4xx_hal_uart.o
HAL_HalfDuplex_Init                               Drivers\STM32F4xx_HAL_Driver\stm32f4xx_hal_uart.o
HAL_IncTick                                       Drivers\STM32F4xx_HAL_Driver\stm32f4xx_hal.o
                                                  Src\stm32f4xx_it.o
HAL_Init                                          Drivers\STM32F4xx_HAL_Driver\stm32f4xx_hal.o
                                                  Src\main.o
HAL_InitTick                                      Drivers\STM32F4xx_HAL_Driver\stm32f4xx_hal.o
                                                  Drivers\STM32F4xx_HAL_Driver\stm32f4xx_hal_rcc.o
HAL_LIN_Init                                      Drivers\STM32F4xx_HAL_Driver\stm32f4xx_hal_uart.o
HAL_LIN_SendBreak                                 Drivers\STM32F4xx_HAL_Driver\stm32f4xx_hal_uart.o
HAL_MPU_ConfigRegion                              Drivers\STM32F4xx_HAL_Driver\stm32f4xx_hal_cortex.o
HAL_MspDeInit                                     Drivers\STM32F4xx_HAL_Driver\stm32f4xx_hal.o
HAL_MspInit                                       Src\stm32f4xx_hal_msp.o
HAL_MultiProcessor_EnterMuteMode                  Drivers\STM32F4xx_HAL_Driver\stm32f4xx_hal_uart.o
HAL_MultiProcessor_ExitMuteMode                   Drivers\STM32F4xx_HAL_Driver\stm32f4xx_hal_uart.o
HAL_MultiProcessor_Init                           Drivers\STM32F4xx_HAL_Driver\stm32f4xx_hal_uart.o
HAL_NVIC_ClearPendingIRQ                          Drivers\STM32F4xx_HAL_Driver\stm32f4xx_hal_cortex.o
HAL_NVIC_DisableIRQ                               Drivers\STM32F4xx_HAL_Driver\stm32f4xx_hal_cortex.o
HAL_NVIC_EnableIRQ                                Drivers\STM32F4xx_HAL_Driver\stm32f4xx_hal_cortex.o
                                                  Src\dma.o
HAL_NVIC_GetActive                                Drivers\STM32F4xx_HAL_Driver\stm32f4xx_hal_cortex.o
HAL_NVIC_GetPendingIRQ                            Drivers\STM32F4xx_HAL_Driver\stm32f4xx_hal_cortex.o
HAL_NVIC_GetPriority                              Drivers\STM32F4xx_HAL_Driver\stm32f4xx_hal_cortex.o
HAL_NVIC_GetPriorityGrouping                      Drivers\STM32F4xx_HAL_Driver\stm32f4xx_hal_cortex.o
HAL_NVIC_SetPendingIRQ                            Drivers\STM32F4xx_HAL_Driver\stm32f4xx_hal_cortex.o
HAL_NVIC_SetPriority                              Drivers\STM32F4xx_HAL_Driver\stm32f4xx_hal_cortex.o
                                                  Drivers\STM32F4xx_HAL_Driver\stm32f4xx_hal.o
                                                  Src\dma.o
                                                  Src\main.o
                                                  Src\stm32f4xx_hal_msp.o
HAL_NVIC_SetPriorityGrouping                      Drivers\STM32F4xx_HAL_Driver\stm32f4xx_hal_cortex.o
                                                  Drivers\STM32F4xx_HAL_Driver\stm32f4xx_hal.o
                                                  Src\stm32f4xx_hal_msp.o
HAL_NVIC_SystemReset                              Drivers\STM32F4xx_HAL_Driver\stm32f4xx_hal_cortex.o
HAL_PWREx_ControlVoltageScaling                   Drivers\STM32F4xx_HAL_Driver\stm32f4xx_hal_pwr_ex.o
HAL_PWREx_DisableBkUpReg                          Drivers\STM32F4xx_HAL_Driver\stm32f4xx_hal_pwr_ex.o
HAL_PWREx_DisableFlashPowerDown                   Drivers\STM32F4xx_HAL_Driver\stm32f4xx_hal_pwr_ex.o
HAL_PWREx_EnableBkUpReg                           Drivers\STM32F4xx_HAL_Driver\stm32f4xx_hal_pwr_ex.o
HAL_PWREx_EnableFlashPowerDown                    Drivers\STM32F4xx_HAL_Driver\stm32f4xx_hal_pwr_ex.o
HAL_PWREx_GetVoltageRange                         Drivers\STM32F4xx_HAL_Driver\stm32f4xx_hal_pwr_ex.o
HAL_PWR_ConfigPVD                                 Drivers\STM32F4xx_HAL_Driver\stm32f4xx_hal_pwr.o
HAL_PWR_DeInit                                    Drivers\STM32F4xx_HAL_Driver\stm32f4xx_hal_pwr.o
HAL_PWR_DisableBkUpAccess                         Drivers\STM32F4xx_HAL_Driver\stm32f4xx_hal_pwr.o
HAL_PWR_DisablePVD                                Drivers\STM32F4xx_HAL_Driver\stm32f4xx_hal_pwr.o
HAL_PWR_DisableSEVOnPend                          Drivers\STM32F4xx_HAL_Driver\stm32f4xx_hal_pwr.o
HAL_PWR_DisableSleepOnExit                        Drivers\STM32F4xx_HAL_Driver\stm32f4xx_hal_pwr.o
HAL_PWR_DisableWakeUpPin                          Drivers\STM32F4xx_HAL_Driver\stm32f4xx_hal_pwr.o
HAL_PWR_EnableBkUpAccess                          Drivers\STM32F4xx_HAL_Driver\stm32f4xx_hal_pwr.o
HAL_PWR_EnablePVD                                 Drivers\STM32F4xx_HAL_Driver\stm32f4xx_hal_pwr.o
HAL_PWR_EnableSEVOnPend                           Drivers\STM32F4xx_HAL_Driver\stm32f4xx_hal_pwr.o
HAL_PWR_EnableSleepOnExit                         Drivers\STM32F4xx_HAL_Driver\stm32f4xx_hal_pwr.o
HAL_PWR_EnableWakeUpPin                           Drivers\STM32F4xx_HAL_Driver\stm32f4xx_hal_pwr.o
HAL_PWR_EnterSLEEPMode                            Drivers\STM32F4xx_HAL_Driver\stm32f4xx_hal_pwr.o
HAL_PWR_EnterSTANDBYMode                          Drivers\STM32F4xx_HAL_Driver\stm32f4xx_hal_pwr.o
HAL_PWR_EnterSTOPMode                             Drivers\STM32F4xx_HAL_Driver\stm32f4xx_hal_pwr.o
HAL_PWR_PVDCallback                               Drivers\STM32F4xx_HAL_Driver\stm32f4xx_hal_pwr.o
HAL_PWR_PVD_IRQHandler                            Drivers\STM32F4xx_HAL_Driver\stm32f4xx_hal_pwr.o
HAL_RCCEx_GetPeriphCLKConfig                      Drivers\STM32F4xx_HAL_Driver\stm32f4xx_hal_rcc_ex.o
HAL_RCCEx_PeriphCLKConfig                         Drivers\STM32F4xx_HAL_Driver\stm32f4xx_hal_rcc_ex.o
HAL_RCC_CSSCallback                               Drivers\STM32F4xx_HAL_Driver\stm32f4xx_hal_rcc.o
HAL_RCC_ClockConfig                               Drivers\STM32F4xx_HAL_Driver\stm32f4xx_hal_rcc.o
                                                  Src\main.o
HAL_RCC_DeInit                                    Drivers\STM32F4xx_HAL_Driver\stm32f4xx_hal_rcc_ex.o
HAL_RCC_DisableCSS                                Drivers\STM32F4xx_HAL_Driver\stm32f4xx_hal_rcc.o
HAL_RCC_EnableCSS                                 Drivers\STM32F4xx_HAL_Driver\stm32f4xx_hal_rcc.o
HAL_RCC_GetClockConfig                            Drivers\STM32F4xx_HAL_Driver\stm32f4xx_hal_rcc.o
HAL_RCC_GetHCLKFreq                               Drivers\STM32F4xx_HAL_Driver\stm32f4xx_hal_rcc.o
                                                  Src\main.o
HAL_RCC_GetOscConfig                              Drivers\STM32F4xx_HAL_Driver\stm32f4xx_hal_rcc.o
HAL_RCC_GetPCLK1Freq                              Drivers\STM32F4xx_HAL_Driver\stm32f4xx_hal_rcc.o
                                                  Drivers\STM32F4xx_HAL_Driver\stm32f4xx_hal_uart.o
HAL_RCC_GetPCLK2Freq                              Drivers\STM32F4xx_HAL_Driver\stm32f4xx_hal_rcc.o
                                                  Drivers\STM32F4xx_HAL_Driver\stm32f4xx_hal_uart.o
HAL_RCC_GetSysClockFreq                           Drivers\STM32F4xx_HAL_Driver\stm32f4xx_hal_rcc.o
HAL_RCC_MCOConfig                                 Drivers\STM32F4xx_HAL_Driver\stm32f4xx_hal_rcc.o
HAL_RCC_NMI_IRQHandler                            Drivers\STM32F4xx_HAL_Driver\stm32f4xx_hal_rcc.o
HAL_RCC_OscConfig                                 Drivers\STM32F4xx_HAL_Driver\stm32f4xx_hal_rcc.o
                                                  Src\main.o
HAL_ResumeTick                                    Drivers\STM32F4xx_HAL_Driver\stm32f4xx_hal.o
HAL_SYSTICK_CLKSourceConfig                       Drivers\STM32F4xx_HAL_Driver\stm32f4xx_hal_cortex.o
                                                  Src\main.o
HAL_SYSTICK_Callback                              Drivers\STM32F4xx_HAL_Driver\stm32f4xx_hal_cortex.o
HAL_SYSTICK_Config                                Drivers\STM32F4xx_HAL_Driver\stm32f4xx_hal_cortex.o
                                                  Drivers\STM32F4xx_HAL_Driver\stm32f4xx_hal.o
                                                  Src\main.o
HAL_SYSTICK_IRQHandler                            Drivers\STM32F4xx_HAL_Driver\stm32f4xx_hal_cortex.o
                                                  Src\stm32f4xx_it.o
HAL_SuspendTick                                   Drivers\STM32F4xx_HAL_Driver\stm32f4xx_hal.o
HAL_UART_DMAPause                                 Drivers\STM32F4xx_HAL_Driver\stm32f4xx_hal_uart.o
HAL_UART_DMAResume                                Drivers\STM32F4xx_HAL_Driver\stm32f4xx_hal_uart.o
HAL_UART_DMAStop                                  Drivers\STM32F4xx_HAL_Driver\stm32f4xx_hal_uart.o
HAL_UART_DeInit                                   Drivers\STM32F4xx_HAL_Driver\stm32f4xx_hal_uart.o
HAL_UART_ErrorCallback                            Drivers\STM32F4xx_HAL_Driver\stm32f4xx_hal_uart.o
HAL_UART_GetError                                 Drivers\STM32F4xx_HAL_Driver\stm32f4xx_hal_uart.o
HAL_UART_GetState                                 Drivers\STM32F4xx_HAL_Driver\stm32f4xx_hal_uart.o
HAL_UART_IRQHandler                               Drivers\STM32F4xx_HAL_Driver\stm32f4xx_hal_uart.o
HAL_UART_Init                                     Drivers\STM32F4xx_HAL_Driver\stm32f4xx_hal_uart.o
                                                  Src\usart.o
HAL_UART_MspDeInit                                Src\usart.o
HAL_UART_MspInit                                  Src\usart.o
HAL_UART_Receive                                  Drivers\STM32F4xx_HAL_Driver\stm32f4xx_hal_uart.o
HAL_UART_Receive_DMA                              Drivers\STM32F4xx_HAL_Driver\stm32f4xx_hal_uart.o
                                                  Src\main.o
HAL_UART_Receive_IT                               Drivers\STM32F4xx_HAL_Driver\stm32f4xx_hal_uart.o
HAL_UART_RxCpltCallback                           Drivers\STM32F4xx_HAL_Driver\stm32f4xx_hal_uart.o
HAL_UART_RxHalfCpltCallback                       Drivers\STM32F4xx_HAL_Driver\stm32f4xx_hal_uart.o
HAL_UART_Transmit                                 Drivers\STM32F4xx_HAL_Driver\stm32f4xx_hal_uart.o
HAL_UART_Transmit_DMA                             Drivers\STM32F4xx_HAL_Driver\stm32f4xx_hal_uart.o
                                                  Src\main.o
HAL_UART_Transmit_IT                              Drivers\STM32F4xx_HAL_Driver\stm32f4xx_hal_uart.o
HAL_UART_TxCpltCallback                           Drivers\STM32F4xx_HAL_Driver\stm32f4xx_hal_uart.o
HAL_UART_TxHalfCpltCallback                       Drivers\STM32F4xx_HAL_Driver\stm32f4xx_hal_uart.o
HASH_RNG_IRQHandler                               Application\TrueSTUDIO\startup_stm32f407xx.o
HardFault_Handler                                 Application\TrueSTUDIO\startup_stm32f407xx.o
I2C1_ER_IRQHandler                                Application\TrueSTUDIO\startup_stm32f407xx.o
I2C1_EV_IRQHandler                                Application\TrueSTUDIO\startup_stm32f407xx.o
I2C2_ER_IRQHandler                                Application\TrueSTUDIO\startup_stm32f407xx.o
I2C2_EV_IRQHandler                                Application\TrueSTUDIO\startup_stm32f407xx.o
I2C3_ER_IRQHandler                                Application\TrueSTUDIO\startup_stm32f407xx.o
I2C3_EV_IRQHandler                                Application\TrueSTUDIO\startup_stm32f407xx.o
MX_DMA_Init                                       Src\dma.o
                                                  Src\main.o
MX_GPIO_Init                                      Src\gpio.o
                                                  Src\main.o
MX_USART2_UART_Init                               Src\usart.o
                                                  Src\main.o
MemManage_Handler                                 Application\TrueSTUDIO\startup_stm32f407xx.o
NMI_Handler                                       Application\TrueSTUDIO\startup_stm32f407xx.o
OTG_FS_IRQHandler                                 Application\TrueSTUDIO\startup_stm32f407xx.o
OTG_FS_WKUP_IRQHandler                            Application\TrueSTUDIO\startup_stm32f407xx.o
OTG_HS_EP1_IN_IRQHandler                          Application\TrueSTUDIO\startup_stm32f407xx.o
OTG_HS_EP1_OUT_IRQHandler                         Application\TrueSTUDIO\startup_stm32f407xx.o
OTG_HS_IRQHandler                                 Application\TrueSTUDIO\startup_stm32f407xx.o
OTG_HS_WKUP_IRQHandler                            Application\TrueSTUDIO\startup_stm32f407xx.o
PVD_IRQHandler                                    Application\TrueSTUDIO\startup_stm32f407xx.o
PendSV_Handler                                    Application\TrueSTUDIO\startup_stm32f407xx.o
RCC_IRQHandler                                    Application\TrueSTUDIO\startup_stm32f407xx.o
RTC_Alarm_IRQHandler                              Application\TrueSTUDIO\startup_stm32f407xx.o
RTC_WKUP_IRQHandler                               Application\TrueSTUDIO\startup_stm32f407xx.o
Reset_Handler                                     Application\TrueSTUDIO\startup_stm32f407xx.o
SDIO_IRQHandler                                   Application\TrueSTUDIO\startup_stm32f407xx.o
SPI1_IRQHandler                                   Application\TrueSTUDIO\startup_stm32f407xx.o
SPI2_IRQHandler                                   Application\TrueSTUDIO\startup_stm32f407xx.o
SPI3_IRQHandler                                   Application\TrueSTUDIO\startup_stm32f407xx.o
SVC_Handler                                       Application\TrueSTUDIO\startup_stm32f407xx.o
SysTick_Handler                                   Src\stm32f4xx_it.o
SystemClock_Config                                Src\main.o
SystemCoreClock                                   Drivers\CMSIS\system_stm32f4xx.o
                                                  Drivers\STM32F4xx_HAL_Driver\stm32f4xx_hal.o
                                                  Drivers\STM32F4xx_HAL_Driver\stm32f4xx_hal_dma.o
                                                  Drivers\STM32F4xx_HAL_Driver\stm32f4xx_hal_rcc.o
                                                  Drivers\STM32F4xx_HAL_Driver\stm32f4xx_hal_rcc_ex.o
SystemCoreClockUpdate                             Drivers\CMSIS\system_stm32f4xx.o
SystemInit                                        Drivers\CMSIS\system_stm32f4xx.o
                                                  Application\TrueSTUDIO\startup_stm32f407xx.o
TAMP_STAMP_IRQHandler                             Application\TrueSTUDIO\startup_stm32f407xx.o
TIM1_BRK_TIM9_IRQHandler                          Application\TrueSTUDIO\startup_stm32f407xx.o
TIM1_CC_IRQHandler                                Application\TrueSTUDIO\startup_stm32f407xx.o
TIM1_TRG_COM_TIM11_IRQHandler                     Application\TrueSTUDIO\startup_stm32f407xx.o
TIM1_UP_TIM10_IRQHandler                          Application\TrueSTUDIO\startup_stm32f407xx.o
TIM2_IRQHandler                                   Application\TrueSTUDIO\startup_stm32f407xx.o
TIM3_IRQHandler                                   Application\TrueSTUDIO\startup_stm32f407xx.o
TIM4_IRQHandler                                   Application\TrueSTUDIO\startup_stm32f407xx.o
TIM5_IRQHandler                                   Application\TrueSTUDIO\startup_stm32f407xx.o
TIM6_DAC_IRQHandler                               Application\TrueSTUDIO\startup_stm32f407xx.o
TIM7_IRQHandler                                   Application\TrueSTUDIO\startup_stm32f407xx.o
TIM8_BRK_TIM12_IRQHandler                         Application\TrueSTUDIO\startup_stm32f407xx.o
TIM8_CC_IRQHandler                                Application\TrueSTUDIO\startup_stm32f407xx.o
TIM8_TRG_COM_TIM14_IRQHandler                     Application\TrueSTUDIO\startup_stm32f407xx.o
TIM8_UP_TIM13_IRQHandler                          Application\TrueSTUDIO\startup_stm32f407xx.o
UART4_IRQHandler                                  Application\TrueSTUDIO\startup_stm32f407xx.o
UART5_IRQHandler                                  Application\TrueSTUDIO\startup_stm32f407xx.o
USART1_IRQHandler                                 Application\TrueSTUDIO\startup_stm32f407xx.o
USART2_IRQHandler                                 Application\TrueSTUDIO\startup_stm32f407xx.o
USART3_IRQHandler                                 Application\TrueSTUDIO\startup_stm32f407xx.o
USART6_IRQHandler                                 Application\TrueSTUDIO\startup_stm32f407xx.o
UsageFault_Handler                                Application\TrueSTUDIO\startup_stm32f407xx.o
WWDG_IRQHandler                                   Application\TrueSTUDIO\startup_stm32f407xx.o
__deregister_frame_info                           c:/program files (x86)/atollic/truestudio for arm 5.5.2/armtools/bin/../lib/gcc/arm-atollic-eabi/5.3.1/armv7e-m/fpu/crtbegin.o
__dso_handle                                      c:/program files (x86)/atollic/truestudio for arm 5.5.2/armtools/bin/../lib/gcc/arm-atollic-eabi/5.3.1/armv7e-m/fpu/crtbegin.o
__init_array_end                                  c:/program files (x86)/atollic/truestudio for arm 5.5.2/armtools/bin/../lib/gcc/arm-atollic-eabi/5.3.1/../../../../arm-atollic-eabi/lib/armv7e-m/fpu\libc.a(lib_a-init.o)
__init_array_start                                c:/program files (x86)/atollic/truestudio for arm 5.5.2/armtools/bin/../lib/gcc/arm-atollic-eabi/5.3.1/../../../../arm-atollic-eabi/lib/armv7e-m/fpu\libc.a(lib_a-init.o)
__libc_init_array                                 c:/program files (x86)/atollic/truestudio for arm 5.5.2/armtools/bin/../lib/gcc/arm-atollic-eabi/5.3.1/../../../../arm-atollic-eabi/lib/armv7e-m/fpu\libc.a(lib_a-init.o)
                                                  Application\TrueSTUDIO\startup_stm32f407xx.o
__preinit_array_end                               c:/program files (x86)/atollic/truestudio for arm 5.5.2/armtools/bin/../lib/gcc/arm-atollic-eabi/5.3.1/../../../../arm-atollic-eabi/lib/armv7e-m/fpu\libc.a(lib_a-init.o)
__preinit_array_start                             c:/program files (x86)/atollic/truestudio for arm 5.5.2/armtools/bin/../lib/gcc/arm-atollic-eabi/5.3.1/../../../../arm-atollic-eabi/lib/armv7e-m/fpu\libc.a(lib_a-init.o)
__register_frame_info                             c:/program files (x86)/atollic/truestudio for arm 5.5.2/armtools/bin/../lib/gcc/arm-atollic-eabi/5.3.1/armv7e-m/fpu/crtbegin.o
_ebss                                             Application\TrueSTUDIO\startup_stm32f407xx.o
_edata                                            Application\TrueSTUDIO\startup_stm32f407xx.o
_estack                                           Application\TrueSTUDIO\startup_stm32f407xx.o
_fini                                             c:/program files (x86)/atollic/truestudio for arm 5.5.2/armtools/bin/../lib/gcc/arm-atollic-eabi/5.3.1/armv7e-m/fpu/crti.o
_init                                             c:/program files (x86)/atollic/truestudio for arm 5.5.2/armtools/bin/../lib/gcc/arm-atollic-eabi/5.3.1/armv7e-m/fpu/crti.o
                                                  c:/program files (x86)/atollic/truestudio for arm 5.5.2/armtools/bin/../lib/gcc/arm-atollic-eabi/5.3.1/../../../../arm-atollic-eabi/lib/armv7e-m/fpu\libc.a(lib_a-init.o)
_sbss                                             Application\TrueSTUDIO\startup_stm32f407xx.o
_sdata                                            Application\TrueSTUDIO\startup_stm32f407xx.o
_sidata                                           Application\TrueSTUDIO\startup_stm32f407xx.o
g_pfnVectors                                      Application\TrueSTUDIO\startup_stm32f407xx.o
hdma_memtomem_dma2_stream0                        Src\dma.o
hdma_usart2_rx                                    Src\usart.o
                                                  Src\stm32f4xx_it.o
hdma_usart2_tx                                    Src\usart.o
                                                  Src\stm32f4xx_it.o
huart2                                            Src\usart.o
                                                  Src\main.o
main                                              Src\main.o
                                                  Application\TrueSTUDIO\startup_stm32f407xx.o
pFlash                                            Drivers\STM32F4xx_HAL_Driver\stm32f4xx_hal_flash.o
                                                  Drivers\STM32F4xx_HAL_Driver\stm32f4xx_hal_flash_ex.o
uwTick                                            Drivers\STM32F4xx_HAL_Driver\stm32f4xx_hal.o
