Archive member included to satisfy reference by file (symbol)

c:/ac6/systemworkbench/plugins/fr.ac6.mcu.externaltools.arm-none.win32_1.7.0.201602121829/tools/compiler/bin/../lib/gcc/arm-none-eabi/5.2.1/../../../../arm-none-eabi/lib/armv7e-m/fpu\libc_nano.a(lib_a-exit.o)
                              c:/ac6/systemworkbench/plugins/fr.ac6.mcu.externaltools.arm-none.win32_1.7.0.201602121829/tools/compiler/bin/../lib/gcc/arm-none-eabi/5.2.1/../../../../arm-none-eabi/lib/armv7e-m/fpu/crt0.o (exit)
c:/ac6/systemworkbench/plugins/fr.ac6.mcu.externaltools.arm-none.win32_1.7.0.201602121829/tools/compiler/bin/../lib/gcc/arm-none-eabi/5.2.1/../../../../arm-none-eabi/lib/armv7e-m/fpu\libc_nano.a(lib_a-impure.o)
                              c:/ac6/systemworkbench/plugins/fr.ac6.mcu.externaltools.arm-none.win32_1.7.0.201602121829/tools/compiler/bin/../lib/gcc/arm-none-eabi/5.2.1/../../../../arm-none-eabi/lib/armv7e-m/fpu\libc_nano.a(lib_a-exit.o) (_global_impure_ptr)
c:/ac6/systemworkbench/plugins/fr.ac6.mcu.externaltools.arm-none.win32_1.7.0.201602121829/tools/compiler/bin/../lib/gcc/arm-none-eabi/5.2.1/../../../../arm-none-eabi/lib/armv7e-m/fpu\libc_nano.a(lib_a-init.o)
                              c:/ac6/systemworkbench/plugins/fr.ac6.mcu.externaltools.arm-none.win32_1.7.0.201602121829/tools/compiler/bin/../lib/gcc/arm-none-eabi/5.2.1/../../../../arm-none-eabi/lib/armv7e-m/fpu/crt0.o (__libc_init_array)
c:/ac6/systemworkbench/plugins/fr.ac6.mcu.externaltools.arm-none.win32_1.7.0.201602121829/tools/compiler/bin/../lib/gcc/arm-none-eabi/5.2.1/../../../../arm-none-eabi/lib/armv7e-m/fpu\libc_nano.a(lib_a-memset.o)
                              c:/ac6/systemworkbench/plugins/fr.ac6.mcu.externaltools.arm-none.win32_1.7.0.201602121829/tools/compiler/bin/../lib/gcc/arm-none-eabi/5.2.1/../../../../arm-none-eabi/lib/armv7e-m/fpu/crt0.o (memset)
c:/ac6/systemworkbench/plugins/fr.ac6.mcu.externaltools.arm-none.win32_1.7.0.201602121829/tools/compiler/bin/../lib/gcc/arm-none-eabi/5.2.1/../../../../arm-none-eabi/lib/armv7e-m/fpu\libnosys.a(_exit.o)
                              c:/ac6/systemworkbench/plugins/fr.ac6.mcu.externaltools.arm-none.win32_1.7.0.201602121829/tools/compiler/bin/../lib/gcc/arm-none-eabi/5.2.1/../../../../arm-none-eabi/lib/armv7e-m/fpu\libc_nano.a(lib_a-exit.o) (_exit)

Allocating common symbols
Common symbol       size              file

uwTick              0x4               Drivers/STM32F4xx_HAL_Driver/stm32f4xx_hal.o
pFlash              0x20              Drivers/STM32F4xx_HAL_Driver/stm32f4xx_hal_flash.o
hadc1               0x48              Src/adc.o
hdma_adc1           0x60              Src/adc.o

Discarded input sections

 .text          0x00000000        0x0 c:/ac6/systemworkbench/plugins/fr.ac6.mcu.externaltools.arm-none.win32_1.7.0.201602121829/tools/compiler/bin/../lib/gcc/arm-none-eabi/5.2.1/armv7e-m/fpu/crti.o
 .data          0x00000000        0x0 c:/ac6/systemworkbench/plugins/fr.ac6.mcu.externaltools.arm-none.win32_1.7.0.201602121829/tools/compiler/bin/../lib/gcc/arm-none-eabi/5.2.1/armv7e-m/fpu/crti.o
 .bss           0x00000000        0x0 c:/ac6/systemworkbench/plugins/fr.ac6.mcu.externaltools.arm-none.win32_1.7.0.201602121829/tools/compiler/bin/../lib/gcc/arm-none-eabi/5.2.1/armv7e-m/fpu/crti.o
 .data          0x00000000        0x4 c:/ac6/systemworkbench/plugins/fr.ac6.mcu.externaltools.arm-none.win32_1.7.0.201602121829/tools/compiler/bin/../lib/gcc/arm-none-eabi/5.2.1/armv7e-m/fpu/crtbegin.o
 .text          0x00000000       0x74 c:/ac6/systemworkbench/plugins/fr.ac6.mcu.externaltools.arm-none.win32_1.7.0.201602121829/tools/compiler/bin/../lib/gcc/arm-none-eabi/5.2.1/../../../../arm-none-eabi/lib/armv7e-m/fpu/crt0.o
 .data          0x00000000        0x0 c:/ac6/systemworkbench/plugins/fr.ac6.mcu.externaltools.arm-none.win32_1.7.0.201602121829/tools/compiler/bin/../lib/gcc/arm-none-eabi/5.2.1/../../../../arm-none-eabi/lib/armv7e-m/fpu/crt0.o
 .bss           0x00000000        0x0 c:/ac6/systemworkbench/plugins/fr.ac6.mcu.externaltools.arm-none.win32_1.7.0.201602121829/tools/compiler/bin/../lib/gcc/arm-none-eabi/5.2.1/../../../../arm-none-eabi/lib/armv7e-m/fpu/crt0.o
 .ARM.extab     0x00000000        0x0 c:/ac6/systemworkbench/plugins/fr.ac6.mcu.externaltools.arm-none.win32_1.7.0.201602121829/tools/compiler/bin/../lib/gcc/arm-none-eabi/5.2.1/../../../../arm-none-eabi/lib/armv7e-m/fpu/crt0.o
 .ARM.exidx     0x00000000        0x8 c:/ac6/systemworkbench/plugins/fr.ac6.mcu.externaltools.arm-none.win32_1.7.0.201602121829/tools/compiler/bin/../lib/gcc/arm-none-eabi/5.2.1/../../../../arm-none-eabi/lib/armv7e-m/fpu/crt0.o
 .ARM.attributes
                0x00000000       0x20 c:/ac6/systemworkbench/plugins/fr.ac6.mcu.externaltools.arm-none.win32_1.7.0.201602121829/tools/compiler/bin/../lib/gcc/arm-none-eabi/5.2.1/../../../../arm-none-eabi/lib/armv7e-m/fpu/crt0.o
 .group         0x00000000        0x8 Src/adc.o
 .group         0x00000000        0x8 Src/adc.o
 .group         0x00000000        0x8 Src/adc.o
[...]
Memory Configuration

Name             Origin             Length             Attributes
FLASH            0x08000000         0x00100000         xr
RAM              0x20000000         0x00020000         xrw
CCMRAM           0x10000000         0x00010000         rw
*default*        0x00000000         0xffffffff

Linker script and memory map

LOAD c:/ac6/systemworkbench/plugins/fr.ac6.mcu.externaltools.arm-none.win32_1.7.0.201602121829/tools/compiler/bin/../lib/gcc/arm-none-eabi/5.2.1/armv7e-m/fpu/crti.o
LOAD c:/ac6/systemworkbench/plugins/fr.ac6.mcu.externaltools.arm-none.win32_1.7.0.201602121829/tools/compiler/bin/../lib/gcc/arm-none-eabi/5.2.1/armv7e-m/fpu/crtbegin.o
LOAD c:/ac6/systemworkbench/plugins/fr.ac6.mcu.externaltools.arm-none.win32_1.7.0.201602121829/tools/compiler/bin/../lib/gcc/arm-none-eabi/5.2.1/../../../../arm-none-eabi/lib/armv7e-m/fpu/crt0.o
LOAD c:/ac6/systemworkbench/plugins/fr.ac6.mcu.externaltools.arm-none.win32_1.7.0.201602121829/tools/compiler/bin/../lib/gcc/arm-none-eabi/5.2.1/../../../../arm-none-eabi/lib/armv7e-m/fpu\libm.a
LOAD Src/adc.o
LOAD Src/dma.o
LOAD Src/gpio.o
LOAD Src/main.o
LOAD Src/stm32f4xx_hal_msp.o
LOAD Src/stm32f4xx_it.o
LOAD Drivers/STM32F4xx_HAL_Driver/stm32f4xx_hal.o
LOAD Drivers/STM32F4xx_HAL_Driver/stm32f4xx_hal_adc.o
LOAD Drivers/STM32F4xx_HAL_Driver/stm32f4xx_hal_adc_ex.o
LOAD Drivers/STM32F4xx_HAL_Driver/stm32f4xx_hal_cortex.o
LOAD Drivers/STM32F4xx_HAL_Driver/stm32f4xx_hal_dma.o
LOAD Drivers/STM32F4xx_HAL_Driver/stm32f4xx_hal_dma_ex.o
LOAD Drivers/STM32F4xx_HAL_Driver/stm32f4xx_hal_flash.o
LOAD Drivers/STM32F4xx_HAL_Driver/stm32f4xx_hal_flash_ex.o
LOAD Drivers/STM32F4xx_HAL_Driver/stm32f4xx_hal_flash_ramfunc.o
LOAD Drivers/STM32F4xx_HAL_Driver/stm32f4xx_hal_gpio.o
LOAD Drivers/STM32F4xx_HAL_Driver/stm32f4xx_hal_pwr.o
LOAD Drivers/STM32F4xx_HAL_Driver/stm32f4xx_hal_pwr_ex.o
LOAD Drivers/STM32F4xx_HAL_Driver/stm32f4xx_hal_rcc.o
LOAD Drivers/STM32F4xx_HAL_Driver/stm32f4xx_hal_rcc_ex.o
LOAD Drivers/STM32F4xx_HAL_Driver/stm32f4xx_hal_tim.o
LOAD Drivers/STM32F4xx_HAL_Driver/stm32f4xx_hal_tim_ex.o
LOAD Drivers/CMSIS/system_stm32f4xx.o
LOAD Application/SW4STM32/startup_stm32f407xx.o
START GROUP
LOAD c:/ac6/systemworkbench/plugins/fr.ac6.mcu.externaltools.arm-none.win32_1.7.0.201602121829/tools/compiler/bin/../lib/gcc/arm-none-eabi/5.2.1/armv7e-m/fpu\libgcc.a
LOAD c:/ac6/systemworkbench/plugins/fr.ac6.mcu.externaltools.arm-none.win32_1.7.0.201602121829/tools/compiler/bin/../lib/gcc/arm-none-eabi/5.2.1/../../../../arm-none-eabi/lib/armv7e-m/fpu\libc_nano.a
END GROUP
START GROUP
LOAD c:/ac6/systemworkbench/plugins/fr.ac6.mcu.externaltools.arm-none.win32_1.7.0.201602121829/tools/compiler/bin/../lib/gcc/arm-none-eabi/5.2.1/armv7e-m/fpu\libgcc.a
LOAD c:/ac6/systemworkbench/plugins/fr.ac6.mcu.externaltools.arm-none.win32_1.7.0.201602121829/tools/compiler/bin/../lib/gcc/arm-none-eabi/5.2.1/../../../../arm-none-eabi/lib/armv7e-m/fpu\libc_nano.a
LOAD c:/ac6/systemworkbench/plugins/fr.ac6.mcu.externaltools.arm-none.win32_1.7.0.201602121829/tools/compiler/bin/../lib/gcc/arm-none-eabi/5.2.1/../../../../arm-none-eabi/lib/armv7e-m/fpu\libnosys.a
END GROUP
START GROUP
LOAD c:/ac6/systemworkbench/plugins/fr.ac6.mcu.externaltools.arm-none.win32_1.7.0.201602121829/tools/compiler/bin/../lib/gcc/arm-none-eabi/5.2.1/armv7e-m/fpu\libgcc.a
LOAD c:/ac6/systemworkbench/plugins/fr.ac6.mcu.externaltools.arm-none.win32_1.7.0.201602121829/tools/compiler/bin/../lib/gcc/arm-none-eabi/5.2.1/../../../../arm-none-eabi/lib/armv7e-m/fpu\libc_nano.a
LOAD c:/ac6/systemworkbench/plugins/fr.ac6.mcu.externaltools.arm-none.win32_1.7.0.201602121829/tools/compiler/bin/../lib/gcc/arm-none-eabi/5.2.1/../../../../arm-none-eabi/lib/armv7e-m/fpu\libnosys.a
END GROUP
LOAD c:/ac6/systemworkbench/plugins/fr.ac6.mcu.externaltools.arm-none.win32_1.7.0.201602121829/tools/compiler/bin/../lib/gcc/arm-none-eabi/5.2.1/armv7e-m/fpu/crtend.o
LOAD c:/ac6/systemworkbench/plugins/fr.ac6.mcu.externaltools.arm-none.win32_1.7.0.201602121829/tools/compiler/bin/../lib/gcc/arm-none-eabi/5.2.1/armv7e-m/fpu/crtn.o
                0x20020000                _estack = 0x20020000
                0x00000200                _Min_Heap_Size = 0x200
                0x00000400                _Min_Stack_Size = 0x400

.isr_vector     0x08000000      0x188
                0x08000000                . = ALIGN (0x4)
 *(.isr_vector)
 .isr_vector    0x08000000      0x188 Application/SW4STM32/startup_stm32f407xx.o
                0x08000000                g_pfnVectors
                0x08000188                . = ALIGN (0x4)

.text           0x08000188     0x155c
                0x08000188                . = ALIGN (0x4)
 *(.text)
 .text          0x08000188       0xa4 c:/ac6/systemworkbench/plugins/fr.ac6.mcu.externaltools.arm-none.win32_1.7.0.201602121829/tools/compiler/bin/../lib/gcc/arm-none-eabi/5.2.1/armv7e-m/fpu/crtbegin.o
 *(.text*)
 .text.MX_ADC1_Init
                0x0800022c       0x50 Src/adc.o
                0x0800022c                MX_ADC1_Init
 .text.HAL_ADC_MspInit
                0x0800027c       0x80 Src/adc.o
                0x0800027c                HAL_ADC_MspInit
 .text.MX_DMA_Init
                0x080002fc       0x34 Src/dma.o
                0x080002fc                MX_DMA_Init
 .text.MX_GPIO_Init
                0x08000330      0x208 Src/gpio.o
                0x08000330                MX_GPIO_Init
 .text.spinLED  0x08000538       0xa4 Src/main.o
                0x08000538                spinLED
 .text.SystemClock_Config
                0x080005dc       0xac Src/main.o
                0x080005dc                SystemClock_Config
 .text.startup.main
                0x08000688       0x44 Src/main.o
                0x08000688                main
 .text.Error_Handler
                0x080006cc        0x2 Src/main.o
                0x080006cc                Error_Handler
 .text.HAL_MspInit
                0x080006ce       0x60 Src/stm32f4xx_hal_msp.o
                0x080006ce                HAL_MspInit
 .text.SysTick_Handler
                0x0800072e        0xe Src/stm32f4xx_it.o
                0x0800072e                SysTick_Handler
 .text.DMA2_Stream0_IRQHandler
                0x0800073c        0xc Src/stm32f4xx_it.o
                0x0800073c                DMA2_Stream0_IRQHandler
 .text.HAL_InitTick
                0x08000748       0x28 Drivers/STM32F4xx_HAL_Driver/stm32f4xx_hal.o
                0x08000748                HAL_InitTick
 .text.HAL_Init
                0x08000770       0x34 Drivers/STM32F4xx_HAL_Driver/stm32f4xx_hal.o
                0x08000770                HAL_Init
 .text.HAL_IncTick
                0x080007a4       0x10 Drivers/STM32F4xx_HAL_Driver/stm32f4xx_hal.o
                0x080007a4                HAL_IncTick
 .text.HAL_GetTick
                0x080007b4        0xc Drivers/STM32F4xx_HAL_Driver/stm32f4xx_hal.o
                0x080007b4                HAL_GetTick
 .text.HAL_Delay
                0x080007c0       0x1a Drivers/STM32F4xx_HAL_Driver/stm32f4xx_hal.o
                0x080007c0                HAL_Delay
 *fill*         0x080007da        0x2 
 .text.HAL_ADC_Init
                0x080007dc      0x154 Drivers/STM32F4xx_HAL_Driver/stm32f4xx_hal_adc.o
                0x080007dc                HAL_ADC_Init
 .text.HAL_ADC_Start
                0x08000930       0xc0 Drivers/STM32F4xx_HAL_Driver/stm32f4xx_hal_adc.o
                0x08000930                HAL_ADC_Start
 .text.HAL_ADC_PollForConversion
                0x080009f0       0xa0 Drivers/STM32F4xx_HAL_Driver/stm32f4xx_hal_adc.o
                0x080009f0                HAL_ADC_PollForConversion
 .text.HAL_ADC_GetValue
                0x08000a90        0x6 Drivers/STM32F4xx_HAL_Driver/stm32f4xx_hal_adc.o
                0x08000a90                HAL_ADC_GetValue
 *fill*         0x08000a96        0x2 
 .text.HAL_ADC_ConfigChannel
                0x08000a98      0x12c Drivers/STM32F4xx_HAL_Driver/stm32f4xx_hal_adc.o
                0x08000a98                HAL_ADC_ConfigChannel
 .text.HAL_NVIC_SetPriorityGrouping
                0x08000bc4       0x24 Drivers/STM32F4xx_HAL_Driver/stm32f4xx_hal_cortex.o
                0x08000bc4                HAL_NVIC_SetPriorityGrouping
 .text.HAL_NVIC_SetPriority
                0x08000be8       0x68 Drivers/STM32F4xx_HAL_Driver/stm32f4xx_hal_cortex.o
                0x08000be8                HAL_NVIC_SetPriority
 .text.HAL_NVIC_EnableIRQ
                0x08000c50       0x18 Drivers/STM32F4xx_HAL_Driver/stm32f4xx_hal_cortex.o
                0x08000c50                HAL_NVIC_EnableIRQ
 .text.HAL_SYSTICK_Config
                0x08000c68       0x2c Drivers/STM32F4xx_HAL_Driver/stm32f4xx_hal_cortex.o
                0x08000c68                HAL_SYSTICK_Config
 .text.HAL_SYSTICK_CLKSourceConfig
                0x08000c94       0x18 Drivers/STM32F4xx_HAL_Driver/stm32f4xx_hal_cortex.o
                0x08000c94                HAL_SYSTICK_CLKSourceConfig
 .text.HAL_SYSTICK_Callback
                0x08000cac        0x2 Drivers/STM32F4xx_HAL_Driver/stm32f4xx_hal_cortex.o
                0x08000cac                HAL_SYSTICK_Callback
 .text.HAL_SYSTICK_IRQHandler
                0x08000cae        0x8 Drivers/STM32F4xx_HAL_Driver/stm32f4xx_hal_cortex.o
                0x08000cae                HAL_SYSTICK_IRQHandler
 *fill*         0x08000cb6        0x2 
 .text.DMA_CalcBaseAndBitshift
                0x08000cb8       0x2c Drivers/STM32F4xx_HAL_Driver/stm32f4xx_hal_dma.o
 .text.HAL_DMA_Init
                0x08000ce4       0xec Drivers/STM32F4xx_HAL_Driver/stm32f4xx_hal_dma.o
                0x08000ce4                HAL_DMA_Init
 .text.HAL_DMA_IRQHandler
                0x08000dd0      0x17c Drivers/STM32F4xx_HAL_Driver/stm32f4xx_hal_dma.o
                0x08000dd0                HAL_DMA_IRQHandler
 .text.HAL_GPIO_Init
                0x08000f4c      0x1cc Drivers/STM32F4xx_HAL_Driver/stm32f4xx_hal_gpio.o
                0x08000f4c                HAL_GPIO_Init
 .text.HAL_GPIO_WritePin
                0x08001118        0x8 Drivers/STM32F4xx_HAL_Driver/stm32f4xx_hal_gpio.o
                0x08001118                HAL_GPIO_WritePin
 .text.HAL_RCC_OscConfig
                0x08001120      0x2d0 Drivers/STM32F4xx_HAL_Driver/stm32f4xx_hal_rcc.o
                0x08001120                HAL_RCC_OscConfig
 .text.HAL_RCC_GetSysClockFreq
                0x080013f0       0x7c Drivers/STM32F4xx_HAL_Driver/stm32f4xx_hal_rcc.o
                0x080013f0                HAL_RCC_GetSysClockFreq
 .text.HAL_RCC_ClockConfig
                0x0800146c      0x168 Drivers/STM32F4xx_HAL_Driver/stm32f4xx_hal_rcc.o
                0x0800146c                HAL_RCC_ClockConfig
 .text.HAL_RCC_GetHCLKFreq
                0x080015d4        0xc Drivers/STM32F4xx_HAL_Driver/stm32f4xx_hal_rcc.o
                0x080015d4                HAL_RCC_GetHCLKFreq
 .text.SystemInit
                0x080015e0       0x4c Drivers/CMSIS/system_stm32f4xx.o
                0x080015e0                SystemInit
 .text.Reset_Handler
                0x0800162c       0x50 Application/SW4STM32/startup_stm32f407xx.o
                0x0800162c                Reset_Handler
 .text.Default_Handler
                0x0800167c        0x2 Application/SW4STM32/startup_stm32f407xx.o
                0x0800167c                RTC_Alarm_IRQHandler
                0x0800167c                HASH_RNG_IRQHandler
                0x0800167c                EXTI2_IRQHandler
                0x0800167c                TIM8_CC_IRQHandler
                0x0800167c                DebugMon_Handler
                0x0800167c                TIM1_CC_IRQHandler
                0x0800167c                DMA2_Stream5_IRQHandler
                0x0800167c                HardFault_Handler
                0x0800167c                DMA1_Stream5_IRQHandler
                0x0800167c                PVD_IRQHandler
                0x0800167c                SDIO_IRQHandler
                0x0800167c                TAMP_STAMP_IRQHandler
                0x0800167c                PendSV_Handler
                0x0800167c                NMI_Handler
                0x0800167c                CAN2_RX1_IRQHandler
                0x0800167c                EXTI3_IRQHandler
                0x0800167c                TIM8_TRG_COM_TIM14_IRQHandler
                0x0800167c                TIM1_UP_TIM10_IRQHandler
                0x0800167c                TIM8_UP_TIM13_IRQHandler
                0x0800167c                I2C3_ER_IRQHandler
                0x0800167c                EXTI0_IRQHandler
                0x0800167c                I2C2_EV_IRQHandler
                0x0800167c                DMA1_Stream2_IRQHandler
                0x0800167c                CAN1_RX0_IRQHandler
                0x0800167c                FPU_IRQHandler
                0x0800167c                OTG_HS_WKUP_IRQHandler
                0x0800167c                UsageFault_Handler
                0x0800167c                CAN2_SCE_IRQHandler
                0x0800167c                DMA2_Stream2_IRQHandler
                0x0800167c                SPI1_IRQHandler
                0x0800167c                TIM6_DAC_IRQHandler
                0x0800167c                TIM1_BRK_TIM9_IRQHandler
                0x0800167c                DCMI_IRQHandler
                0x0800167c                CAN2_RX0_IRQHandler
                0x0800167c                DMA2_Stream3_IRQHandler
                0x0800167c                USART6_IRQHandler
                0x0800167c                USART3_IRQHandler
                0x0800167c                CAN1_RX1_IRQHandler
                0x0800167c                UART5_IRQHandler
                0x0800167c                TIM4_IRQHandler
                0x0800167c                I2C1_EV_IRQHandler
                0x0800167c                DMA1_Stream6_IRQHandler
                0x0800167c                DMA1_Stream1_IRQHandler
                0x0800167c                UART4_IRQHandler
                0x0800167c                TIM3_IRQHandler
                0x0800167c                RCC_IRQHandler
                0x0800167c                TIM8_BRK_TIM12_IRQHandler
                0x0800167c                Default_Handler
                0x0800167c                EXTI15_10_IRQHandler
                0x0800167c                ADC_IRQHandler
                0x0800167c                DMA1_Stream7_IRQHandler
                0x0800167c                TIM7_IRQHandler
                0x0800167c                CAN2_TX_IRQHandler
                0x0800167c                TIM5_IRQHandler
                0x0800167c                DMA2_Stream7_IRQHandler
                0x0800167c                I2C3_EV_IRQHandler
                0x0800167c                EXTI9_5_IRQHandler
                0x0800167c                RTC_WKUP_IRQHandler
                0x0800167c                ETH_WKUP_IRQHandler
                0x0800167c                SPI2_IRQHandler
                0x0800167c                OTG_HS_EP1_IN_IRQHandler
                0x0800167c                MemManage_Handler
                0x0800167c                DMA1_Stream0_IRQHandler
                0x0800167c                CAN1_TX_IRQHandler
                0x0800167c                SVC_Handler
                0x0800167c                EXTI4_IRQHandler
                0x0800167c                FSMC_IRQHandler
                0x0800167c                ETH_IRQHandler
                0x0800167c                OTG_HS_EP1_OUT_IRQHandler
                0x0800167c                WWDG_IRQHandler
                0x0800167c                TIM2_IRQHandler
                0x0800167c                OTG_FS_WKUP_IRQHandler
                0x0800167c                TIM1_TRG_COM_TIM11_IRQHandler
                0x0800167c                OTG_HS_IRQHandler
                0x0800167c                EXTI1_IRQHandler
                0x0800167c                USART2_IRQHandler
                0x0800167c                I2C2_ER_IRQHandler
                0x0800167c                DMA2_Stream1_IRQHandler
                0x0800167c                CAN1_SCE_IRQHandler
                0x0800167c                FLASH_IRQHandler
                0x0800167c                DMA2_Stream4_IRQHandler
                0x0800167c                BusFault_Handler
                0x0800167c                USART1_IRQHandler
                0x0800167c                OTG_FS_IRQHandler
                0x0800167c                SPI3_IRQHandler
                0x0800167c                DMA1_Stream4_IRQHandler
                0x0800167c                I2C1_ER_IRQHandler
                0x0800167c                DMA2_Stream6_IRQHandler
                0x0800167c                DMA1_Stream3_IRQHandler
 *fill*         0x0800167e        0x2 
 .text.__libc_init_array
                0x08001680       0x4c c:/ac6/systemworkbench/plugins/fr.ac6.mcu.externaltools.arm-none.win32_1.7.0.201602121829/tools/compiler/bin/../lib/gcc/arm-none-eabi/5.2.1/../../../../arm-none-eabi/lib/armv7e-m/fpu\libc_nano.a(lib_a-init.o)
                0x08001680                __libc_init_array
 *(.glue_7)
 .glue_7        0x080016cc        0x0 linker stubs
 *(.glue_7t)
 .glue_7t       0x080016cc        0x0 linker stubs
 *(.eh_frame)
 .eh_frame      0x080016cc        0x0 c:/ac6/systemworkbench/plugins/fr.ac6.mcu.externaltools.arm-none.win32_1.7.0.201602121829/tools/compiler/bin/../lib/gcc/arm-none-eabi/5.2.1/armv7e-m/fpu/crtbegin.o
 *(.init)
 .init          0x080016cc        0x4 c:/ac6/systemworkbench/plugins/fr.ac6.mcu.externaltools.arm-none.win32_1.7.0.201602121829/tools/compiler/bin/../lib/gcc/arm-none-eabi/5.2.1/armv7e-m/fpu/crti.o
                0x080016cc                _init
 .init          0x080016d0        0x8 c:/ac6/systemworkbench/plugins/fr.ac6.mcu.externaltools.arm-none.win32_1.7.0.201602121829/tools/compiler/bin/../lib/gcc/arm-none-eabi/5.2.1/armv7e-m/fpu/crtn.o
 *(.fini)
 .fini          0x080016d8        0x4 c:/ac6/systemworkbench/plugins/fr.ac6.mcu.externaltools.arm-none.win32_1.7.0.201602121829/tools/compiler/bin/../lib/gcc/arm-none-eabi/5.2.1/armv7e-m/fpu/crti.o
                0x080016d8                _fini
 .fini          0x080016dc        0x8 c:/ac6/systemworkbench/plugins/fr.ac6.mcu.externaltools.arm-none.win32_1.7.0.201602121829/tools/compiler/bin/../lib/gcc/arm-none-eabi/5.2.1/armv7e-m/fpu/crtn.o
                0x080016e4                . = ALIGN (0x4)
                0x080016e4                _etext = .

.vfp11_veneer   0x080016e4        0x0
 .vfp11_veneer  0x080016e4        0x0 linker stubs

.v4_bx          0x080016e4        0x0
 .v4_bx         0x080016e4        0x0 linker stubs

.iplt           0x080016e4        0x0
 .iplt          0x080016e4        0x0 c:/ac6/systemworkbench/plugins/fr.ac6.mcu.externaltools.arm-none.win32_1.7.0.201602121829/tools/compiler/bin/../lib/gcc/arm-none-eabi/5.2.1/armv7e-m/fpu/crtbegin.o

.rodata         0x080016e4       0x18
                0x080016e4                . = ALIGN (0x4)
 *(.rodata)
 .rodata        0x080016e4        0x8 Drivers/STM32F4xx_HAL_Driver/stm32f4xx_hal_dma.o
 .rodata        0x080016ec       0x10 Drivers/STM32F4xx_HAL_Driver/stm32f4xx_hal_rcc.o
                0x080016ec                APBAHBPrescTable
 *(.rodata*)
                0x080016fc                . = ALIGN (0x4)

.rel.dyn        0x080016fc        0x0
 .rel.iplt      0x080016fc        0x0 c:/ac6/systemworkbench/plugins/fr.ac6.mcu.externaltools.arm-none.win32_1.7.0.201602121829/tools/compiler/bin/../lib/gcc/arm-none-eabi/5.2.1/armv7e-m/fpu/crtbegin.o

.ARM.extab
 *(.ARM.extab* .gnu.linkonce.armextab.*)

.ARM            0x080016fc        0x0
                0x080016fc                __exidx_start = .
 *(.ARM.exidx*)
                0x080016fc                __exidx_end = .

.preinit_array  0x080016fc        0x0
                0x080016fc                PROVIDE (__preinit_array_start, .)
 *(.preinit_array*)
                0x080016fc                PROVIDE (__preinit_array_end, .)

.init_array     0x080016fc        0x4
                0x080016fc                PROVIDE (__init_array_start, .)
 *(SORT(.init_array.*))
 *(.init_array*)
 .init_array    0x080016fc        0x4 c:/ac6/systemworkbench/plugins/fr.ac6.mcu.externaltools.arm-none.win32_1.7.0.201602121829/tools/compiler/bin/../lib/gcc/arm-none-eabi/5.2.1/armv7e-m/fpu/crtbegin.o
                0x08001700                PROVIDE (__init_array_end, .)

.fini_array     0x08001700        0x4
                [!provide]                PROVIDE (__fini_array_start, .)
 *(SORT(.fini_array.*))
 *(.fini_array*)
 .fini_array    0x08001700        0x4 c:/ac6/systemworkbench/plugins/fr.ac6.mcu.externaltools.arm-none.win32_1.7.0.201602121829/tools/compiler/bin/../lib/gcc/arm-none-eabi/5.2.1/armv7e-m/fpu/crtbegin.o
                [!provide]                PROVIDE (__fini_array_end, .)
                0x08001704                _sidata = LOADADDR (.data)

.data           0x20000000        0x4 load address 0x08001704
                0x20000000                . = ALIGN (0x4)
                0x20000000                _sdata = .
 *(.data)
 .data          0x20000000        0x4 Drivers/CMSIS/system_stm32f4xx.o
                0x20000000                SystemCoreClock
 *(.data*)
                0x20000004                . = ALIGN (0x4)
                0x20000004                _edata = .
                0x08001708                _siccmram = LOADADDR (.ccmram)

.jcr            0x20000004        0x0 load address 0x08001708
 .jcr           0x20000004        0x0 c:/ac6/systemworkbench/plugins/fr.ac6.mcu.externaltools.arm-none.win32_1.7.0.201602121829/tools/compiler/bin/../lib/gcc/arm-none-eabi/5.2.1/armv7e-m/fpu/crtbegin.o

.tm_clone_table
                0x20000004        0x0 load address 0x08001708
 .tm_clone_table
                0x20000004        0x0 c:/ac6/systemworkbench/plugins/fr.ac6.mcu.externaltools.arm-none.win32_1.7.0.201602121829/tools/compiler/bin/../lib/gcc/arm-none-eabi/5.2.1/armv7e-m/fpu/crtbegin.o
 .tm_clone_table
                0x20000004        0x0 c:/ac6/systemworkbench/plugins/fr.ac6.mcu.externaltools.arm-none.win32_1.7.0.201602121829/tools/compiler/bin/../lib/gcc/arm-none-eabi/5.2.1/armv7e-m/fpu/crtend.o

.igot.plt       0x20000004        0x0 load address 0x08001708
 .igot.plt      0x20000004        0x0 c:/ac6/systemworkbench/plugins/fr.ac6.mcu.externaltools.arm-none.win32_1.7.0.201602121829/tools/compiler/bin/../lib/gcc/arm-none-eabi/5.2.1/armv7e-m/fpu/crtbegin.o

.ccmram         0x10000000        0x0 load address 0x08001708
                0x10000000                . = ALIGN (0x4)
                0x10000000                _sccmram = .
 *(.ccmram)
 *(.ccmram*)
                0x10000000                . = ALIGN (0x4)
                0x10000000                _eccmram = .
                0x10000000                . = ALIGN (0x4)

.bss            0x20000004       0xc8
                0x20000004                _sbss = .
                0x20000004                __bss_start__ = _sbss
 *(.bss)
 .bss           0x20000004       0x1c c:/ac6/systemworkbench/plugins/fr.ac6.mcu.externaltools.arm-none.win32_1.7.0.201602121829/tools/compiler/bin/../lib/gcc/arm-none-eabi/5.2.1/armv7e-m/fpu/crtbegin.o
 *(.bss*)
 *(COMMON)
 COMMON         0x20000020       0xa8 Src/adc.o
                0x20000020                hadc1
                0x20000068                hdma_adc1
 COMMON         0x200000c8        0x4 Drivers/STM32F4xx_HAL_Driver/stm32f4xx_hal.o
                0x200000c8                uwTick
                0x200000cc                . = ALIGN (0x4)
                0x200000cc                _ebss = .
                0x200000cc                __bss_end__ = _ebss

._user_heap_stack
                0x200000cc      0x604
                0x200000d0                . = ALIGN (0x8)
 *fill*         0x200000cc        0x4 
                [!provide]                PROVIDE (end, .)
                [!provide]                PROVIDE (_end, .)
                0x200002d0                . = (. + _Min_Heap_Size)
 *fill*         0x200000d0      0x200 
                0x200006d0                . = (. + _Min_Stack_Size)
 *fill*         0x200002d0      0x400 
                0x200006d0                . = ALIGN (0x8)

/DISCARD/
 libc.a(*)
 libm.a(*)
 libgcc.a(*)

.ARM.attributes
                0x00000000       0x30
 *(.ARM.attributes)
 .ARM.attributes
                0x00000000       0x22 c:/ac6/systemworkbench/plugins/fr.ac6.mcu.externaltools.arm-none.win32_1.7.0.201602121829/tools/compiler/bin/../lib/gcc/arm-none-eabi/5.2.1/armv7e-m/fpu/crti.o
 .ARM.attributes
                0x00000022       0x34 c:/ac6/systemworkbench/plugins/fr.ac6.mcu.externaltools.arm-none.win32_1.7.0.201602121829/tools/compiler/bin/../lib/gcc/arm-none-eabi/5.2.1/armv7e-m/fpu/crtbegin.o
 .ARM.attributes
                0x00000056       0x39 Src/adc.o
 .ARM.attributes
                0x0000008f       0x39 Src/dma.o
 .ARM.attributes
                0x000000c8       0x39 Src/gpio.o
 .ARM.attributes
                0x00000101       0x39 Src/main.o
 .ARM.attributes
                0x0000013a       0x39 Src/stm32f4xx_hal_msp.o
 .ARM.attributes
                0x00000173       0x39 Src/stm32f4xx_it.o
 .ARM.attributes
                0x000001ac       0x39 Drivers/STM32F4xx_HAL_Driver/stm32f4xx_hal.o
 .ARM.attributes
                0x000001e5       0x39 Drivers/STM32F4xx_HAL_Driver/stm32f4xx_hal_adc.o
 .ARM.attributes
                0x0000021e       0x39 Drivers/STM32F4xx_HAL_Driver/stm32f4xx_hal_cortex.o
 .ARM.attributes
                0x00000257       0x39 Drivers/STM32F4xx_HAL_Driver/stm32f4xx_hal_dma.o
 .ARM.attributes
                0x00000290       0x39 Drivers/STM32F4xx_HAL_Driver/stm32f4xx_hal_gpio.o
 .ARM.attributes
                0x000002c9       0x39 Drivers/STM32F4xx_HAL_Driver/stm32f4xx_hal_rcc.o
 .ARM.attributes
                0x00000302       0x39 Drivers/CMSIS/system_stm32f4xx.o
 .ARM.attributes
                0x0000033b       0x21 Application/SW4STM32/startup_stm32f407xx.o
 .ARM.attributes
                0x0000035c       0x34 c:/ac6/systemworkbench/plugins/fr.ac6.mcu.externaltools.arm-none.win32_1.7.0.201602121829/tools/compiler/bin/../lib/gcc/arm-none-eabi/5.2.1/../../../../arm-none-eabi/lib/armv7e-m/fpu\libc_nano.a(lib_a-init.o)
 .ARM.attributes
                0x00000390       0x34 c:/ac6/systemworkbench/plugins/fr.ac6.mcu.externaltools.arm-none.win32_1.7.0.201602121829/tools/compiler/bin/../lib/gcc/arm-none-eabi/5.2.1/armv7e-m/fpu/crtend.o
 .ARM.attributes
                0x000003c4       0x22 c:/ac6/systemworkbench/plugins/fr.ac6.mcu.externaltools.arm-none.win32_1.7.0.201602121829/tools/compiler/bin/../lib/gcc/arm-none-eabi/5.2.1/armv7e-m/fpu/crtn.o
OUTPUT(temp2(adc-dma, 168hz, no temp sence).elf elf32-littlearm)

.debug_info     0x00000000     0x7321
 .debug_info    0x00000000      0xa01 Src/adc.o
 .debug_info    0x00000a01      0x509 Src/dma.o
 .debug_info    0x00000f0a      0x657 Src/gpio.o
 .debug_info    0x00001561      0xeca Src/main.o
 .debug_info    0x0000242b      0x3f4 Src/stm32f4xx_hal_msp.o
 .debug_info    0x0000281f      0x387 Src/stm32f4xx_it.o
 .debug_info    0x00002ba6      0x8e0 Drivers/STM32F4xx_HAL_Driver/stm32f4xx_hal.o
 .debug_info    0x00003486      0xcc2 Drivers/STM32F4xx_HAL_Driver/stm32f4xx_hal_adc.o
 .debug_info    0x00004148      0xe6a Drivers/STM32F4xx_HAL_Driver/stm32f4xx_hal_cortex.o
 .debug_info    0x00004fb2      0xa2a Drivers/STM32F4xx_HAL_Driver/stm32f4xx_hal_dma.o
 .debug_info    0x000059dc      0x721 Drivers/STM32F4xx_HAL_Driver/stm32f4xx_hal_gpio.o
 .debug_info    0x000060fd      0xc82 Drivers/STM32F4xx_HAL_Driver/stm32f4xx_hal_rcc.o
 .debug_info    0x00006d7f      0x4b0 Drivers/CMSIS/system_stm32f4xx.o
 .debug_info    0x0000722f       0xf2 Application/SW4STM32/startup_stm32f407xx.o

.debug_abbrev   0x00000000     0x197a
 .debug_abbrev  0x00000000      0x1b4 Src/adc.o
 .debug_abbrev  0x000001b4      0x124 Src/dma.o
 .debug_abbrev  0x000002d8      0x151 Src/gpio.o
 .debug_abbrev  0x00000429      0x225 Src/main.o
 .debug_abbrev  0x0000064e       0xc5 Src/stm32f4xx_hal_msp.o
 .debug_abbrev  0x00000713      0x153 Src/stm32f4xx_it.o
 .debug_abbrev  0x00000866      0x247 Drivers/STM32F4xx_HAL_Driver/stm32f4xx_hal.o
 .debug_abbrev  0x00000aad      0x2c8 Drivers/STM32F4xx_HAL_Driver/stm32f4xx_hal_adc.o
 .debug_abbrev  0x00000d75      0x332 Drivers/STM32F4xx_HAL_Driver/stm32f4xx_hal_cortex.o
 .debug_abbrev  0x000010a7      0x2d1 Drivers/STM32F4xx_HAL_Driver/stm32f4xx_hal_dma.o
 .debug_abbrev  0x00001378      0x1cb Drivers/STM32F4xx_HAL_Driver/stm32f4xx_hal_gpio.o
 .debug_abbrev  0x00001543      0x321 Drivers/STM32F4xx_HAL_Driver/stm32f4xx_hal_rcc.o
 .debug_abbrev  0x00001864      0x104 Drivers/CMSIS/system_stm32f4xx.o
 .debug_abbrev  0x00001968       0x12 Application/SW4STM32/startup_stm32f407xx.o

.debug_loc      0x00000000     0x1dcb
 .debug_loc     0x00000000       0x63 Src/adc.o
 .debug_loc     0x00000063       0x7f Src/main.o
 .debug_loc     0x000000e2       0x92 Drivers/STM32F4xx_HAL_Driver/stm32f4xx_hal.o
 .debug_loc     0x00000174      0x771 Drivers/STM32F4xx_HAL_Driver/stm32f4xx_hal_adc.o
 .debug_loc     0x000008e5      0x4ab Drivers/STM32F4xx_HAL_Driver/stm32f4xx_hal_cortex.o
 .debug_loc     0x00000d90      0x755 Drivers/STM32F4xx_HAL_Driver/stm32f4xx_hal_dma.o
 .debug_loc     0x000014e5      0x374 Drivers/STM32F4xx_HAL_Driver/stm32f4xx_hal_gpio.o
 .debug_loc     0x00001859      0x49b Drivers/STM32F4xx_HAL_Driver/stm32f4xx_hal_rcc.o
 .debug_loc     0x00001cf4       0xd7 Drivers/CMSIS/system_stm32f4xx.o

.debug_aranges  0x00000000      0x4a0
 .debug_aranges
                0x00000000       0x30 Src/adc.o
 .debug_aranges
                0x00000030       0x20 Src/dma.o
 .debug_aranges
                0x00000050       0x20 Src/gpio.o
 .debug_aranges
                0x00000070       0x38 Src/main.o
 .debug_aranges
                0x000000a8       0x20 Src/stm32f4xx_hal_msp.o
 .debug_aranges
                0x000000c8       0x28 Src/stm32f4xx_it.o
 .debug_aranges
                0x000000f0       0xb8 Drivers/STM32F4xx_HAL_Driver/stm32f4xx_hal.o
 .debug_aranges
                0x000001a8       0xb8 Drivers/STM32F4xx_HAL_Driver/stm32f4xx_hal_adc.o
 .debug_aranges
                0x00000260       0x98 Drivers/STM32F4xx_HAL_Driver/stm32f4xx_hal_cortex.o
 .debug_aranges
                0x000002f8       0x80 Drivers/STM32F4xx_HAL_Driver/stm32f4xx_hal_dma.o
 .debug_aranges
                0x00000378       0x58 Drivers/STM32F4xx_HAL_Driver/stm32f4xx_hal_gpio.o
 .debug_aranges
                0x000003d0       0x80 Drivers/STM32F4xx_HAL_Driver/stm32f4xx_hal_rcc.o
 .debug_aranges
                0x00000450       0x28 Drivers/CMSIS/system_stm32f4xx.o
 .debug_aranges
                0x00000478       0x28 Application/SW4STM32/startup_stm32f407xx.o

.debug_ranges   0x00000000      0x668
 .debug_ranges  0x00000000       0x40 Src/adc.o
 .debug_ranges  0x00000040       0x28 Src/dma.o
 .debug_ranges  0x00000068       0x40 Src/gpio.o
 .debug_ranges  0x000000a8       0x48 Src/main.o
 .debug_ranges  0x000000f0       0x10 Src/stm32f4xx_hal_msp.o
 .debug_ranges  0x00000100       0x18 Src/stm32f4xx_it.o
 .debug_ranges  0x00000118       0xa8 Drivers/STM32F4xx_HAL_Driver/stm32f4xx_hal.o
 .debug_ranges  0x000001c0       0xc0 Drivers/STM32F4xx_HAL_Driver/stm32f4xx_hal_adc.o
 .debug_ranges  0x00000280      0x148 Drivers/STM32F4xx_HAL_Driver/stm32f4xx_hal_cortex.o
 .debug_ranges  0x000003c8       0xa8 Drivers/STM32F4xx_HAL_Driver/stm32f4xx_hal_dma.o
 .debug_ranges  0x00000470       0x70 Drivers/STM32F4xx_HAL_Driver/stm32f4xx_hal_gpio.o
 .debug_ranges  0x000004e0      0x150 Drivers/STM32F4xx_HAL_Driver/stm32f4xx_hal_rcc.o
 .debug_ranges  0x00000630       0x18 Drivers/CMSIS/system_stm32f4xx.o
 .debug_ranges  0x00000648       0x20 Application/SW4STM32/startup_stm32f407xx.o

.debug_macro    0x00000000    0x13fe3
 .debug_macro   0x00000000      0x2f2 Src/adc.o
 .debug_macro   0x000002f2      0x89e Src/adc.o
 .debug_macro   0x00000b90      0x14e Src/adc.o
 .debug_macro   0x00000cde      0x1aa Src/adc.o
 .debug_macro   0x00000e88       0x31 Src/adc.o
 .debug_macro   0x00000eb9       0x28 Src/adc.o
 .debug_macro   0x00000ee1       0x22 Src/adc.o
 .debug_macro   0x00000f03       0x44 Src/adc.o
 .debug_macro   0x00000f47       0xfd Src/adc.o
 .debug_macro   0x00001044       0x22 Src/adc.o
 .debug_macro   0x00001066      0x1df Src/adc.o
 .debug_macro   0x00001245       0x35 Src/adc.o
 .debug_macro   0x0000127a       0x50 Src/adc.o
 .debug_macro   0x000012ca      0xe66 Src/adc.o
 .debug_macro   0x00002130     0x93f9 Src/adc.o
 .debug_macro   0x0000b529       0x43 Src/adc.o
 .debug_macro   0x0000b56c     0x347f Src/adc.o
 .debug_macro   0x0000e9eb       0x58 Src/adc.o
 .debug_macro   0x0000ea43       0x35 Src/adc.o
 .debug_macro   0x0000ea78       0x9c Src/adc.o
 .debug_macro   0x0000eb14       0x16 Src/adc.o
 .debug_macro   0x0000eb2a       0x97 Src/adc.o
 .debug_macro   0x0000ebc1      0x329 Src/adc.o
 .debug_macro   0x0000eeea       0xfd Src/adc.o
 .debug_macro   0x0000efe7       0x10 Src/adc.o
 .debug_macro   0x0000eff7       0x52 Src/adc.o
 .debug_macro   0x0000f049       0x16 Src/adc.o
 .debug_macro   0x0000f05f       0x43 Src/adc.o
 .debug_macro   0x0000f0a2      0x187 Src/adc.o
 .debug_macro   0x0000f229       0x10 Src/adc.o
 .debug_macro   0x0000f239       0x22 Src/adc.o
 .debug_macro   0x0000f25b       0x3a Src/adc.o
 .debug_macro   0x0000f295       0x10 Src/adc.o
 .debug_macro   0x0000f2a5       0x40 Src/adc.o
 .debug_macro   0x0000f2e5       0x65 Src/adc.o
 .debug_macro   0x0000f34a       0x16 Src/adc.o
 .debug_macro   0x0000f360      0x197 Src/adc.o
 .debug_macro   0x0000f4f7       0x50 Src/adc.o
 .debug_macro   0x0000f547      0x964 Src/adc.o
 .debug_macro   0x0000feab      0x9e1 Src/adc.o
 .debug_macro   0x0001088c      0x11e Src/adc.o
 .debug_macro   0x000109aa      0x13e Src/adc.o
 .debug_macro   0x00010ae8       0x27 Src/adc.o
 .debug_macro   0x00010b0f      0x287 Src/adc.o
 .debug_macro   0x00010d96       0x5f Src/adc.o
 .debug_macro   0x00010df5      0x23a Src/adc.o
 .debug_macro   0x0001102f      0x391 Src/adc.o
 .debug_macro   0x000113c0      0x16f Src/adc.o
 .debug_macro   0x0001152f       0xf9 Src/adc.o
 .debug_macro   0x00011628      0x13a Src/adc.o
 .debug_macro   0x00011762      0x21e Src/adc.o
 .debug_macro   0x00011980       0x2e Src/adc.o
 .debug_macro   0x000119ae      0x11e Src/adc.o
 .debug_macro   0x00011acc       0x7f Src/adc.o
 .debug_macro   0x00011b4b       0x89 Src/adc.o
 .debug_macro   0x00011bd4      0x125 Src/adc.o
 .debug_macro   0x00011cf9      0x2de Src/dma.o
 .debug_macro   0x00011fd7      0x2de Src/gpio.o
 .debug_macro   0x000122b5      0x2f2 Src/main.o
 .debug_macro   0x000125a7      0x2d4 Src/stm32f4xx_hal_msp.o
 .debug_macro   0x0001287b      0x2de Src/stm32f4xx_it.o
 .debug_macro   0x00012b59      0x322 Drivers/STM32F4xx_HAL_Driver/stm32f4xx_hal.o
 .debug_macro   0x00012e7b      0x2d5 Drivers/STM32F4xx_HAL_Driver/stm32f4xx_hal_adc.o
 .debug_macro   0x00013150      0x2d4 Drivers/STM32F4xx_HAL_Driver/stm32f4xx_hal_cortex.o
 .debug_macro   0x00013424      0x2db Drivers/STM32F4xx_HAL_Driver/stm32f4xx_hal_dma.o
 .debug_macro   0x000136ff      0x30c Drivers/STM32F4xx_HAL_Driver/stm32f4xx_hal_gpio.o
 .debug_macro   0x00013a0b      0x2fe Drivers/STM32F4xx_HAL_Driver/stm32f4xx_hal_rcc.o
 .debug_macro   0x00013d09      0x2da Drivers/CMSIS/system_stm32f4xx.o

.debug_line     0x00000000     0x78c4
 .debug_line    0x00000000      0x829 Src/adc.o
 .debug_line    0x00000829      0x7b6 Src/dma.o
 .debug_line    0x00000fdf      0x83c Src/gpio.o
 .debug_line    0x0000181b      0x842 Src/main.o
 .debug_line    0x0000205d      0x7bf Src/stm32f4xx_hal_msp.o
 .debug_line    0x0000281c      0x7d6 Src/stm32f4xx_it.o
 .debug_line    0x00002ff2      0x980 Drivers/STM32F4xx_HAL_Driver/stm32f4xx_hal.o
 .debug_line    0x00003972      0xc51 Drivers/STM32F4xx_HAL_Driver/stm32f4xx_hal_adc.o
 .debug_line    0x000045c3      0x9f4 Drivers/STM32F4xx_HAL_Driver/stm32f4xx_hal_cortex.o
 .debug_line    0x00004fb7      0xb05 Drivers/STM32F4xx_HAL_Driver/stm32f4xx_hal_dma.o
 .debug_line    0x00005abc      0x9d0 Drivers/STM32F4xx_HAL_Driver/stm32f4xx_hal_gpio.o
 .debug_line    0x0000648c      0xb01 Drivers/STM32F4xx_HAL_Driver/stm32f4xx_hal_rcc.o
 .debug_line    0x00006f8d      0x850 Drivers/CMSIS/system_stm32f4xx.o
 .debug_line    0x000077dd       0xe7 Application/SW4STM32/startup_stm32f407xx.o

.debug_str      0x00000000    0x6bbcd
 .debug_str     0x00000000    0x6a04b Src/adc.o
                              0x6a354 (size before relaxing)
 .debug_str     0x0006a04b      0x520 Src/dma.o
                              0x6a318 (size before relaxing)
 .debug_str     0x0006a56b       0x53 Src/gpio.o
                              0x69ecf (size before relaxing)
 .debug_str     0x0006a5be      0x1e5 Src/main.o
                              0x6a99e (size before relaxing)
 .debug_str     0x0006a7a3       0x44 Src/stm32f4xx_hal_msp.o
                              0x6a224 (size before relaxing)
 .debug_str     0x0006a7e7       0x86 Src/stm32f4xx_it.o
                              0x69fb4 (size before relaxing)
 .debug_str     0x0006a86d      0x4c3 Drivers/STM32F4xx_HAL_Driver/stm32f4xx_hal.o
                              0x6a8f2 (size before relaxing)
 .debug_str     0x0006ad30      0x269 Drivers/STM32F4xx_HAL_Driver/stm32f4xx_hal_adc.o
                              0x6a455 (size before relaxing)
 .debug_str     0x0006af99      0x38b Drivers/STM32F4xx_HAL_Driver/stm32f4xx_hal_cortex.o
                              0x6a75d (size before relaxing)
 .debug_str     0x0006b324      0x30f Drivers/STM32F4xx_HAL_Driver/stm32f4xx_hal_dma.o
                              0x6a315 (size before relaxing)
 .debug_str     0x0006b633      0x270 Drivers/STM32F4xx_HAL_Driver/stm32f4xx_hal_gpio.o
                              0x6a182 (size before relaxing)
 .debug_str     0x0006b8a3      0x268 Drivers/STM32F4xx_HAL_Driver/stm32f4xx_hal_rcc.o
                              0x6a311 (size before relaxing)
 .debug_str     0x0006bb0b       0xc2 Drivers/CMSIS/system_stm32f4xx.o
                              0x69f2b (size before relaxing)

.comment        0x00000000       0x6e
 .comment       0x00000000       0x6e Src/adc.o
                                 0x6f (size before relaxing)
 .comment       0x0000006e       0x6f Src/dma.o
 .comment       0x0000006e       0x6f Src/gpio.o
 .comment       0x0000006e       0x6f Src/main.o
 .comment       0x0000006e       0x6f Src/stm32f4xx_hal_msp.o
 .comment       0x0000006e       0x6f Src/stm32f4xx_it.o
 .comment       0x0000006e       0x6f Drivers/STM32F4xx_HAL_Driver/stm32f4xx_hal.o
 .comment       0x0000006e       0x6f Drivers/STM32F4xx_HAL_Driver/stm32f4xx_hal_adc.o
 .comment       0x0000006e       0x6f Drivers/STM32F4xx_HAL_Driver/stm32f4xx_hal_cortex.o
 .comment       0x0000006e       0x6f Drivers/STM32F4xx_HAL_Driver/stm32f4xx_hal_dma.o
 .comment       0x0000006e       0x6f Drivers/STM32F4xx_HAL_Driver/stm32f4xx_hal_gpio.o
 .comment       0x0000006e       0x6f Drivers/STM32F4xx_HAL_Driver/stm32f4xx_hal_rcc.o
 .comment       0x0000006e       0x6f Drivers/CMSIS/system_stm32f4xx.o

.debug_frame    0x00000000      0xa60
 .debug_frame   0x00000000       0x70 Src/adc.o
 .debug_frame   0x00000070       0x28 Src/dma.o
 .debug_frame   0x00000098       0x3c Src/gpio.o
 .debug_frame   0x000000d4       0x78 Src/main.o
 .debug_frame   0x0000014c       0x2c Src/stm32f4xx_hal_msp.o
 .debug_frame   0x00000178       0x3c Src/stm32f4xx_it.o
 .debug_frame   0x000001b4      0x184 Drivers/STM32F4xx_HAL_Driver/stm32f4xx_hal.o
 .debug_frame   0x00000338      0x23c Drivers/STM32F4xx_HAL_Driver/stm32f4xx_hal_adc.o
 .debug_frame   0x00000574      0x130 Drivers/STM32F4xx_HAL_Driver/stm32f4xx_hal_cortex.o
 .debug_frame   0x000006a4      0x154 Drivers/STM32F4xx_HAL_Driver/stm32f4xx_hal_dma.o
 .debug_frame   0x000007f8       0xd4 Drivers/STM32F4xx_HAL_Driver/stm32f4xx_hal_gpio.o
 .debug_frame   0x000008cc      0x138 Drivers/STM32F4xx_HAL_Driver/stm32f4xx_hal_rcc.o
 .debug_frame   0x00000a04       0x30 Drivers/CMSIS/system_stm32f4xx.o
 .debug_frame   0x00000a34       0x2c c:/ac6/systemworkbench/plugins/fr.ac6.mcu.externaltools.arm-none.win32_1.7.0.201602121829/tools/compiler/bin/../lib/gcc/arm-none-eabi/5.2.1/../../../../arm-none-eabi/lib/armv7e-m/fpu\libc_nano.a(lib_a-init.o)
