Archive member included to satisfy reference by file (symbol)

c:/program files (x86)/atollic/truestudio for arm 5.5.2/armtools/bin/../lib/gcc/arm-atollic-eabi/5.3.1/../../../../arm-atollic-eabi/lib/armv7e-m/fpu\libc.a(lib_a-init.o)
                              Application\TrueSTUDIO\startup_stm32f405xx.o (__libc_init_array)

Allocating common symbols
Common symbol       size              file

uwTick              0x4               Drivers\STM32F4xx_HAL_Driver\stm32f4xx_hal.o
pFlash              0x20              Drivers\STM32F4xx_HAL_Driver\stm32f4xx_hal_flash.o
hadc1               0x48              Src\adc.o

Discarded input sections

 .text          0x00000000        0x0 c:/program files (x86)/atollic/truestudio for arm 5.5.2/armtools/bin/../lib/gcc/arm-atollic-eabi/5.3.1/armv7e-m/fpu/crti.o
 .data          0x00000000        0x0 c:/program files (x86)/atollic/truestudio for arm 5.5.2/armtools/bin/../lib/gcc/arm-atollic-eabi/5.3.1/armv7e-m/fpu/crti.o
 .bss           0x00000000        0x0 c:/program files (x86)/atollic/truestudio for arm 5.5.2/armtools/bin/../lib/gcc/arm-atollic-eabi/5.3.1/armv7e-m/fpu/crti.o
 .data          0x00000000        0x4 c:/program files (x86)/atollic/truestudio for arm 5.5.2/armtools/bin/../lib/gcc/arm-atollic-eabi/5.3.1/armv7e-m/fpu/crtbegin.o
 .text          0x00000000        0x0 Src\stm32f4xx_it.o
 .data          0x00000000        0x0 Src\stm32f4xx_it.o
 .bss           0x00000000        0x0 Src\stm32f4xx_it.o
 .text          0x00000000        0x0 Src\stm32f4xx_hal_msp.o
 .data          0x00000000        0x0 Src\stm32f4xx_hal_msp.o
 .bss           0x00000000        0x0 Src\stm32f4xx_hal_msp.o
 .text          0x00000000        0x0 Src\main.o
 .data          0x00000000        0x0 Src\main.o
 .bss           0x00000000        0x0 Src\main.o
 .text          0x00000000        0x0 Src\gpio.o
 .data          0x00000000        0x0 Src\gpio.o
 .bss           0x00000000        0x0 Src\gpio.o
 .text          0x00000000        0x0 Src\adc.o
 .data          0x00000000        0x0 Src\adc.o
 .bss           0x00000000        0x0 Src\adc.o
 .text.HAL_ADC_MspDeInit
                0x00000000       0x28 Src\adc.o
 .text          0x00000000        0x0 Drivers\STM32F4xx_HAL_Driver\stm32f4xx_hal_tim_ex.o
 .data          0x00000000        0x0 Drivers\STM32F4xx_HAL_Driver\stm32f4xx_hal_tim_ex.o
 .bss           0x00000000        0x0 Drivers\STM32F4xx_HAL_Driver\stm32f4xx_hal_tim_ex.o
 .debug_info    0x00000000       0xa0 Drivers\STM32F4xx_HAL_Driver\stm32f4xx_hal_tim_ex.o
 .debug_abbrev  0x00000000       0x4b Drivers\STM32F4xx_HAL_Driver\stm32f4xx_hal_tim_ex.o
 .debug_aranges
                0x00000000       0x18 Drivers\STM32F4xx_HAL_Driver\stm32f4xx_hal_tim_ex.o
 .debug_line    0x00000000      0x165 Drivers\STM32F4xx_HAL_Driver\stm32f4xx_hal_tim_ex.o
 .debug_str     0x00000000      0x233 Drivers\STM32F4xx_HAL_Driver\stm32f4xx_hal_tim_ex.o
 .comment       0x00000000       0x7f Drivers\STM32F4xx_HAL_Driver\stm32f4xx_hal_tim_ex.o
 .ARM.attributes
                0x00000000       0x39 Drivers\STM32F4xx_HAL_Driver\stm32f4xx_hal_tim_ex.o
 .text          0x00000000        0x0 Drivers\STM32F4xx_HAL_Driver\stm32f4xx_hal_tim.o
 .data          0x00000000        0x0 Drivers\STM32F4xx_HAL_Driver\stm32f4xx_hal_tim.o
 .bss           0x00000000        0x0 Drivers\STM32F4xx_HAL_Driver\stm32f4xx_hal_tim.o
 .debug_info    0x00000000       0xa0 Drivers\STM32F4xx_HAL_Driver\stm32f4xx_hal_tim.o
 .debug_abbrev  0x00000000       0x4b Drivers\STM32F4xx_HAL_Driver\stm32f4xx_hal_tim.o
 .debug_aranges
                0x00000000       0x18 Drivers\STM32F4xx_HAL_Driver\stm32f4xx_hal_tim.o
 .debug_line    0x00000000      0x165 Drivers\STM32F4xx_HAL_Driver\stm32f4xx_hal_tim.o
 .debug_str     0x00000000      0x230 Drivers\STM32F4xx_HAL_Driver\stm32f4xx_hal_tim.o
 .comment       0x00000000       0x7f Drivers\STM32F4xx_HAL_Driver\stm32f4xx_hal_tim.o
 .ARM.attributes
                0x00000000       0x39 Drivers\STM32F4xx_HAL_Driver\stm32f4xx_hal_tim.o
 .text          0x00000000        0x0 Drivers\STM32F4xx_HAL_Driver\stm32f4xx_hal_rcc_ex.o
 .data          0x00000000        0x0 Drivers\STM32F4xx_HAL_Driver\stm32f4xx_hal_rcc_ex.o
 .bss           0x00000000        0x0 Drivers\STM32F4xx_HAL_Driver\stm32f4xx_hal_rcc_ex.o
 .text.HAL_RCC_DeInit
                0x00000000       0x5c Drivers\STM32F4xx_HAL_Driver\stm32f4xx_hal_rcc_ex.o
 .text.HAL_RCCEx_PeriphCLKConfig
                0x00000000      0x14c Drivers\STM32F4xx_HAL_Driver\stm32f4xx_hal_rcc_ex.o
 .text.HAL_RCCEx_GetPeriphCLKConfig
                0x00000000       0x4c Drivers\STM32F4xx_HAL_Driver\stm32f4xx_hal_rcc_ex.o
 .debug_info    0x00000000      0x562 Drivers\STM32F4xx_HAL_Driver\stm32f4xx_hal_rcc_ex.o
 .debug_abbrev  0x00000000      0x201 Drivers\STM32F4xx_HAL_Driver\stm32f4xx_hal_rcc_ex.o
 .debug_loc     0x00000000      0x169 Drivers\STM32F4xx_HAL_Driver\stm32f4xx_hal_rcc_ex.o
 .debug_aranges
                0x00000000       0x30 Drivers\STM32F4xx_HAL_Driver\stm32f4xx_hal_rcc_ex.o
 .debug_ranges  0x00000000       0x68 Drivers\STM32F4xx_HAL_Driver\stm32f4xx_hal_rcc_ex.o
 .debug_line    0x00000000      0x3fa Drivers\STM32F4xx_HAL_Driver\stm32f4xx_hal_rcc_ex.o
 .debug_str     0x00000000      0x4c0 Drivers\STM32F4xx_HAL_Driver\stm32f4xx_hal_rcc_ex.o
 .comment       0x00000000       0x7f Drivers\STM32F4xx_HAL_Driver\stm32f4xx_hal_rcc_ex.o
 .debug_frame   0x00000000       0x5c Drivers\STM32F4xx_HAL_Driver\stm32f4xx_hal_rcc_ex.o
 .ARM.attributes
                0x00000000       0x39 Drivers\STM32F4xx_HAL_Driver\stm32f4xx_hal_rcc_ex.o
 .text          0x00000000        0x0 Drivers\STM32F4xx_HAL_Driver\stm32f4xx_hal_rcc.o
 .data          0x00000000        0x0 Drivers\STM32F4xx_HAL_Driver\stm32f4xx_hal_rcc.o
 .bss           0x00000000        0x0 Drivers\STM32F4xx_HAL_Driver\stm32f4xx_hal_rcc.o
 .text.HAL_RCC_DeInit
                0x00000000        0x2 Drivers\STM32F4xx_HAL_Driver\stm32f4xx_hal_rcc.o
 .text.HAL_RCC_MCOConfig
                0x00000000       0x94 Drivers\STM32F4xx_HAL_Driver\stm32f4xx_hal_rcc.o
 .text.HAL_RCC_EnableCSS
                0x00000000        0xc Drivers\STM32F4xx_HAL_Driver\stm32f4xx_hal_rcc.o
 .text.HAL_RCC_DisableCSS
                0x00000000        0xc Drivers\STM32F4xx_HAL_Driver\stm32f4xx_hal_rcc.o
 .text.HAL_RCC_GetPCLK1Freq
                0x00000000       0x30 Drivers\STM32F4xx_HAL_Driver\stm32f4xx_hal_rcc.o
 .text.HAL_RCC_GetPCLK2Freq
                0x00000000       0x30 Drivers\STM32F4xx_HAL_Driver\stm32f4xx_hal_rcc.o
 .text.HAL_RCC_GetOscConfig
                0x00000000       0xd0 Drivers\STM32F4xx_HAL_Driver\stm32f4xx_hal_rcc.o
 .text.HAL_RCC_GetClockConfig
                0x00000000       0x3c Drivers\STM32F4xx_HAL_Driver\stm32f4xx_hal_rcc.o
 .text.HAL_RCC_CSSCallback
                0x00000000        0x2 Drivers\STM32F4xx_HAL_Driver\stm32f4xx_hal_rcc.o
 .text.HAL_RCC_NMI_IRQHandler
                0x00000000       0x20 Drivers\STM32F4xx_HAL_Driver\stm32f4xx_hal_rcc.o
 .text          0x00000000        0x0 Drivers\STM32F4xx_HAL_Driver\stm32f4xx_hal_pwr_ex.o
 .data          0x00000000        0x0 Drivers\STM32F4xx_HAL_Driver\stm32f4xx_hal_pwr_ex.o
 .bss           0x00000000        0x0 Drivers\STM32F4xx_HAL_Driver\stm32f4xx_hal_pwr_ex.o
 .text.HAL_PWREx_EnableBkUpReg
                0x00000000       0x44 Drivers\STM32F4xx_HAL_Driver\stm32f4xx_hal_pwr_ex.o
 .text.HAL_PWREx_DisableBkUpReg
                0x00000000       0x44 Drivers\STM32F4xx_HAL_Driver\stm32f4xx_hal_pwr_ex.o
 .text.HAL_PWREx_EnableFlashPowerDown
                0x00000000       0x1c Drivers\STM32F4xx_HAL_Driver\stm32f4xx_hal_pwr_ex.o
 .text.HAL_PWREx_DisableFlashPowerDown
                0x00000000       0x1c Drivers\STM32F4xx_HAL_Driver\stm32f4xx_hal_pwr_ex.o
 .text.HAL_PWREx_GetVoltageRange
                0x00000000       0x10 Drivers\STM32F4xx_HAL_Driver\stm32f4xx_hal_pwr_ex.o
 .text.HAL_PWREx_ControlVoltageScaling
                0x00000000       0x5c Drivers\STM32F4xx_HAL_Driver\stm32f4xx_hal_pwr_ex.o
 .debug_info    0x00000000      0x50f Drivers\STM32F4xx_HAL_Driver\stm32f4xx_hal_pwr_ex.o
 .debug_abbrev  0x00000000      0x1c2 Drivers\STM32F4xx_HAL_Driver\stm32f4xx_hal_pwr_ex.o
 .debug_loc     0x00000000       0xd6 Drivers\STM32F4xx_HAL_Driver\stm32f4xx_hal_pwr_ex.o
 .debug_aranges
                0x00000000       0x48 Drivers\STM32F4xx_HAL_Driver\stm32f4xx_hal_pwr_ex.o
 .debug_ranges  0x00000000       0x68 Drivers\STM32F4xx_HAL_Driver\stm32f4xx_hal_pwr_ex.o
 .debug_line    0x00000000      0x3af Drivers\STM32F4xx_HAL_Driver\stm32f4xx_hal_pwr_ex.o
 .debug_str     0x00000000      0x486 Drivers\STM32F4xx_HAL_Driver\stm32f4xx_hal_pwr_ex.o
 .comment       0x00000000       0x7f Drivers\STM32F4xx_HAL_Driver\stm32f4xx_hal_pwr_ex.o
 .debug_frame   0x00000000       0x94 Drivers\STM32F4xx_HAL_Driver\stm32f4xx_hal_pwr_ex.o
 .ARM.attributes
                0x00000000       0x39 Drivers\STM32F4xx_HAL_Driver\stm32f4xx_hal_pwr_ex.o
 .text          0x00000000        0x0 Drivers\STM32F4xx_HAL_Driver\stm32f4xx_hal_pwr.o
 .data          0x00000000        0x0 Drivers\STM32F4xx_HAL_Driver\stm32f4xx_hal_pwr.o
 .bss           0x00000000        0x0 Drivers\STM32F4xx_HAL_Driver\stm32f4xx_hal_pwr.o
 .text.HAL_PWR_DeInit
                0x00000000       0x18 Drivers\STM32F4xx_HAL_Driver\stm32f4xx_hal_pwr.o
 .text.HAL_PWR_EnableBkUpAccess
                0x00000000       0x1c Drivers\STM32F4xx_HAL_Driver\stm32f4xx_hal_pwr.o
 .text.HAL_PWR_DisableBkUpAccess
                0x00000000       0x1c Drivers\STM32F4xx_HAL_Driver\stm32f4xx_hal_pwr.o
 .text.HAL_PWR_ConfigPVD
                0x00000000       0x70 Drivers\STM32F4xx_HAL_Driver\stm32f4xx_hal_pwr.o
 .text.HAL_PWR_EnablePVD
                0x00000000       0x1a Drivers\STM32F4xx_HAL_Driver\stm32f4xx_hal_pwr.o
 .text.HAL_PWR_DisablePVD
                0x00000000       0x1a Drivers\STM32F4xx_HAL_Driver\stm32f4xx_hal_pwr.o
 .text.HAL_PWR_EnableWakeUpPin
                0x00000000       0x10 Drivers\STM32F4xx_HAL_Driver\stm32f4xx_hal_pwr.o
 .text.HAL_PWR_DisableWakeUpPin
                0x00000000       0x10 Drivers\STM32F4xx_HAL_Driver\stm32f4xx_hal_pwr.o
 .text.HAL_PWR_EnterSLEEPMode
                0x00000000       0x20 Drivers\STM32F4xx_HAL_Driver\stm32f4xx_hal_pwr.o
 .text.HAL_PWR_EnterSTOPMode
                0x00000000       0x38 Drivers\STM32F4xx_HAL_Driver\stm32f4xx_hal_pwr.o
 .text.HAL_PWR_EnterSTANDBYMode
                0x00000000       0x20 Drivers\STM32F4xx_HAL_Driver\stm32f4xx_hal_pwr.o
 .text.HAL_PWR_PVDCallback
                0x00000000        0x2 Drivers\STM32F4xx_HAL_Driver\stm32f4xx_hal_pwr.o
 .text.HAL_PWR_PVD_IRQHandler
                0x00000000       0x1c Drivers\STM32F4xx_HAL_Driver\stm32f4xx_hal_pwr.o
 .text.HAL_PWR_EnableSleepOnExit
                0x00000000       0x10 Drivers\STM32F4xx_HAL_Driver\stm32f4xx_hal_pwr.o
 .text.HAL_PWR_DisableSleepOnExit
                0x00000000       0x10 Drivers\STM32F4xx_HAL_Driver\stm32f4xx_hal_pwr.o
 .text.HAL_PWR_EnableSEVOnPend
                0x00000000       0x10 Drivers\STM32F4xx_HAL_Driver\stm32f4xx_hal_pwr.o
 .text.HAL_PWR_DisableSEVOnPend
                0x00000000       0x10 Drivers\STM32F4xx_HAL_Driver\stm32f4xx_hal_pwr.o
 .debug_info    0x00000000      0x86e Drivers\STM32F4xx_HAL_Driver\stm32f4xx_hal_pwr.o
 .debug_abbrev  0x00000000      0x1f5 Drivers\STM32F4xx_HAL_Driver\stm32f4xx_hal_pwr.o
 .debug_loc     0x00000000       0xd8 Drivers\STM32F4xx_HAL_Driver\stm32f4xx_hal_pwr.o
 .debug_aranges
                0x00000000       0xa0 Drivers\STM32F4xx_HAL_Driver\stm32f4xx_hal_pwr.o
 .debug_ranges  0x00000000       0x90 Drivers\STM32F4xx_HAL_Driver\stm32f4xx_hal_pwr.o
 .debug_line    0x00000000      0x471 Drivers\STM32F4xx_HAL_Driver\stm32f4xx_hal_pwr.o
 .debug_str     0x00000000      0x5dd Drivers\STM32F4xx_HAL_Driver\stm32f4xx_hal_pwr.o
 .comment       0x00000000       0x7f Drivers\STM32F4xx_HAL_Driver\stm32f4xx_hal_pwr.o
 .debug_frame   0x00000000      0x128 Drivers\STM32F4xx_HAL_Driver\stm32f4xx_hal_pwr.o
 .ARM.attributes
                0x00000000       0x39 Drivers\STM32F4xx_HAL_Driver\stm32f4xx_hal_pwr.o
 .text          0x00000000        0x0 Drivers\STM32F4xx_HAL_Driver\stm32f4xx_hal_gpio.o
 .data          0x00000000        0x0 Drivers\STM32F4xx_HAL_Driver\stm32f4xx_hal_gpio.o
 .bss           0x00000000        0x0 Drivers\STM32F4xx_HAL_Driver\stm32f4xx_hal_gpio.o
 .text.HAL_GPIO_DeInit
                0x00000000      0x130 Drivers\STM32F4xx_HAL_Driver\stm32f4xx_hal_gpio.o
 .text.HAL_GPIO_ReadPin
                0x00000000        0xc Drivers\STM32F4xx_HAL_Driver\stm32f4xx_hal_gpio.o
 .text.HAL_GPIO_WritePin
                0x00000000        0x8 Drivers\STM32F4xx_HAL_Driver\stm32f4xx_hal_gpio.o
 .text.HAL_GPIO_TogglePin
                0x00000000        0x8 Drivers\STM32F4xx_HAL_Driver\stm32f4xx_hal_gpio.o
 .text.HAL_GPIO_LockPin
                0x00000000       0x2a Drivers\STM32F4xx_HAL_Driver\stm32f4xx_hal_gpio.o
 .text.HAL_GPIO_EXTI_Callback
                0x00000000        0x2 Drivers\STM32F4xx_HAL_Driver\stm32f4xx_hal_gpio.o
 .text.HAL_GPIO_EXTI_IRQHandler
                0x00000000       0x18 Drivers\STM32F4xx_HAL_Driver\stm32f4xx_hal_gpio.o
 .text          0x00000000        0x0 Drivers\STM32F4xx_HAL_Driver\stm32f4xx_hal_flash_ramfunc.o
 .data          0x00000000        0x0 Drivers\STM32F4xx_HAL_Driver\stm32f4xx_hal_flash_ramfunc.o
 .bss           0x00000000        0x0 Drivers\STM32F4xx_HAL_Driver\stm32f4xx_hal_flash_ramfunc.o
 .debug_info    0x00000000       0xa0 Drivers\STM32F4xx_HAL_Driver\stm32f4xx_hal_flash_ramfunc.o
 .debug_abbrev  0x00000000       0x4b Drivers\STM32F4xx_HAL_Driver\stm32f4xx_hal_flash_ramfunc.o
 .debug_aranges
                0x00000000       0x18 Drivers\STM32F4xx_HAL_Driver\stm32f4xx_hal_flash_ramfunc.o
 .debug_line    0x00000000      0x165 Drivers\STM32F4xx_HAL_Driver\stm32f4xx_hal_flash_ramfunc.o
 .debug_str     0x00000000      0x23a Drivers\STM32F4xx_HAL_Driver\stm32f4xx_hal_flash_ramfunc.o
 .comment       0x00000000       0x7f Drivers\STM32F4xx_HAL_Driver\stm32f4xx_hal_flash_ramfunc.o
 .ARM.attributes
                0x00000000       0x39 Drivers\STM32F4xx_HAL_Driver\stm32f4xx_hal_flash_ramfunc.o
 .text          0x00000000        0x0 Drivers\STM32F4xx_HAL_Driver\stm32f4xx_hal_flash_ex.o
 .data          0x00000000        0x0 Drivers\STM32F4xx_HAL_Driver\stm32f4xx_hal_flash_ex.o
 .bss           0x00000000        0x0 Drivers\STM32F4xx_HAL_Driver\stm32f4xx_hal_flash_ex.o
 .text.FLASH_MassErase.isra.0
                0x00000000       0x24 Drivers\STM32F4xx_HAL_Driver\stm32f4xx_hal_flash_ex.o
 .text.HAL_FLASHEx_OBProgram
                0x00000000       0xb4 Drivers\STM32F4xx_HAL_Driver\stm32f4xx_hal_flash_ex.o
 .text.HAL_FLASHEx_OBGetConfig
                0x00000000       0x48 Drivers\STM32F4xx_HAL_Driver\stm32f4xx_hal_flash_ex.o
 .text.FLASH_Erase_Sector
                0x00000000       0x54 Drivers\STM32F4xx_HAL_Driver\stm32f4xx_hal_flash_ex.o
 .text.HAL_FLASHEx_Erase_IT
                0x00000000       0x60 Drivers\STM32F4xx_HAL_Driver\stm32f4xx_hal_flash_ex.o
 .text.FLASH_FlushCaches
                0x00000000       0x58 Drivers\STM32F4xx_HAL_Driver\stm32f4xx_hal_flash_ex.o
 .text.HAL_FLASHEx_Erase
                0x00000000       0xa0 Drivers\STM32F4xx_HAL_Driver\stm32f4xx_hal_flash_ex.o
 .debug_info    0x00000000      0x892 Drivers\STM32F4xx_HAL_Driver\stm32f4xx_hal_flash_ex.o
 .debug_abbrev  0x00000000      0x2dc Drivers\STM32F4xx_HAL_Driver\stm32f4xx_hal_flash_ex.o
 .debug_loc     0x00000000      0x3fb Drivers\STM32F4xx_HAL_Driver\stm32f4xx_hal_flash_ex.o
 .debug_aranges
                0x00000000       0x50 Drivers\STM32F4xx_HAL_Driver\stm32f4xx_hal_flash_ex.o
 .debug_ranges  0x00000000       0xd8 Drivers\STM32F4xx_HAL_Driver\stm32f4xx_hal_flash_ex.o
 .debug_line    0x00000000      0x4ee Drivers\STM32F4xx_HAL_Driver\stm32f4xx_hal_flash_ex.o
 .debug_str     0x00000000      0x62e Drivers\STM32F4xx_HAL_Driver\stm32f4xx_hal_flash_ex.o
 .comment       0x00000000       0x7f Drivers\STM32F4xx_HAL_Driver\stm32f4xx_hal_flash_ex.o
 .debug_frame   0x00000000       0xa8 Drivers\STM32F4xx_HAL_Driver\stm32f4xx_hal_flash_ex.o
 .ARM.attributes
                0x00000000       0x39 Drivers\STM32F4xx_HAL_Driver\stm32f4xx_hal_flash_ex.o
 .text          0x00000000        0x0 Drivers\STM32F4xx_HAL_Driver\stm32f4xx_hal_flash.o
 .data          0x00000000        0x0 Drivers\STM32F4xx_HAL_Driver\stm32f4xx_hal_flash.o
 .bss           0x00000000        0x0 Drivers\STM32F4xx_HAL_Driver\stm32f4xx_hal_flash.o
 .text.FLASH_Program_Word
                0x00000000       0x24 Drivers\STM32F4xx_HAL_Driver\stm32f4xx_hal_flash.o
 .text.FLASH_Program_HalfWord
                0x00000000       0x24 Drivers\STM32F4xx_HAL_Driver\stm32f4xx_hal_flash.o
 .text.FLASH_SetErrorCode
                0x00000000       0x90 Drivers\STM32F4xx_HAL_Driver\stm32f4xx_hal_flash.o
 .text.HAL_FLASH_Program_IT
                0x00000000       0x90 Drivers\STM32F4xx_HAL_Driver\stm32f4xx_hal_flash.o
 .text.HAL_FLASH_EndOfOperationCallback
                0x00000000        0x2 Drivers\STM32F4xx_HAL_Driver\stm32f4xx_hal_flash.o
 .text.HAL_FLASH_OperationErrorCallback
                0x00000000        0x2 Drivers\STM32F4xx_HAL_Driver\stm32f4xx_hal_flash.o
 .text.HAL_FLASH_IRQHandler
                0x00000000       0xcc Drivers\STM32F4xx_HAL_Driver\stm32f4xx_hal_flash.o
 .text.HAL_FLASH_Unlock
                0x00000000       0x24 Drivers\STM32F4xx_HAL_Driver\stm32f4xx_hal_flash.o
 .text.HAL_FLASH_Lock
                0x00000000       0x14 Drivers\STM32F4xx_HAL_Driver\stm32f4xx_hal_flash.o
 .text.HAL_FLASH_OB_Unlock
                0x00000000       0x24 Drivers\STM32F4xx_HAL_Driver\stm32f4xx_hal_flash.o
 .text.HAL_FLASH_OB_Lock
                0x00000000       0x14 Drivers\STM32F4xx_HAL_Driver\stm32f4xx_hal_flash.o
 .text.HAL_FLASH_GetError
                0x00000000        0xc Drivers\STM32F4xx_HAL_Driver\stm32f4xx_hal_flash.o
 .text.FLASH_WaitForLastOperation
                0x00000000       0x5c Drivers\STM32F4xx_HAL_Driver\stm32f4xx_hal_flash.o
 .text.HAL_FLASH_Program
                0x00000000       0xac Drivers\STM32F4xx_HAL_Driver\stm32f4xx_hal_flash.o
 .text.HAL_FLASH_OB_Launch
                0x00000000       0x18 Drivers\STM32F4xx_HAL_Driver\stm32f4xx_hal_flash.o
 .debug_info    0x00000000      0x6e5 Drivers\STM32F4xx_HAL_Driver\stm32f4xx_hal_flash.o
 .debug_abbrev  0x00000000      0x2c4 Drivers\STM32F4xx_HAL_Driver\stm32f4xx_hal_flash.o
 .debug_loc     0x00000000      0x2ef Drivers\STM32F4xx_HAL_Driver\stm32f4xx_hal_flash.o
 .debug_aranges
                0x00000000       0x88 Drivers\STM32F4xx_HAL_Driver\stm32f4xx_hal_flash.o
 .debug_ranges  0x00000000       0xa8 Drivers\STM32F4xx_HAL_Driver\stm32f4xx_hal_flash.o
 .debug_line    0x00000000      0x50e Drivers\STM32F4xx_HAL_Driver\stm32f4xx_hal_flash.o
 .debug_str     0x00000000      0x5a3 Drivers\STM32F4xx_HAL_Driver\stm32f4xx_hal_flash.o
 .comment       0x00000000       0x7f Drivers\STM32F4xx_HAL_Driver\stm32f4xx_hal_flash.o
 .debug_frame   0x00000000      0x138 Drivers\STM32F4xx_HAL_Driver\stm32f4xx_hal_flash.o
 .ARM.attributes
                0x00000000       0x39 Drivers\STM32F4xx_HAL_Driver\stm32f4xx_hal_flash.o
 COMMON         0x00000000       0x20 Drivers\STM32F4xx_HAL_Driver\stm32f4xx_hal_flash.o
 .text          0x00000000        0x0 Drivers\STM32F4xx_HAL_Driver\stm32f4xx_hal_dma_ex.o
 .data          0x00000000        0x0 Drivers\STM32F4xx_HAL_Driver\stm32f4xx_hal_dma_ex.o
 .bss           0x00000000        0x0 Drivers\STM32F4xx_HAL_Driver\stm32f4xx_hal_dma_ex.o
 .text.HAL_DMAEx_MultiBufferStart
                0x00000000       0x5a Drivers\STM32F4xx_HAL_Driver\stm32f4xx_hal_dma_ex.o
 .text.HAL_DMAEx_MultiBufferStart_IT
                0x00000000      0x3e4 Drivers\STM32F4xx_HAL_Driver\stm32f4xx_hal_dma_ex.o
 .text.HAL_DMAEx_ChangeMemory
                0x00000000        0xe Drivers\STM32F4xx_HAL_Driver\stm32f4xx_hal_dma_ex.o
 .debug_info    0x00000000      0x583 Drivers\STM32F4xx_HAL_Driver\stm32f4xx_hal_dma_ex.o
 .debug_abbrev  0x00000000      0x1a3 Drivers\STM32F4xx_HAL_Driver\stm32f4xx_hal_dma_ex.o
 .debug_loc     0x00000000      0x453 Drivers\STM32F4xx_HAL_Driver\stm32f4xx_hal_dma_ex.o
 .debug_aranges
                0x00000000       0x30 Drivers\STM32F4xx_HAL_Driver\stm32f4xx_hal_dma_ex.o
 .debug_ranges  0x00000000       0x50 Drivers\STM32F4xx_HAL_Driver\stm32f4xx_hal_dma_ex.o
 .debug_line    0x00000000      0x655 Drivers\STM32F4xx_HAL_Driver\stm32f4xx_hal_dma_ex.o
 .debug_str     0x00000000      0x5c9 Drivers\STM32F4xx_HAL_Driver\stm32f4xx_hal_dma_ex.o
 .comment       0x00000000       0x7f Drivers\STM32F4xx_HAL_Driver\stm32f4xx_hal_dma_ex.o
 .debug_frame   0x00000000       0x58 Drivers\STM32F4xx_HAL_Driver\stm32f4xx_hal_dma_ex.o
 .ARM.attributes
                0x00000000       0x39 Drivers\STM32F4xx_HAL_Driver\stm32f4xx_hal_dma_ex.o
 .text          0x00000000        0x0 Drivers\STM32F4xx_HAL_Driver\stm32f4xx_hal_dma.o
 .data          0x00000000        0x0 Drivers\STM32F4xx_HAL_Driver\stm32f4xx_hal_dma.o
 .bss           0x00000000        0x0 Drivers\STM32F4xx_HAL_Driver\stm32f4xx_hal_dma.o
 .text.DMA_CalcBaseAndBitshift
                0x00000000       0x2c Drivers\STM32F4xx_HAL_Driver\stm32f4xx_hal_dma.o
 .text.HAL_DMA_Init
                0x00000000       0xec Drivers\STM32F4xx_HAL_Driver\stm32f4xx_hal_dma.o
 .text.HAL_DMA_DeInit
                0x00000000       0x4a Drivers\STM32F4xx_HAL_Driver\stm32f4xx_hal_dma.o
 .text.HAL_DMA_Start
                0x00000000       0x58 Drivers\STM32F4xx_HAL_Driver\stm32f4xx_hal_dma.o
 .text.HAL_DMA_Start_IT
                0x00000000       0x80 Drivers\STM32F4xx_HAL_Driver\stm32f4xx_hal_dma.o
 .text.HAL_DMA_Abort
                0x00000000       0x86 Drivers\STM32F4xx_HAL_Driver\stm32f4xx_hal_dma.o
 .text.HAL_DMA_Abort_IT
                0x00000000       0x24 Drivers\STM32F4xx_HAL_Driver\stm32f4xx_hal_dma.o
 .text.HAL_DMA_PollForTransfer
                0x00000000      0x120 Drivers\STM32F4xx_HAL_Driver\stm32f4xx_hal_dma.o
 .text.HAL_DMA_IRQHandler
                0x00000000      0x17c Drivers\STM32F4xx_HAL_Driver\stm32f4xx_hal_dma.o
 .text.HAL_DMA_RegisterCallback
                0x00000000       0x4c Drivers\STM32F4xx_HAL_Driver\stm32f4xx_hal_dma.o
 .text.HAL_DMA_UnRegisterCallback
                0x00000000       0x5c Drivers\STM32F4xx_HAL_Driver\stm32f4xx_hal_dma.o
 .text.HAL_DMA_GetState
                0x00000000        0x6 Drivers\STM32F4xx_HAL_Driver\stm32f4xx_hal_dma.o
 .text.HAL_DMA_GetError
                0x00000000        0x4 Drivers\STM32F4xx_HAL_Driver\stm32f4xx_hal_dma.o
 .rodata.flagBitshiftOffset.7152
                0x00000000        0x8 Drivers\STM32F4xx_HAL_Driver\stm32f4xx_hal_dma.o
 .debug_info    0x00000000      0xa28 Drivers\STM32F4xx_HAL_Driver\stm32f4xx_hal_dma.o
 .debug_abbrev  0x00000000      0x2dd Drivers\STM32F4xx_HAL_Driver\stm32f4xx_hal_dma.o
 .debug_loc     0x00000000      0x757 Drivers\STM32F4xx_HAL_Driver\stm32f4xx_hal_dma.o
 .debug_aranges
                0x00000000       0x80 Drivers\STM32F4xx_HAL_Driver\stm32f4xx_hal_dma.o
 .debug_ranges  0x00000000       0xa8 Drivers\STM32F4xx_HAL_Driver\stm32f4xx_hal_dma.o
 .debug_line    0x00000000      0x62c Drivers\STM32F4xx_HAL_Driver\stm32f4xx_hal_dma.o
 .debug_str     0x00000000      0x7f6 Drivers\STM32F4xx_HAL_Driver\stm32f4xx_hal_dma.o
 .comment       0x00000000       0x7f Drivers\STM32F4xx_HAL_Driver\stm32f4xx_hal_dma.o
 .debug_frame   0x00000000      0x150 Drivers\STM32F4xx_HAL_Driver\stm32f4xx_hal_dma.o
 .ARM.attributes
                0x00000000       0x39 Drivers\STM32F4xx_HAL_Driver\stm32f4xx_hal_dma.o
 .text          0x00000000        0x0 Drivers\STM32F4xx_HAL_Driver\stm32f4xx_hal_cortex.o
 .data          0x00000000        0x0 Drivers\STM32F4xx_HAL_Driver\stm32f4xx_hal_cortex.o
 .bss           0x00000000        0x0 Drivers\STM32F4xx_HAL_Driver\stm32f4xx_hal_cortex.o
 .text.HAL_NVIC_EnableIRQ
                0x00000000       0x18 Drivers\STM32F4xx_HAL_Driver\stm32f4xx_hal_cortex.o
 .text.HAL_NVIC_DisableIRQ
                0x00000000       0x1c Drivers\STM32F4xx_HAL_Driver\stm32f4xx_hal_cortex.o
 .text.HAL_NVIC_SystemReset
                0x00000000       0x24 Drivers\STM32F4xx_HAL_Driver\stm32f4xx_hal_cortex.o
 .text.HAL_MPU_ConfigRegion
                0x00000000       0x4c Drivers\STM32F4xx_HAL_Driver\stm32f4xx_hal_cortex.o
 .text.HAL_NVIC_GetPriorityGrouping
                0x00000000       0x10 Drivers\STM32F4xx_HAL_Driver\stm32f4xx_hal_cortex.o
 .text.HAL_NVIC_GetPriority
                0x00000000       0x58 Drivers\STM32F4xx_HAL_Driver\stm32f4xx_hal_cortex.o
 .text.HAL_NVIC_SetPendingIRQ
                0x00000000       0x1c Drivers\STM32F4xx_HAL_Driver\stm32f4xx_hal_cortex.o
 .text.HAL_NVIC_GetPendingIRQ
                0x00000000       0x1c Drivers\STM32F4xx_HAL_Driver\stm32f4xx_hal_cortex.o
 .text.HAL_NVIC_ClearPendingIRQ
                0x00000000       0x1c Drivers\STM32F4xx_HAL_Driver\stm32f4xx_hal_cortex.o
 .text.HAL_NVIC_GetActive
                0x00000000       0x1c Drivers\STM32F4xx_HAL_Driver\stm32f4xx_hal_cortex.o
 .text          0x00000000        0x0 Drivers\STM32F4xx_HAL_Driver\stm32f4xx_hal_adc_ex.o
 .data          0x00000000        0x0 Drivers\STM32F4xx_HAL_Driver\stm32f4xx_hal_adc_ex.o
 .bss           0x00000000        0x0 Drivers\STM32F4xx_HAL_Driver\stm32f4xx_hal_adc_ex.o
 .text.ADC_MultiModeDMAError
                0x00000000       0x12 Drivers\STM32F4xx_HAL_Driver\stm32f4xx_hal_adc_ex.o
 .text.ADC_MultiModeDMAHalfConvCplt
                0x00000000        0x6 Drivers\STM32F4xx_HAL_Driver\stm32f4xx_hal_adc_ex.o
 .text.ADC_MultiModeDMAConvCplt
                0x00000000       0x58 Drivers\STM32F4xx_HAL_Driver\stm32f4xx_hal_adc_ex.o
 .text.HAL_ADCEx_InjectedStart
                0x00000000       0xb4 Drivers\STM32F4xx_HAL_Driver\stm32f4xx_hal_adc_ex.o
 .text.HAL_ADCEx_InjectedStart_IT
                0x00000000       0xbc Drivers\STM32F4xx_HAL_Driver\stm32f4xx_hal_adc_ex.o
 .text.HAL_ADCEx_InjectedStop
                0x00000000       0x5a Drivers\STM32F4xx_HAL_Driver\stm32f4xx_hal_adc_ex.o
 .text.HAL_ADCEx_InjectedPollForConversion
                0x00000000       0x8a Drivers\STM32F4xx_HAL_Driver\stm32f4xx_hal_adc_ex.o
 .text.HAL_ADCEx_InjectedStop_IT
                0x00000000       0x62 Drivers\STM32F4xx_HAL_Driver\stm32f4xx_hal_adc_ex.o
 .text.HAL_ADCEx_InjectedGetValue
                0x00000000       0x32 Drivers\STM32F4xx_HAL_Driver\stm32f4xx_hal_adc_ex.o
 .text.HAL_ADCEx_MultiModeStart_DMA
                0x00000000       0xfc Drivers\STM32F4xx_HAL_Driver\stm32f4xx_hal_adc_ex.o
 .text.HAL_ADCEx_MultiModeStop_DMA
                0x00000000       0x60 Drivers\STM32F4xx_HAL_Driver\stm32f4xx_hal_adc_ex.o
 .text.HAL_ADCEx_MultiModeGetValue
                0x00000000        0xc Drivers\STM32F4xx_HAL_Driver\stm32f4xx_hal_adc_ex.o
 .text.HAL_ADCEx_InjectedConvCpltCallback
                0x00000000        0x2 Drivers\STM32F4xx_HAL_Driver\stm32f4xx_hal_adc_ex.o
 .text.HAL_ADCEx_InjectedConfigChannel
                0x00000000      0x190 Drivers\STM32F4xx_HAL_Driver\stm32f4xx_hal_adc_ex.o
 .text.HAL_ADCEx_MultiModeConfigChannel
                0x00000000       0x50 Drivers\STM32F4xx_HAL_Driver\stm32f4xx_hal_adc_ex.o
 .debug_info    0x00000000      0xb18 Drivers\STM32F4xx_HAL_Driver\stm32f4xx_hal_adc_ex.o
 .debug_abbrev  0x00000000      0x25c Drivers\STM32F4xx_HAL_Driver\stm32f4xx_hal_adc_ex.o
 .debug_loc     0x00000000      0x688 Drivers\STM32F4xx_HAL_Driver\stm32f4xx_hal_adc_ex.o
 .debug_aranges
                0x00000000       0x90 Drivers\STM32F4xx_HAL_Driver\stm32f4xx_hal_adc_ex.o
 .debug_ranges  0x00000000       0x80 Drivers\STM32F4xx_HAL_Driver\stm32f4xx_hal_adc_ex.o
 .debug_line    0x00000000      0x664 Drivers\STM32F4xx_HAL_Driver\stm32f4xx_hal_adc_ex.o
 .debug_str     0x00000000      0xa18 Drivers\STM32F4xx_HAL_Driver\stm32f4xx_hal_adc_ex.o
 .comment       0x00000000       0x7f Drivers\STM32F4xx_HAL_Driver\stm32f4xx_hal_adc_ex.o
 .debug_frame   0x00000000      0x154 Drivers\STM32F4xx_HAL_Driver\stm32f4xx_hal_adc_ex.o
 .ARM.attributes
                0x00000000       0x39 Drivers\STM32F4xx_HAL_Driver\stm32f4xx_hal_adc_ex.o
 .text          0x00000000        0x0 Drivers\STM32F4xx_HAL_Driver\stm32f4xx_hal_adc.o
 .data          0x00000000        0x0 Drivers\STM32F4xx_HAL_Driver\stm32f4xx_hal_adc.o
 .bss           0x00000000        0x0 Drivers\STM32F4xx_HAL_Driver\stm32f4xx_hal_adc.o
 .text.HAL_ADC_MspInit
                0x00000000        0x2 Drivers\STM32F4xx_HAL_Driver\stm32f4xx_hal_adc.o
 .text.HAL_ADC_MspDeInit
                0x00000000        0x2 Drivers\STM32F4xx_HAL_Driver\stm32f4xx_hal_adc.o
 .text.HAL_ADC_DeInit
                0x00000000       0x34 Drivers\STM32F4xx_HAL_Driver\stm32f4xx_hal_adc.o
 .text.HAL_ADC_Stop
                0x00000000       0x3c Drivers\STM32F4xx_HAL_Driver\stm32f4xx_hal_adc.o
 .text.HAL_ADC_PollForEvent
                0x00000000       0x66 Drivers\STM32F4xx_HAL_Driver\stm32f4xx_hal_adc.o
 .text.HAL_ADC_Start_IT
                0x00000000       0xcc Drivers\STM32F4xx_HAL_Driver\stm32f4xx_hal_adc.o
 .text.HAL_ADC_Stop_IT
                0x00000000       0x48 Drivers\STM32F4xx_HAL_Driver\stm32f4xx_hal_adc.o
 .text.HAL_ADC_Start_DMA
                0x00000000      0x100 Drivers\STM32F4xx_HAL_Driver\stm32f4xx_hal_adc.o
 .text.HAL_ADC_Stop_DMA
                0x00000000       0x5a Drivers\STM32F4xx_HAL_Driver\stm32f4xx_hal_adc.o
 .text.HAL_ADC_ConvCpltCallback
                0x00000000        0x2 Drivers\STM32F4xx_HAL_Driver\stm32f4xx_hal_adc.o
 .text.ADC_DMAConvCplt
                0x00000000       0x60 Drivers\STM32F4xx_HAL_Driver\stm32f4xx_hal_adc.o
 .text.HAL_ADC_ConvHalfCpltCallback
                0x00000000        0x2 Drivers\STM32F4xx_HAL_Driver\stm32f4xx_hal_adc.o
 .text.ADC_DMAHalfConvCplt
                0x00000000        0xa Drivers\STM32F4xx_HAL_Driver\stm32f4xx_hal_adc.o
 .text.HAL_ADC_LevelOutOfWindowCallback
                0x00000000        0x2 Drivers\STM32F4xx_HAL_Driver\stm32f4xx_hal_adc.o
 .text.HAL_ADC_ErrorCallback
                0x00000000        0x2 Drivers\STM32F4xx_HAL_Driver\stm32f4xx_hal_adc.o
 .text.HAL_ADC_IRQHandler
                0x00000000      0x128 Drivers\STM32F4xx_HAL_Driver\stm32f4xx_hal_adc.o
 .text.ADC_DMAError
                0x00000000       0x16 Drivers\STM32F4xx_HAL_Driver\stm32f4xx_hal_adc.o
 .text.HAL_ADC_AnalogWDGConfig
                0x00000000       0x5e Drivers\STM32F4xx_HAL_Driver\stm32f4xx_hal_adc.o
 .text.HAL_ADC_GetState
                0x00000000        0x4 Drivers\STM32F4xx_HAL_Driver\stm32f4xx_hal_adc.o
 .text.HAL_ADC_GetError
                0x00000000        0x4 Drivers\STM32F4xx_HAL_Driver\stm32f4xx_hal_adc.o
 .text          0x00000000        0x0 Drivers\STM32F4xx_HAL_Driver\stm32f4xx_hal.o
 .data          0x00000000        0x0 Drivers\STM32F4xx_HAL_Driver\stm32f4xx_hal.o
 .bss           0x00000000        0x0 Drivers\STM32F4xx_HAL_Driver\stm32f4xx_hal.o
 .text.HAL_MspInit
                0x00000000        0x2 Drivers\STM32F4xx_HAL_Driver\stm32f4xx_hal.o
 .text.HAL_MspDeInit
                0x00000000        0x2 Drivers\STM32F4xx_HAL_Driver\stm32f4xx_hal.o
 .text.HAL_DeInit
                0x00000000       0x2c Drivers\STM32F4xx_HAL_Driver\stm32f4xx_hal.o
 .text.HAL_SuspendTick
                0x00000000       0x10 Drivers\STM32F4xx_HAL_Driver\stm32f4xx_hal.o
 .text.HAL_ResumeTick
                0x00000000       0x10 Drivers\STM32F4xx_HAL_Driver\stm32f4xx_hal.o
 .text.HAL_GetHalVersion
                0x00000000        0x8 Drivers\STM32F4xx_HAL_Driver\stm32f4xx_hal.o
 .text.HAL_GetREVID
                0x00000000        0xc Drivers\STM32F4xx_HAL_Driver\stm32f4xx_hal.o
 .text.HAL_GetDEVID
                0x00000000       0x10 Drivers\STM32F4xx_HAL_Driver\stm32f4xx_hal.o
 .text.HAL_DBGMCU_EnableDBGSleepMode
                0x00000000       0x10 Drivers\STM32F4xx_HAL_Driver\stm32f4xx_hal.o
 .text.HAL_DBGMCU_DisableDBGSleepMode
                0x00000000       0x10 Drivers\STM32F4xx_HAL_Driver\stm32f4xx_hal.o
 .text.HAL_DBGMCU_EnableDBGStopMode
                0x00000000       0x10 Drivers\STM32F4xx_HAL_Driver\stm32f4xx_hal.o
 .text.HAL_DBGMCU_DisableDBGStopMode
                0x00000000       0x10 Drivers\STM32F4xx_HAL_Driver\stm32f4xx_hal.o
 .text.HAL_DBGMCU_EnableDBGStandbyMode
                0x00000000       0x10 Drivers\STM32F4xx_HAL_Driver\stm32f4xx_hal.o
 .text.HAL_DBGMCU_DisableDBGStandbyMode
                0x00000000       0x10 Drivers\STM32F4xx_HAL_Driver\stm32f4xx_hal.o
 .text.HAL_EnableCompensationCell
                0x00000000       0x18 Drivers\STM32F4xx_HAL_Driver\stm32f4xx_hal.o
 .text.HAL_DisableCompensationCell
                0x00000000       0x1c Drivers\STM32F4xx_HAL_Driver\stm32f4xx_hal.o
 .text          0x00000000        0x0 Drivers\CMSIS\system_stm32f4xx.o
 .data          0x00000000        0x0 Drivers\CMSIS\system_stm32f4xx.o
 .bss           0x00000000        0x0 Drivers\CMSIS\system_stm32f4xx.o
 .text.SystemCoreClockUpdate
                0x00000000       0x74 Drivers\CMSIS\system_stm32f4xx.o
 .rodata.AHBPrescTable
                0x00000000       0x10 Drivers\CMSIS\system_stm32f4xx.o
 .text          0x00000000       0x14 Application\TrueSTUDIO\startup_stm32f405xx.o
 .data          0x00000000        0x0 Application\TrueSTUDIO\startup_stm32f405xx.o
 .bss           0x00000000        0x0 Application\TrueSTUDIO\startup_stm32f405xx.o
 .text          0x00000000        0x0 c:/program files (x86)/atollic/truestudio for arm 5.5.2/armtools/bin/../lib/gcc/arm-atollic-eabi/5.3.1/../../../../arm-atollic-eabi/lib/armv7e-m/fpu\libc.a(lib_a-init.o)
 .data          0x00000000        0x0 c:/program files (x86)/atollic/truestudio for arm 5.5.2/armtools/bin/../lib/gcc/arm-atollic-eabi/5.3.1/../../../../arm-atollic-eabi/lib/armv7e-m/fpu\libc.a(lib_a-init.o)
 .bss           0x00000000        0x0 c:/program files (x86)/atollic/truestudio for arm 5.5.2/armtools/bin/../lib/gcc/arm-atollic-eabi/5.3.1/../../../../arm-atollic-eabi/lib/armv7e-m/fpu\libc.a(lib_a-init.o)
 .text          0x00000000        0x0 c:/program files (x86)/atollic/truestudio for arm 5.5.2/armtools/bin/../lib/gcc/arm-atollic-eabi/5.3.1/armv7e-m/fpu/crtend.o
 .data          0x00000000        0x0 c:/program files (x86)/atollic/truestudio for arm 5.5.2/armtools/bin/../lib/gcc/arm-atollic-eabi/5.3.1/armv7e-m/fpu/crtend.o
 .bss           0x00000000        0x0 c:/program files (x86)/atollic/truestudio for arm 5.5.2/armtools/bin/../lib/gcc/arm-atollic-eabi/5.3.1/armv7e-m/fpu/crtend.o
 .eh_frame      0x00000000        0x4 c:/program files (x86)/atollic/truestudio for arm 5.5.2/armtools/bin/../lib/gcc/arm-atollic-eabi/5.3.1/armv7e-m/fpu/crtend.o
 .ARM.attributes
                0x00000000       0x34 c:/program files (x86)/atollic/truestudio for arm 5.5.2/armtools/bin/../lib/gcc/arm-atollic-eabi/5.3.1/armv7e-m/fpu/crtend.o
 .text          0x00000000        0x0 c:/program files (x86)/atollic/truestudio for arm 5.5.2/armtools/bin/../lib/gcc/arm-atollic-eabi/5.3.1/armv7e-m/fpu/crtn.o
 .data          0x00000000        0x0 c:/program files (x86)/atollic/truestudio for arm 5.5.2/armtools/bin/../lib/gcc/arm-atollic-eabi/5.3.1/armv7e-m/fpu/crtn.o
 .bss           0x00000000        0x0 c:/program files (x86)/atollic/truestudio for arm 5.5.2/armtools/bin/../lib/gcc/arm-atollic-eabi/5.3.1/armv7e-m/fpu/crtn.o

Memory Configuration

Name             Origin             Length             Attributes
FLASH            0x08000000         0x00100000         xr
RAM              0x20000000         0x00020000         xrw
CCMRAM           0x10000000         0x00010000         rw
*default*        0x00000000         0xffffffff

Linker script and memory map

LOAD c:/program files (x86)/atollic/truestudio for arm 5.5.2/armtools/bin/../lib/gcc/arm-atollic-eabi/5.3.1/armv7e-m/fpu/crti.o
LOAD c:/program files (x86)/atollic/truestudio for arm 5.5.2/armtools/bin/../lib/gcc/arm-atollic-eabi/5.3.1/armv7e-m/fpu/crtbegin.o
LOAD Src\stm32f4xx_it.o
LOAD Src\stm32f4xx_hal_msp.o
LOAD Src\main.o
LOAD Src\gpio.o
LOAD Src\adc.o
LOAD Drivers\STM32F4xx_HAL_Driver\stm32f4xx_hal_tim_ex.o
LOAD Drivers\STM32F4xx_HAL_Driver\stm32f4xx_hal_tim.o
LOAD Drivers\STM32F4xx_HAL_Driver\stm32f4xx_hal_rcc_ex.o
LOAD Drivers\STM32F4xx_HAL_Driver\stm32f4xx_hal_rcc.o
LOAD Drivers\STM32F4xx_HAL_Driver\stm32f4xx_hal_pwr_ex.o
LOAD Drivers\STM32F4xx_HAL_Driver\stm32f4xx_hal_pwr.o
LOAD Drivers\STM32F4xx_HAL_Driver\stm32f4xx_hal_gpio.o
LOAD Drivers\STM32F4xx_HAL_Driver\stm32f4xx_hal_flash_ramfunc.o
LOAD Drivers\STM32F4xx_HAL_Driver\stm32f4xx_hal_flash_ex.o
LOAD Drivers\STM32F4xx_HAL_Driver\stm32f4xx_hal_flash.o
LOAD Drivers\STM32F4xx_HAL_Driver\stm32f4xx_hal_dma_ex.o
LOAD Drivers\STM32F4xx_HAL_Driver\stm32f4xx_hal_dma.o
LOAD Drivers\STM32F4xx_HAL_Driver\stm32f4xx_hal_cortex.o
LOAD Drivers\STM32F4xx_HAL_Driver\stm32f4xx_hal_adc_ex.o
LOAD Drivers\STM32F4xx_HAL_Driver\stm32f4xx_hal_adc.o
LOAD Drivers\STM32F4xx_HAL_Driver\stm32f4xx_hal.o
LOAD Drivers\CMSIS\system_stm32f4xx.o
LOAD Application\TrueSTUDIO\startup_stm32f405xx.o
START GROUP
LOAD c:/program files (x86)/atollic/truestudio for arm 5.5.2/armtools/bin/../lib/gcc/arm-atollic-eabi/5.3.1/../../../../arm-atollic-eabi/lib/armv7e-m/fpu\libc.a
LOAD c:/program files (x86)/atollic/truestudio for arm 5.5.2/armtools/bin/../lib/gcc/arm-atollic-eabi/5.3.1/../../../../arm-atollic-eabi/lib/armv7e-m/fpu\libm.a
END GROUP
                0x00000080                malloc_getpagesize_P = 0x80
START GROUP
LOAD c:/program files (x86)/atollic/truestudio for arm 5.5.2/armtools/bin/../lib/gcc/arm-atollic-eabi/5.3.1/armv7e-m/fpu\libgcc.a
LOAD c:/program files (x86)/atollic/truestudio for arm 5.5.2/armtools/bin/../lib/gcc/arm-atollic-eabi/5.3.1/../../../../arm-atollic-eabi/lib/armv7e-m/fpu\libc.a
END GROUP
START GROUP
LOAD c:/program files (x86)/atollic/truestudio for arm 5.5.2/armtools/bin/../lib/gcc/arm-atollic-eabi/5.3.1/armv7e-m/fpu\libgcc.a
LOAD c:/program files (x86)/atollic/truestudio for arm 5.5.2/armtools/bin/../lib/gcc/arm-atollic-eabi/5.3.1/../../../../arm-atollic-eabi/lib/armv7e-m/fpu\libc.a
LOAD c:/program files (x86)/atollic/truestudio for arm 5.5.2/armtools/bin/../lib/gcc/arm-atollic-eabi/5.3.1/../../../../arm-atollic-eabi/lib/armv7e-m/fpu\libnosys.a
END GROUP
LOAD c:/program files (x86)/atollic/truestudio for arm 5.5.2/armtools/bin/../lib/gcc/arm-atollic-eabi/5.3.1/armv7e-m/fpu/crtend.o
LOAD c:/program files (x86)/atollic/truestudio for arm 5.5.2/armtools/bin/../lib/gcc/arm-atollic-eabi/5.3.1/armv7e-m/fpu/crtn.o
                0x20020000                _estack = 0x20020000
                0x00000200                _Min_Heap_Size = 0x200
                0x00000400                _Min_Stack_Size = 0x400

.isr_vector     0x08000000      0x188
                0x08000000                . = ALIGN (0x4)
 *(.isr_vector)
 .isr_vector    0x08000000      0x188 Application\TrueSTUDIO\startup_stm32f405xx.o
                0x08000000                g_pfnVectors
                0x08000188                . = ALIGN (0x4)

.text           0x08000188      0xf3c
                0x08000188                . = ALIGN (0x4)
 *(.text)
 .text          0x08000188       0x40 c:/program files (x86)/atollic/truestudio for arm 5.5.2/armtools/bin/../lib/gcc/arm-atollic-eabi/5.3.1/armv7e-m/fpu/crtbegin.o
 *(.text*)
 .text.NMI_Handler
                0x080001c8        0x2 Src\stm32f4xx_it.o
                0x080001c8                NMI_Handler
 .text.HardFault_Handler
                0x080001ca        0x2 Src\stm32f4xx_it.o
                0x080001ca                HardFault_Handler
 .text.MemManage_Handler
                0x080001cc        0x2 Src\stm32f4xx_it.o
                0x080001cc                MemManage_Handler
 .text.BusFault_Handler
                0x080001ce        0x2 Src\stm32f4xx_it.o
                0x080001ce                BusFault_Handler
 .text.UsageFault_Handler
                0x080001d0        0x2 Src\stm32f4xx_it.o
                0x080001d0                UsageFault_Handler
 .text.SVC_Handler
                0x080001d2        0x2 Src\stm32f4xx_it.o
                0x080001d2                SVC_Handler
 .text.DebugMon_Handler
                0x080001d4        0x2 Src\stm32f4xx_it.o
                0x080001d4                DebugMon_Handler
 .text.PendSV_Handler
                0x080001d6        0x2 Src\stm32f4xx_it.o
                0x080001d6                PendSV_Handler
 .text.SysTick_Handler
                0x080001d8        0xe Src\stm32f4xx_it.o
                0x080001d8                SysTick_Handler
 .text.HAL_MspInit
                0x080001e6       0x60 Src\stm32f4xx_hal_msp.o
                0x080001e6                HAL_MspInit
 *fill*         0x08000246        0x2 
 .text.SystemClock_Config
                0x08000248       0xac Src\main.o
                0x08000248                SystemClock_Config
 .text.startup.main
                0x080002f4       0x38 Src\main.o
                0x080002f4                main
 .text.Error_Handler
                0x0800032c        0x2 Src\main.o
                0x0800032c                Error_Handler
 *fill*         0x0800032e        0x2 
 .text.MX_GPIO_Init
                0x08000330       0x24 Src\gpio.o
                0x08000330                MX_GPIO_Init
 .text.MX_ADC1_Init
                0x08000354       0x50 Src\adc.o
                0x08000354                MX_ADC1_Init
 .text.HAL_ADC_MspInit
                0x080003a4       0x44 Src\adc.o
                0x080003a4                HAL_ADC_MspInit
 .text.HAL_RCC_OscConfig
                0x080003e8      0x2d0 Drivers\STM32F4xx_HAL_Driver\stm32f4xx_hal_rcc.o
                0x080003e8                HAL_RCC_OscConfig
 .text.HAL_RCC_GetSysClockFreq
                0x080006b8       0x7c Drivers\STM32F4xx_HAL_Driver\stm32f4xx_hal_rcc.o
                0x080006b8                HAL_RCC_GetSysClockFreq
 .text.HAL_RCC_ClockConfig
                0x08000734      0x168 Drivers\STM32F4xx_HAL_Driver\stm32f4xx_hal_rcc.o
                0x08000734                HAL_RCC_ClockConfig
 .text.HAL_RCC_GetHCLKFreq
                0x0800089c        0xc Drivers\STM32F4xx_HAL_Driver\stm32f4xx_hal_rcc.o
                0x0800089c                HAL_RCC_GetHCLKFreq
 .text.HAL_GPIO_Init
                0x080008a8      0x1c0 Drivers\STM32F4xx_HAL_Driver\stm32f4xx_hal_gpio.o
                0x080008a8                HAL_GPIO_Init
 .text.HAL_NVIC_SetPriorityGrouping
                0x08000a68       0x24 Drivers\STM32F4xx_HAL_Driver\stm32f4xx_hal_cortex.o
                0x08000a68                HAL_NVIC_SetPriorityGrouping
 .text.HAL_NVIC_SetPriority
                0x08000a8c       0x68 Drivers\STM32F4xx_HAL_Driver\stm32f4xx_hal_cortex.o
                0x08000a8c                HAL_NVIC_SetPriority
 .text.HAL_SYSTICK_Config
                0x08000af4       0x2c Drivers\STM32F4xx_HAL_Driver\stm32f4xx_hal_cortex.o
                0x08000af4                HAL_SYSTICK_Config
 .text.HAL_SYSTICK_CLKSourceConfig
                0x08000b20       0x18 Drivers\STM32F4xx_HAL_Driver\stm32f4xx_hal_cortex.o
                0x08000b20                HAL_SYSTICK_CLKSourceConfig
 .text.HAL_SYSTICK_Callback
                0x08000b38        0x2 Drivers\STM32F4xx_HAL_Driver\stm32f4xx_hal_cortex.o
                0x08000b38                HAL_SYSTICK_Callback
 .text.HAL_SYSTICK_IRQHandler
                0x08000b3a        0x8 Drivers\STM32F4xx_HAL_Driver\stm32f4xx_hal_cortex.o
                0x08000b3a                HAL_SYSTICK_IRQHandler
 *fill*         0x08000b42        0x2 
 .text.HAL_ADC_Init
                0x08000b44      0x154 Drivers\STM32F4xx_HAL_Driver\stm32f4xx_hal_adc.o
                0x08000b44                HAL_ADC_Init
 .text.HAL_ADC_Start
                0x08000c98       0xc0 Drivers\STM32F4xx_HAL_Driver\stm32f4xx_hal_adc.o
                0x08000c98                HAL_ADC_Start
 .text.HAL_ADC_PollForConversion
                0x08000d58       0xa0 Drivers\STM32F4xx_HAL_Driver\stm32f4xx_hal_adc.o
                0x08000d58                HAL_ADC_PollForConversion
 .text.HAL_ADC_GetValue
                0x08000df8        0x6 Drivers\STM32F4xx_HAL_Driver\stm32f4xx_hal_adc.o
                0x08000df8                HAL_ADC_GetValue
 *fill*         0x08000dfe        0x2 
 .text.HAL_ADC_ConfigChannel
                0x08000e00      0x12c Drivers\STM32F4xx_HAL_Driver\stm32f4xx_hal_adc.o
                0x08000e00                HAL_ADC_ConfigChannel
 .text.HAL_InitTick
                0x08000f2c       0x28 Drivers\STM32F4xx_HAL_Driver\stm32f4xx_hal.o
                0x08000f2c                HAL_InitTick
 .text.HAL_Init
                0x08000f54       0x34 Drivers\STM32F4xx_HAL_Driver\stm32f4xx_hal.o
                0x08000f54                HAL_Init
 .text.HAL_IncTick
                0x08000f88       0x10 Drivers\STM32F4xx_HAL_Driver\stm32f4xx_hal.o
                0x08000f88                HAL_IncTick
 .text.HAL_GetTick
                0x08000f98        0xc Drivers\STM32F4xx_HAL_Driver\stm32f4xx_hal.o
                0x08000f98                HAL_GetTick
 .text.HAL_Delay
                0x08000fa4       0x1a Drivers\STM32F4xx_HAL_Driver\stm32f4xx_hal.o
                0x08000fa4                HAL_Delay
 *fill*         0x08000fbe        0x2 
 .text.SystemInit
                0x08000fc0       0x4c Drivers\CMSIS\system_stm32f4xx.o
                0x08000fc0                SystemInit
 .text.Reset_Handler
                0x0800100c       0x50 Application\TrueSTUDIO\startup_stm32f405xx.o
                0x0800100c                Reset_Handler
 .text.Default_Handler
                0x0800105c        0x2 Application\TrueSTUDIO\startup_stm32f405xx.o
                0x0800105c                RTC_Alarm_IRQHandler
                0x0800105c                HASH_RNG_IRQHandler
                0x0800105c                EXTI2_IRQHandler
                0x0800105c                TIM8_CC_IRQHandler
                0x0800105c                TIM1_CC_IRQHandler
                0x0800105c                DMA2_Stream5_IRQHandler
                0x0800105c                DMA1_Stream5_IRQHandler
                0x0800105c                PVD_IRQHandler
                0x0800105c                SDIO_IRQHandler
                0x0800105c                TAMP_STAMP_IRQHandler
                0x0800105c                CAN2_RX1_IRQHandler
                0x0800105c                EXTI3_IRQHandler
                0x0800105c                TIM8_TRG_COM_TIM14_IRQHandler
                0x0800105c                TIM1_UP_TIM10_IRQHandler
                0x0800105c                TIM8_UP_TIM13_IRQHandler
                0x0800105c                I2C3_ER_IRQHandler
                0x0800105c                EXTI0_IRQHandler
                0x0800105c                I2C2_EV_IRQHandler
                0x0800105c                DMA1_Stream2_IRQHandler
                0x0800105c                CAN1_RX0_IRQHandler
                0x0800105c                FPU_IRQHandler
                0x0800105c                OTG_HS_WKUP_IRQHandler
                0x0800105c                CAN2_SCE_IRQHandler
                0x0800105c                DMA2_Stream2_IRQHandler
                0x0800105c                SPI1_IRQHandler
                0x0800105c                TIM6_DAC_IRQHandler
                0x0800105c                TIM1_BRK_TIM9_IRQHandler
                0x0800105c                CAN2_RX0_IRQHandler
                0x0800105c                DMA2_Stream3_IRQHandler
                0x0800105c                USART6_IRQHandler
                0x0800105c                USART3_IRQHandler
                0x0800105c                CAN1_RX1_IRQHandler
                0x0800105c                UART5_IRQHandler
                0x0800105c                DMA2_Stream0_IRQHandler
                0x0800105c                TIM4_IRQHandler
                0x0800105c                I2C1_EV_IRQHandler
                0x0800105c                DMA1_Stream6_IRQHandler
                0x0800105c                DMA1_Stream1_IRQHandler
                0x0800105c                UART4_IRQHandler
                0x0800105c                TIM3_IRQHandler
                0x0800105c                RCC_IRQHandler
                0x0800105c                TIM8_BRK_TIM12_IRQHandler
                0x0800105c                Default_Handler
                0x0800105c                EXTI15_10_IRQHandler
                0x0800105c                ADC_IRQHandler
                0x0800105c                DMA1_Stream7_IRQHandler
                0x0800105c                TIM7_IRQHandler
                0x0800105c                CAN2_TX_IRQHandler
                0x0800105c                TIM5_IRQHandler
                0x0800105c                DMA2_Stream7_IRQHandler
                0x0800105c                I2C3_EV_IRQHandler
                0x0800105c                EXTI9_5_IRQHandler
                0x0800105c                RTC_WKUP_IRQHandler
                0x0800105c                SPI2_IRQHandler
                0x0800105c                OTG_HS_EP1_IN_IRQHandler
                0x0800105c                DMA1_Stream0_IRQHandler
                0x0800105c                CAN1_TX_IRQHandler
                0x0800105c                EXTI4_IRQHandler
                0x0800105c                FSMC_IRQHandler
                0x0800105c                OTG_HS_EP1_OUT_IRQHandler
                0x0800105c                WWDG_IRQHandler
                0x0800105c                TIM2_IRQHandler
                0x0800105c                OTG_FS_WKUP_IRQHandler
                0x0800105c                TIM1_TRG_COM_TIM11_IRQHandler
                0x0800105c                OTG_HS_IRQHandler
                0x0800105c                EXTI1_IRQHandler
                0x0800105c                USART2_IRQHandler
                0x0800105c                I2C2_ER_IRQHandler
                0x0800105c                DMA2_Stream1_IRQHandler
                0x0800105c                CAN1_SCE_IRQHandler
                0x0800105c                FLASH_IRQHandler
                0x0800105c                DMA2_Stream4_IRQHandler
                0x0800105c                USART1_IRQHandler
                0x0800105c                OTG_FS_IRQHandler
                0x0800105c                SPI3_IRQHandler
                0x0800105c                DMA1_Stream4_IRQHandler
                0x0800105c                I2C1_ER_IRQHandler
                0x0800105c                DMA2_Stream6_IRQHandler
                0x0800105c                DMA1_Stream3_IRQHandler
 *fill*         0x0800105e        0x2 
 .text.__libc_init_array
                0x08001060       0x4c c:/program files (x86)/atollic/truestudio for arm 5.5.2/armtools/bin/../lib/gcc/arm-atollic-eabi/5.3.1/../../../../arm-atollic-eabi/lib/armv7e-m/fpu\libc.a(lib_a-init.o)
                0x08001060                __libc_init_array
 *(.glue_7)
 .glue_7        0x080010ac        0x0 linker stubs
 *(.glue_7t)
 .glue_7t       0x080010ac        0x0 linker stubs
 *(.eh_frame)
 .eh_frame      0x080010ac        0x0 c:/program files (x86)/atollic/truestudio for arm 5.5.2/armtools/bin/../lib/gcc/arm-atollic-eabi/5.3.1/armv7e-m/fpu/crtbegin.o
 *(.init)
 .init          0x080010ac        0x4 c:/program files (x86)/atollic/truestudio for arm 5.5.2/armtools/bin/../lib/gcc/arm-atollic-eabi/5.3.1/armv7e-m/fpu/crti.o
                0x080010ac                _init
 .init          0x080010b0        0x8 c:/program files (x86)/atollic/truestudio for arm 5.5.2/armtools/bin/../lib/gcc/arm-atollic-eabi/5.3.1/armv7e-m/fpu/crtn.o
 *(.fini)
 .fini          0x080010b8        0x4 c:/program files (x86)/atollic/truestudio for arm 5.5.2/armtools/bin/../lib/gcc/arm-atollic-eabi/5.3.1/armv7e-m/fpu/crti.o
                0x080010b8                _fini
 .fini          0x080010bc        0x8 c:/program files (x86)/atollic/truestudio for arm 5.5.2/armtools/bin/../lib/gcc/arm-atollic-eabi/5.3.1/armv7e-m/fpu/crtn.o
                0x080010c4                . = ALIGN (0x4)
                0x080010c4                _etext = .

.vfp11_veneer   0x080010c4        0x0
 .vfp11_veneer  0x080010c4        0x0 linker stubs

.v4_bx          0x080010c4        0x0
 .v4_bx         0x080010c4        0x0 linker stubs

.iplt           0x080010c4        0x0
 .iplt          0x080010c4        0x0 c:/program files (x86)/atollic/truestudio for arm 5.5.2/armtools/bin/../lib/gcc/arm-atollic-eabi/5.3.1/armv7e-m/fpu/crtbegin.o

.rodata         0x080010c4       0x10
                0x080010c4                . = ALIGN (0x4)
 *(.rodata)
 *(.rodata*)
 .rodata.APBAHBPrescTable
                0x080010c4       0x10 Drivers\STM32F4xx_HAL_Driver\stm32f4xx_hal_rcc.o
                0x080010c4                APBAHBPrescTable
                0x080010d4                . = ALIGN (0x4)

.rel.dyn        0x080010d4        0x0
 .rel.iplt      0x080010d4        0x0 c:/program files (x86)/atollic/truestudio for arm 5.5.2/armtools/bin/../lib/gcc/arm-atollic-eabi/5.3.1/armv7e-m/fpu/crtbegin.o

.ARM.extab
 *(.ARM.extab* .gnu.linkonce.armextab.*)

.ARM            0x080010d4        0x0
                0x080010d4                __exidx_start = .
 *(.ARM.exidx*)
                0x080010d4                __exidx_end = .

.preinit_array  0x080010d4        0x0
                0x080010d4                PROVIDE (__preinit_array_start, .)
 *(.preinit_array*)
                0x080010d4                PROVIDE (__preinit_array_end, .)

.init_array     0x080010d4        0x4
                0x080010d4                PROVIDE (__init_array_start, .)
 *(SORT(.init_array.*))
 *(.init_array*)
 .init_array    0x080010d4        0x4 c:/program files (x86)/atollic/truestudio for arm 5.5.2/armtools/bin/../lib/gcc/arm-atollic-eabi/5.3.1/armv7e-m/fpu/crtbegin.o
                0x080010d8                PROVIDE (__init_array_end, .)

.fini_array     0x080010d8        0x4
                [!provide]                PROVIDE (__fini_array_start, .)
 *(SORT(.fini_array.*))
 *(.fini_array*)
 .fini_array    0x080010d8        0x4 c:/program files (x86)/atollic/truestudio for arm 5.5.2/armtools/bin/../lib/gcc/arm-atollic-eabi/5.3.1/armv7e-m/fpu/crtbegin.o
                [!provide]                PROVIDE (__fini_array_end, .)
                0x080010dc                _sidata = LOADADDR (.data)

.data           0x20000000        0x4 load address 0x080010dc
                0x20000000                . = ALIGN (0x4)
                0x20000000                _sdata = .
 *(.data)
 *(.data*)
 .data.SystemCoreClock
                0x20000000        0x4 Drivers\CMSIS\system_stm32f4xx.o
                0x20000000                SystemCoreClock
                0x20000004                . = ALIGN (0x4)
                0x20000004                _edata = .
                0x080010e0                _siccmram = LOADADDR (.ccmram)

.igot.plt       0x20000004        0x0 load address 0x080010e0
 .igot.plt      0x20000004        0x0 c:/program files (x86)/atollic/truestudio for arm 5.5.2/armtools/bin/../lib/gcc/arm-atollic-eabi/5.3.1/armv7e-m/fpu/crtbegin.o

.ccmram         0x10000000        0x0 load address 0x080010e0
                0x10000000                . = ALIGN (0x4)
                0x10000000                _sccmram = .
 *(.ccmram)
 *(.ccmram*)
                0x10000000                . = ALIGN (0x4)
                0x10000000                _eccmram = .
                0x10000000                . = ALIGN (0x4)

.bss            0x20000004       0x68
                0x20000004                _sbss = .
                0x20000004                __bss_start__ = _sbss
 *(.bss)
 .bss           0x20000004       0x1c c:/program files (x86)/atollic/truestudio for arm 5.5.2/armtools/bin/../lib/gcc/arm-atollic-eabi/5.3.1/armv7e-m/fpu/crtbegin.o
 *(.bss*)
 *(COMMON)
 COMMON         0x20000020       0x48 Src\adc.o
                0x20000020                hadc1
 COMMON         0x20000068        0x4 Drivers\STM32F4xx_HAL_Driver\stm32f4xx_hal.o
                0x20000068                uwTick
                0x2000006c                . = ALIGN (0x4)
                0x2000006c                _ebss = .
                0x2000006c                __bss_end__ = _ebss

._user_heap_stack
                0x2000006c      0x600
                0x2000006c                . = ALIGN (0x4)
                [!provide]                PROVIDE (end, .)
                [!provide]                PROVIDE (_end, .)
                0x2000026c                . = (. + _Min_Heap_Size)
 *fill*         0x2000006c      0x200 
                0x2000066c                . = (. + _Min_Stack_Size)
 *fill*         0x2000026c      0x400 
                0x2000066c                . = ALIGN (0x4)

/DISCARD/
 libc.a(*)
 libm.a(*)
 libgcc.a(*)

.ARM.attributes
                0x00000000       0x30
 *(.ARM.attributes)
 .ARM.attributes
                0x00000000       0x22 c:/program files (x86)/atollic/truestudio for arm 5.5.2/armtools/bin/../lib/gcc/arm-atollic-eabi/5.3.1/armv7e-m/fpu/crti.o
 .ARM.attributes
                0x00000022       0x34 c:/program files (x86)/atollic/truestudio for arm 5.5.2/armtools/bin/../lib/gcc/arm-atollic-eabi/5.3.1/armv7e-m/fpu/crtbegin.o
 .ARM.attributes
                0x00000056       0x39 Src\stm32f4xx_it.o
 .ARM.attributes
                0x0000008f       0x39 Src\stm32f4xx_hal_msp.o
 .ARM.attributes
                0x000000c8       0x39 Src\main.o
 .ARM.attributes
                0x00000101       0x39 Src\gpio.o
 .ARM.attributes
                0x0000013a       0x39 Src\adc.o
 .ARM.attributes
                0x00000173       0x39 Drivers\STM32F4xx_HAL_Driver\stm32f4xx_hal_rcc.o
 .ARM.attributes
                0x000001ac       0x39 Drivers\STM32F4xx_HAL_Driver\stm32f4xx_hal_gpio.o
 .ARM.attributes
                0x000001e5       0x39 Drivers\STM32F4xx_HAL_Driver\stm32f4xx_hal_cortex.o
 .ARM.attributes
                0x0000021e       0x39 Drivers\STM32F4xx_HAL_Driver\stm32f4xx_hal_adc.o
 .ARM.attributes
                0x00000257       0x39 Drivers\STM32F4xx_HAL_Driver\stm32f4xx_hal.o
 .ARM.attributes
                0x00000290       0x39 Drivers\CMSIS\system_stm32f4xx.o
 .ARM.attributes
                0x000002c9       0x21 Application\TrueSTUDIO\startup_stm32f405xx.o
 .ARM.attributes
                0x000002ea       0x34 c:/program files (x86)/atollic/truestudio for arm 5.5.2/armtools/bin/../lib/gcc/arm-atollic-eabi/5.3.1/../../../../arm-atollic-eabi/lib/armv7e-m/fpu\libc.a(lib_a-init.o)
 .ARM.attributes
                0x0000031e       0x22 c:/program files (x86)/atollic/truestudio for arm 5.5.2/armtools/bin/../lib/gcc/arm-atollic-eabi/5.3.1/armv7e-m/fpu/crtn.o
OUTPUT(R_adc_168Mhz_testing_temperarure_senser.elf elf32-littlearm)

.debug_info     0x00000000     0x5b65
 .debug_info    0x00000000      0x142 Src\stm32f4xx_it.o
 .debug_info    0x00000142      0x3de Src\stm32f4xx_hal_msp.o
 .debug_info    0x00000520      0xc77 Src\main.o
 .debug_info    0x00001197      0x29c Src\gpio.o
 .debug_info    0x00001433      0x9b6 Src\adc.o
 .debug_info    0x00001de9      0xc93 Drivers\STM32F4xx_HAL_Driver\stm32f4xx_hal_rcc.o
 .debug_info    0x00002a7c      0x72d Drivers\STM32F4xx_HAL_Driver\stm32f4xx_hal_gpio.o
 .debug_info    0x000031a9      0xe69 Drivers\STM32F4xx_HAL_Driver\stm32f4xx_hal_cortex.o
 .debug_info    0x00004012      0xcbe Drivers\STM32F4xx_HAL_Driver\stm32f4xx_hal_adc.o
 .debug_info    0x00004cd0      0x8ca Drivers\STM32F4xx_HAL_Driver\stm32f4xx_hal.o
 .debug_info    0x0000559a      0x4d6 Drivers\CMSIS\system_stm32f4xx.o
 .debug_info    0x00005a70       0xf5 Application\TrueSTUDIO\startup_stm32f405xx.o

.debug_abbrev   0x00000000     0x145d
 .debug_abbrev  0x00000000       0xe0 Src\stm32f4xx_it.o
 .debug_abbrev  0x000000e0       0xc2 Src\stm32f4xx_hal_msp.o
 .debug_abbrev  0x000001a2      0x203 Src\main.o
 .debug_abbrev  0x000003a5       0xcb Src\gpio.o
 .debug_abbrev  0x00000470      0x1bc Src\adc.o
 .debug_abbrev  0x0000062c      0x31e Drivers\STM32F4xx_HAL_Driver\stm32f4xx_hal_rcc.o
 .debug_abbrev  0x0000094a      0x1c8 Drivers\STM32F4xx_HAL_Driver\stm32f4xx_hal_gpio.o
 .debug_abbrev  0x00000b12      0x32f Drivers\STM32F4xx_HAL_Driver\stm32f4xx_hal_cortex.o
 .debug_abbrev  0x00000e41      0x2c5 Drivers\STM32F4xx_HAL_Driver\stm32f4xx_hal_adc.o
 .debug_abbrev  0x00001106      0x244 Drivers\STM32F4xx_HAL_Driver\stm32f4xx_hal.o
 .debug_abbrev  0x0000134a      0x101 Drivers\CMSIS\system_stm32f4xx.o
 .debug_abbrev  0x0000144b       0x12 Application\TrueSTUDIO\startup_stm32f405xx.o

.debug_aranges  0x00000000      0x418
 .debug_aranges
                0x00000000       0x48 Src\stm32f4xx_it.o
 .debug_aranges
                0x00000048       0x20 Src\stm32f4xx_hal_msp.o
 .debug_aranges
                0x00000068       0x30 Src\main.o
 .debug_aranges
                0x00000098       0x20 Src\gpio.o
 .debug_aranges
                0x000000b8       0x30 Src\adc.o
 .debug_aranges
                0x000000e8       0x80 Drivers\STM32F4xx_HAL_Driver\stm32f4xx_hal_rcc.o
 .debug_aranges
                0x00000168       0x58 Drivers\STM32F4xx_HAL_Driver\stm32f4xx_hal_gpio.o
 .debug_aranges
                0x000001c0       0x98 Drivers\STM32F4xx_HAL_Driver\stm32f4xx_hal_cortex.o
 .debug_aranges
                0x00000258       0xb8 Drivers\STM32F4xx_HAL_Driver\stm32f4xx_hal_adc.o
 .debug_aranges
                0x00000310       0xb8 Drivers\STM32F4xx_HAL_Driver\stm32f4xx_hal.o
 .debug_aranges
                0x000003c8       0x28 Drivers\CMSIS\system_stm32f4xx.o
 .debug_aranges
                0x000003f0       0x28 Application\TrueSTUDIO\startup_stm32f405xx.o

.debug_ranges   0x00000000      0x580
 .debug_ranges  0x00000000       0x38 Src\stm32f4xx_it.o
 .debug_ranges  0x00000038       0x10 Src\stm32f4xx_hal_msp.o
 .debug_ranges  0x00000048       0x40 Src\main.o
 .debug_ranges  0x00000088       0x10 Src\gpio.o
 .debug_ranges  0x00000098       0x40 Src\adc.o
 .debug_ranges  0x000000d8      0x150 Drivers\STM32F4xx_HAL_Driver\stm32f4xx_hal_rcc.o
 .debug_ranges  0x00000228       0x70 Drivers\STM32F4xx_HAL_Driver\stm32f4xx_hal_gpio.o
 .debug_ranges  0x00000298      0x148 Drivers\STM32F4xx_HAL_Driver\stm32f4xx_hal_cortex.o
 .debug_ranges  0x000003e0       0xc0 Drivers\STM32F4xx_HAL_Driver\stm32f4xx_hal_adc.o
 .debug_ranges  0x000004a0       0xa8 Drivers\STM32F4xx_HAL_Driver\stm32f4xx_hal.o
 .debug_ranges  0x00000548       0x18 Drivers\CMSIS\system_stm32f4xx.o
 .debug_ranges  0x00000560       0x20 Application\TrueSTUDIO\startup_stm32f405xx.o

.debug_line     0x00000000     0x2d90
 .debug_line    0x00000000      0x273 Src\stm32f4xx_it.o
 .debug_line    0x00000273      0x298 Src\stm32f4xx_hal_msp.o
 .debug_line    0x0000050b      0x37a Src\main.o
 .debug_line    0x00000885      0x205 Src\gpio.o
 .debug_line    0x00000a8a      0x32f Src\adc.o
 .debug_line    0x00000db9      0x661 Drivers\STM32F4xx_HAL_Driver\stm32f4xx_hal_rcc.o
 .debug_line    0x0000141a      0x4bd Drivers\STM32F4xx_HAL_Driver\stm32f4xx_hal_gpio.o
 .debug_line    0x000018d7      0x4e5 Drivers\STM32F4xx_HAL_Driver\stm32f4xx_hal_cortex.o
 .debug_line    0x00001dbc      0x7b0 Drivers\STM32F4xx_HAL_Driver\stm32f4xx_hal_adc.o
 .debug_line    0x0000256c      0x49e Drivers\STM32F4xx_HAL_Driver\stm32f4xx_hal.o
 .debug_line    0x00002a0a      0x2a5 Drivers\CMSIS\system_stm32f4xx.o
 .debug_line    0x00002caf       0xe1 Application\TrueSTUDIO\startup_stm32f405xx.o

.debug_str      0x00000000     0x1bbf
 .debug_str     0x00000000      0x224 Src\stm32f4xx_it.o
                                0x265 (size before relaxing)
 .debug_str     0x00000224      0x536 Src\stm32f4xx_hal_msp.o
                                0x704 (size before relaxing)
 .debug_str     0x0000075a      0x6da Src\main.o
                                0xdda (size before relaxing)
 .debug_str     0x00000e34        0xe Src\gpio.o
                                0x2f7 (size before relaxing)
 .debug_str     0x00000e42      0x12f Src\adc.o
                                0x813 (size before relaxing)
 .debug_str     0x00000f71      0x20c Drivers\STM32F4xx_HAL_Driver\stm32f4xx_hal_rcc.o
                                0x72c (size before relaxing)
 .debug_str     0x0000117d      0x189 Drivers\STM32F4xx_HAL_Driver\stm32f4xx_hal_gpio.o
                                0x560 (size before relaxing)
 .debug_str     0x00001306      0x3b5 Drivers\STM32F4xx_HAL_Driver\stm32f4xx_hal_cortex.o
                                0xc37 (size before relaxing)
 .debug_str     0x000016bb      0x26a Drivers\STM32F4xx_HAL_Driver\stm32f4xx_hal_adc.o
                                0x950 (size before relaxing)
 .debug_str     0x00001925      0x1f3 Drivers\STM32F4xx_HAL_Driver\stm32f4xx_hal.o
                                0xad7 (size before relaxing)
 .debug_str     0x00001b18       0xa7 Drivers\CMSIS\system_stm32f4xx.o
                                0x411 (size before relaxing)

.comment        0x00000000       0x7e
 .comment       0x00000000       0x7e Src\stm32f4xx_it.o
                                 0x7f (size before relaxing)
 .comment       0x0000007e       0x7f Src\stm32f4xx_hal_msp.o
 .comment       0x0000007e       0x7f Src\main.o
 .comment       0x0000007e       0x7f Src\gpio.o
 .comment       0x0000007e       0x7f Src\adc.o
 .comment       0x0000007e       0x7f Drivers\STM32F4xx_HAL_Driver\stm32f4xx_hal_rcc.o
 .comment       0x0000007e       0x7f Drivers\STM32F4xx_HAL_Driver\stm32f4xx_hal_gpio.o
 .comment       0x0000007e       0x7f Drivers\STM32F4xx_HAL_Driver\stm32f4xx_hal_cortex.o
 .comment       0x0000007e       0x7f Drivers\STM32F4xx_HAL_Driver\stm32f4xx_hal_adc.o
 .comment       0x0000007e       0x7f Drivers\STM32F4xx_HAL_Driver\stm32f4xx_hal.o
 .comment       0x0000007e       0x7f Drivers\CMSIS\system_stm32f4xx.o

.debug_frame    0x00000000      0x904
 .debug_frame   0x00000000       0xac Src\stm32f4xx_it.o
 .debug_frame   0x000000ac       0x2c Src\stm32f4xx_hal_msp.o
 .debug_frame   0x000000d8       0x58 Src\main.o
 .debug_frame   0x00000130       0x28 Src\gpio.o
 .debug_frame   0x00000158       0x54 Src\adc.o
 .debug_frame   0x000001ac      0x138 Drivers\STM32F4xx_HAL_Driver\stm32f4xx_hal_rcc.o
 .debug_frame   0x000002e4       0xd4 Drivers\STM32F4xx_HAL_Driver\stm32f4xx_hal_gpio.o
 .debug_frame   0x000003b8      0x130 Drivers\STM32F4xx_HAL_Driver\stm32f4xx_hal_cortex.o
 .debug_frame   0x000004e8      0x23c Drivers\STM32F4xx_HAL_Driver\stm32f4xx_hal_adc.o
 .debug_frame   0x00000724      0x184 Drivers\STM32F4xx_HAL_Driver\stm32f4xx_hal.o
 .debug_frame   0x000008a8       0x30 Drivers\CMSIS\system_stm32f4xx.o
 .debug_frame   0x000008d8       0x2c c:/program files (x86)/atollic/truestudio for arm 5.5.2/armtools/bin/../lib/gcc/arm-atollic-eabi/5.3.1/../../../../arm-atollic-eabi/lib/armv7e-m/fpu\libc.a(lib_a-init.o)

.debug_loc      0x00000000     0x15e1
 .debug_loc     0x00000000       0x4d Src\adc.o
 .debug_loc     0x0000004d      0x49b Drivers\STM32F4xx_HAL_Driver\stm32f4xx_hal_rcc.o
 .debug_loc     0x000004e8      0x374 Drivers\STM32F4xx_HAL_Driver\stm32f4xx_hal_gpio.o
 .debug_loc     0x0000085c      0x4ab Drivers\STM32F4xx_HAL_Driver\stm32f4xx_hal_cortex.o
 .debug_loc     0x00000d07      0x771 Drivers\STM32F4xx_HAL_Driver\stm32f4xx_hal_adc.o
 .debug_loc     0x00001478       0x92 Drivers\STM32F4xx_HAL_Driver\stm32f4xx_hal.o
 .debug_loc     0x0000150a       0xd7 Drivers\CMSIS\system_stm32f4xx.o

Cross Reference Table

Symbol                                            File
ADC_IRQHandler                                    Application\TrueSTUDIO\startup_stm32f405xx.o
AHBPrescTable                                     Drivers\CMSIS\system_stm32f4xx.o
APBAHBPrescTable                                  Drivers\STM32F4xx_HAL_Driver\stm32f4xx_hal_rcc.o
BusFault_Handler                                  Src\stm32f4xx_it.o
CAN1_RX0_IRQHandler                               Application\TrueSTUDIO\startup_stm32f405xx.o
CAN1_RX1_IRQHandler                               Application\TrueSTUDIO\startup_stm32f405xx.o
CAN1_SCE_IRQHandler                               Application\TrueSTUDIO\startup_stm32f405xx.o
CAN1_TX_IRQHandler                                Application\TrueSTUDIO\startup_stm32f405xx.o
CAN2_RX0_IRQHandler                               Application\TrueSTUDIO\startup_stm32f405xx.o
CAN2_RX1_IRQHandler                               Application\TrueSTUDIO\startup_stm32f405xx.o
CAN2_SCE_IRQHandler                               Application\TrueSTUDIO\startup_stm32f405xx.o
CAN2_TX_IRQHandler                                Application\TrueSTUDIO\startup_stm32f405xx.o
DMA1_Stream0_IRQHandler                           Application\TrueSTUDIO\startup_stm32f405xx.o
DMA1_Stream1_IRQHandler                           Application\TrueSTUDIO\startup_stm32f405xx.o
DMA1_Stream2_IRQHandler                           Application\TrueSTUDIO\startup_stm32f405xx.o
DMA1_Stream3_IRQHandler                           Application\TrueSTUDIO\startup_stm32f405xx.o
DMA1_Stream4_IRQHandler                           Application\TrueSTUDIO\startup_stm32f405xx.o
DMA1_Stream5_IRQHandler                           Application\TrueSTUDIO\startup_stm32f405xx.o
DMA1_Stream6_IRQHandler                           Application\TrueSTUDIO\startup_stm32f405xx.o
DMA1_Stream7_IRQHandler                           Application\TrueSTUDIO\startup_stm32f405xx.o
DMA2_Stream0_IRQHandler                           Application\TrueSTUDIO\startup_stm32f405xx.o
DMA2_Stream1_IRQHandler                           Application\TrueSTUDIO\startup_stm32f405xx.o
DMA2_Stream2_IRQHandler                           Application\TrueSTUDIO\startup_stm32f405xx.o
DMA2_Stream3_IRQHandler                           Application\TrueSTUDIO\startup_stm32f405xx.o
DMA2_Stream4_IRQHandler                           Application\TrueSTUDIO\startup_stm32f405xx.o
DMA2_Stream5_IRQHandler                           Application\TrueSTUDIO\startup_stm32f405xx.o
DMA2_Stream6_IRQHandler                           Application\TrueSTUDIO\startup_stm32f405xx.o
DMA2_Stream7_IRQHandler                           Application\TrueSTUDIO\startup_stm32f405xx.o
DebugMon_Handler                                  Src\stm32f4xx_it.o
Default_Handler                                   Application\TrueSTUDIO\startup_stm32f405xx.o
EXTI0_IRQHandler                                  Application\TrueSTUDIO\startup_stm32f405xx.o
EXTI15_10_IRQHandler                              Application\TrueSTUDIO\startup_stm32f405xx.o
EXTI1_IRQHandler                                  Application\TrueSTUDIO\startup_stm32f405xx.o
EXTI2_IRQHandler                                  Application\TrueSTUDIO\startup_stm32f405xx.o
EXTI3_IRQHandler                                  Application\TrueSTUDIO\startup_stm32f405xx.o
EXTI4_IRQHandler                                  Application\TrueSTUDIO\startup_stm32f405xx.o
EXTI9_5_IRQHandler                                Application\TrueSTUDIO\startup_stm32f405xx.o
Error_Handler                                     Src\main.o
                                                  Src\adc.o
FLASH_Erase_Sector                                Drivers\STM32F4xx_HAL_Driver\stm32f4xx_hal_flash_ex.o
                                                  Drivers\STM32F4xx_HAL_Driver\stm32f4xx_hal_flash.o
FLASH_FlushCaches                                 Drivers\STM32F4xx_HAL_Driver\stm32f4xx_hal_flash_ex.o
                                                  Drivers\STM32F4xx_HAL_Driver\stm32f4xx_hal_flash.o
FLASH_IRQHandler                                  Application\TrueSTUDIO\startup_stm32f405xx.o
FLASH_WaitForLastOperation                        Drivers\STM32F4xx_HAL_Driver\stm32f4xx_hal_flash.o
                                                  Drivers\STM32F4xx_HAL_Driver\stm32f4xx_hal_flash_ex.o
FPU_IRQHandler                                    Application\TrueSTUDIO\startup_stm32f405xx.o
FSMC_IRQHandler                                   Application\TrueSTUDIO\startup_stm32f405xx.o
HAL_ADCEx_InjectedConfigChannel                   Drivers\STM32F4xx_HAL_Driver\stm32f4xx_hal_adc_ex.o
HAL_ADCEx_InjectedConvCpltCallback                Drivers\STM32F4xx_HAL_Driver\stm32f4xx_hal_adc_ex.o
                                                  Drivers\STM32F4xx_HAL_Driver\stm32f4xx_hal_adc.o
HAL_ADCEx_InjectedGetValue                        Drivers\STM32F4xx_HAL_Driver\stm32f4xx_hal_adc_ex.o
HAL_ADCEx_InjectedPollForConversion               Drivers\STM32F4xx_HAL_Driver\stm32f4xx_hal_adc_ex.o
HAL_ADCEx_InjectedStart                           Drivers\STM32F4xx_HAL_Driver\stm32f4xx_hal_adc_ex.o
HAL_ADCEx_InjectedStart_IT                        Drivers\STM32F4xx_HAL_Driver\stm32f4xx_hal_adc_ex.o
HAL_ADCEx_InjectedStop                            Drivers\STM32F4xx_HAL_Driver\stm32f4xx_hal_adc_ex.o
HAL_ADCEx_InjectedStop_IT                         Drivers\STM32F4xx_HAL_Driver\stm32f4xx_hal_adc_ex.o
HAL_ADCEx_MultiModeConfigChannel                  Drivers\STM32F4xx_HAL_Driver\stm32f4xx_hal_adc_ex.o
HAL_ADCEx_MultiModeGetValue                       Drivers\STM32F4xx_HAL_Driver\stm32f4xx_hal_adc_ex.o
HAL_ADCEx_MultiModeStart_DMA                      Drivers\STM32F4xx_HAL_Driver\stm32f4xx_hal_adc_ex.o
HAL_ADCEx_MultiModeStop_DMA                       Drivers\STM32F4xx_HAL_Driver\stm32f4xx_hal_adc_ex.o
HAL_ADC_AnalogWDGConfig                           Drivers\STM32F4xx_HAL_Driver\stm32f4xx_hal_adc.o
HAL_ADC_ConfigChannel                             Drivers\STM32F4xx_HAL_Driver\stm32f4xx_hal_adc.o
                                                  Src\adc.o
HAL_ADC_ConvCpltCallback                          Drivers\STM32F4xx_HAL_Driver\stm32f4xx_hal_adc.o
                                                  Drivers\STM32F4xx_HAL_Driver\stm32f4xx_hal_adc_ex.o
HAL_ADC_ConvHalfCpltCallback                      Drivers\STM32F4xx_HAL_Driver\stm32f4xx_hal_adc.o
                                                  Drivers\STM32F4xx_HAL_Driver\stm32f4xx_hal_adc_ex.o
HAL_ADC_DeInit                                    Drivers\STM32F4xx_HAL_Driver\stm32f4xx_hal_adc.o
HAL_ADC_ErrorCallback                             Drivers\STM32F4xx_HAL_Driver\stm32f4xx_hal_adc.o
                                                  Drivers\STM32F4xx_HAL_Driver\stm32f4xx_hal_adc_ex.o
HAL_ADC_GetError                                  Drivers\STM32F4xx_HAL_Driver\stm32f4xx_hal_adc.o
HAL_ADC_GetState                                  Drivers\STM32F4xx_HAL_Driver\stm32f4xx_hal_adc.o
HAL_ADC_GetValue                                  Drivers\STM32F4xx_HAL_Driver\stm32f4xx_hal_adc.o
                                                  Src\main.o
HAL_ADC_IRQHandler                                Drivers\STM32F4xx_HAL_Driver\stm32f4xx_hal_adc.o
HAL_ADC_Init                                      Drivers\STM32F4xx_HAL_Driver\stm32f4xx_hal_adc.o
                                                  Src\adc.o
HAL_ADC_LevelOutOfWindowCallback                  Drivers\STM32F4xx_HAL_Driver\stm32f4xx_hal_adc.o
HAL_ADC_MspDeInit                                 Src\adc.o
HAL_ADC_MspInit                                   Src\adc.o
HAL_ADC_PollForConversion                         Drivers\STM32F4xx_HAL_Driver\stm32f4xx_hal_adc.o
                                                  Src\main.o
HAL_ADC_PollForEvent                              Drivers\STM32F4xx_HAL_Driver\stm32f4xx_hal_adc.o
HAL_ADC_Start                                     Drivers\STM32F4xx_HAL_Driver\stm32f4xx_hal_adc.o
                                                  Src\main.o
HAL_ADC_Start_DMA                                 Drivers\STM32F4xx_HAL_Driver\stm32f4xx_hal_adc.o
HAL_ADC_Start_IT                                  Drivers\STM32F4xx_HAL_Driver\stm32f4xx_hal_adc.o
HAL_ADC_Stop                                      Drivers\STM32F4xx_HAL_Driver\stm32f4xx_hal_adc.o
HAL_ADC_Stop_DMA                                  Drivers\STM32F4xx_HAL_Driver\stm32f4xx_hal_adc.o
HAL_ADC_Stop_IT                                   Drivers\STM32F4xx_HAL_Driver\stm32f4xx_hal_adc.o
HAL_DBGMCU_DisableDBGSleepMode                    Drivers\STM32F4xx_HAL_Driver\stm32f4xx_hal.o
HAL_DBGMCU_DisableDBGStandbyMode                  Drivers\STM32F4xx_HAL_Driver\stm32f4xx_hal.o
HAL_DBGMCU_DisableDBGStopMode                     Drivers\STM32F4xx_HAL_Driver\stm32f4xx_hal.o
HAL_DBGMCU_EnableDBGSleepMode                     Drivers\STM32F4xx_HAL_Driver\stm32f4xx_hal.o
HAL_DBGMCU_EnableDBGStandbyMode                   Drivers\STM32F4xx_HAL_Driver\stm32f4xx_hal.o
HAL_DBGMCU_EnableDBGStopMode                      Drivers\STM32F4xx_HAL_Driver\stm32f4xx_hal.o
HAL_DMAEx_ChangeMemory                            Drivers\STM32F4xx_HAL_Driver\stm32f4xx_hal_dma_ex.o
HAL_DMAEx_MultiBufferStart                        Drivers\STM32F4xx_HAL_Driver\stm32f4xx_hal_dma_ex.o
HAL_DMAEx_MultiBufferStart_IT                     Drivers\STM32F4xx_HAL_Driver\stm32f4xx_hal_dma_ex.o
HAL_DMA_Abort                                     Drivers\STM32F4xx_HAL_Driver\stm32f4xx_hal_dma.o
                                                  Drivers\STM32F4xx_HAL_Driver\stm32f4xx_hal_adc.o
                                                  Drivers\STM32F4xx_HAL_Driver\stm32f4xx_hal_adc_ex.o
HAL_DMA_Abort_IT                                  Drivers\STM32F4xx_HAL_Driver\stm32f4xx_hal_dma.o
HAL_DMA_DeInit                                    Drivers\STM32F4xx_HAL_Driver\stm32f4xx_hal_dma.o
HAL_DMA_GetError                                  Drivers\STM32F4xx_HAL_Driver\stm32f4xx_hal_dma.o
HAL_DMA_GetState                                  Drivers\STM32F4xx_HAL_Driver\stm32f4xx_hal_dma.o
HAL_DMA_IRQHandler                                Drivers\STM32F4xx_HAL_Driver\stm32f4xx_hal_dma.o
HAL_DMA_Init                                      Drivers\STM32F4xx_HAL_Driver\stm32f4xx_hal_dma.o
HAL_DMA_PollForTransfer                           Drivers\STM32F4xx_HAL_Driver\stm32f4xx_hal_dma.o
HAL_DMA_RegisterCallback                          Drivers\STM32F4xx_HAL_Driver\stm32f4xx_hal_dma.o
HAL_DMA_Start                                     Drivers\STM32F4xx_HAL_Driver\stm32f4xx_hal_dma.o
HAL_DMA_Start_IT                                  Drivers\STM32F4xx_HAL_Driver\stm32f4xx_hal_dma.o
                                                  Drivers\STM32F4xx_HAL_Driver\stm32f4xx_hal_adc.o
                                                  Drivers\STM32F4xx_HAL_Driver\stm32f4xx_hal_adc_ex.o
HAL_DMA_UnRegisterCallback                        Drivers\STM32F4xx_HAL_Driver\stm32f4xx_hal_dma.o
HAL_DeInit                                        Drivers\STM32F4xx_HAL_Driver\stm32f4xx_hal.o
HAL_Delay                                         Drivers\STM32F4xx_HAL_Driver\stm32f4xx_hal.o
                                                  Src\main.o
HAL_DisableCompensationCell                       Drivers\STM32F4xx_HAL_Driver\stm32f4xx_hal.o
HAL_EnableCompensationCell                        Drivers\STM32F4xx_HAL_Driver\stm32f4xx_hal.o
HAL_FLASHEx_Erase                                 Drivers\STM32F4xx_HAL_Driver\stm32f4xx_hal_flash_ex.o
HAL_FLASHEx_Erase_IT                              Drivers\STM32F4xx_HAL_Driver\stm32f4xx_hal_flash_ex.o
HAL_FLASHEx_OBGetConfig                           Drivers\STM32F4xx_HAL_Driver\stm32f4xx_hal_flash_ex.o
HAL_FLASHEx_OBProgram                             Drivers\STM32F4xx_HAL_Driver\stm32f4xx_hal_flash_ex.o
HAL_FLASH_EndOfOperationCallback                  Drivers\STM32F4xx_HAL_Driver\stm32f4xx_hal_flash.o
HAL_FLASH_GetError                                Drivers\STM32F4xx_HAL_Driver\stm32f4xx_hal_flash.o
HAL_FLASH_IRQHandler                              Drivers\STM32F4xx_HAL_Driver\stm32f4xx_hal_flash.o
HAL_FLASH_Lock                                    Drivers\STM32F4xx_HAL_Driver\stm32f4xx_hal_flash.o
HAL_FLASH_OB_Launch                               Drivers\STM32F4xx_HAL_Driver\stm32f4xx_hal_flash.o
HAL_FLASH_OB_Lock                                 Drivers\STM32F4xx_HAL_Driver\stm32f4xx_hal_flash.o
HAL_FLASH_OB_Unlock                               Drivers\STM32F4xx_HAL_Driver\stm32f4xx_hal_flash.o
HAL_FLASH_OperationErrorCallback                  Drivers\STM32F4xx_HAL_Driver\stm32f4xx_hal_flash.o
HAL_FLASH_Program                                 Drivers\STM32F4xx_HAL_Driver\stm32f4xx_hal_flash.o
HAL_FLASH_Program_IT                              Drivers\STM32F4xx_HAL_Driver\stm32f4xx_hal_flash.o
HAL_FLASH_Unlock                                  Drivers\STM32F4xx_HAL_Driver\stm32f4xx_hal_flash.o
HAL_GPIO_DeInit                                   Drivers\STM32F4xx_HAL_Driver\stm32f4xx_hal_gpio.o
                                                  Src\adc.o
HAL_GPIO_EXTI_Callback                            Drivers\STM32F4xx_HAL_Driver\stm32f4xx_hal_gpio.o
HAL_GPIO_EXTI_IRQHandler                          Drivers\STM32F4xx_HAL_Driver\stm32f4xx_hal_gpio.o
HAL_GPIO_Init                                     Drivers\STM32F4xx_HAL_Driver\stm32f4xx_hal_gpio.o
                                                  Drivers\STM32F4xx_HAL_Driver\stm32f4xx_hal_rcc.o
                                                  Src\adc.o
HAL_GPIO_LockPin                                  Drivers\STM32F4xx_HAL_Driver\stm32f4xx_hal_gpio.o
HAL_GPIO_ReadPin                                  Drivers\STM32F4xx_HAL_Driver\stm32f4xx_hal_gpio.o
HAL_GPIO_TogglePin                                Drivers\STM32F4xx_HAL_Driver\stm32f4xx_hal_gpio.o
HAL_GPIO_WritePin                                 Drivers\STM32F4xx_HAL_Driver\stm32f4xx_hal_gpio.o
HAL_GetDEVID                                      Drivers\STM32F4xx_HAL_Driver\stm32f4xx_hal.o
HAL_GetHalVersion                                 Drivers\STM32F4xx_HAL_Driver\stm32f4xx_hal.o
HAL_GetREVID                                      Drivers\STM32F4xx_HAL_Driver\stm32f4xx_hal.o
HAL_GetTick                                       Drivers\STM32F4xx_HAL_Driver\stm32f4xx_hal.o
                                                  Drivers\STM32F4xx_HAL_Driver\stm32f4xx_hal_adc.o
                                                  Drivers\STM32F4xx_HAL_Driver\stm32f4xx_hal_adc_ex.o
                                                  Drivers\STM32F4xx_HAL_Driver\stm32f4xx_hal_dma.o
                                                  Drivers\STM32F4xx_HAL_Driver\stm32f4xx_hal_flash.o
                                                  Drivers\STM32F4xx_HAL_Driver\stm32f4xx_hal_pwr_ex.o
                                                  Drivers\STM32F4xx_HAL_Driver\stm32f4xx_hal_rcc.o
                                                  Drivers\STM32F4xx_HAL_Driver\stm32f4xx_hal_rcc_ex.o
HAL_IncTick                                       Drivers\STM32F4xx_HAL_Driver\stm32f4xx_hal.o
                                                  Src\stm32f4xx_it.o
HAL_Init                                          Drivers\STM32F4xx_HAL_Driver\stm32f4xx_hal.o
                                                  Src\main.o
HAL_InitTick                                      Drivers\STM32F4xx_HAL_Driver\stm32f4xx_hal.o
                                                  Drivers\STM32F4xx_HAL_Driver\stm32f4xx_hal_rcc.o
HAL_MPU_ConfigRegion                              Drivers\STM32F4xx_HAL_Driver\stm32f4xx_hal_cortex.o
HAL_MspDeInit                                     Drivers\STM32F4xx_HAL_Driver\stm32f4xx_hal.o
HAL_MspInit                                       Src\stm32f4xx_hal_msp.o
HAL_NVIC_ClearPendingIRQ                          Drivers\STM32F4xx_HAL_Driver\stm32f4xx_hal_cortex.o
HAL_NVIC_DisableIRQ                               Drivers\STM32F4xx_HAL_Driver\stm32f4xx_hal_cortex.o
HAL_NVIC_EnableIRQ                                Drivers\STM32F4xx_HAL_Driver\stm32f4xx_hal_cortex.o
HAL_NVIC_GetActive                                Drivers\STM32F4xx_HAL_Driver\stm32f4xx_hal_cortex.o
HAL_NVIC_GetPendingIRQ                            Drivers\STM32F4xx_HAL_Driver\stm32f4xx_hal_cortex.o
HAL_NVIC_GetPriority                              Drivers\STM32F4xx_HAL_Driver\stm32f4xx_hal_cortex.o
HAL_NVIC_GetPriorityGrouping                      Drivers\STM32F4xx_HAL_Driver\stm32f4xx_hal_cortex.o
HAL_NVIC_SetPendingIRQ                            Drivers\STM32F4xx_HAL_Driver\stm32f4xx_hal_cortex.o
HAL_NVIC_SetPriority                              Drivers\STM32F4xx_HAL_Driver\stm32f4xx_hal_cortex.o
                                                  Drivers\STM32F4xx_HAL_Driver\stm32f4xx_hal.o
                                                  Src\main.o
                                                  Src\stm32f4xx_hal_msp.o
HAL_NVIC_SetPriorityGrouping                      Drivers\STM32F4xx_HAL_Driver\stm32f4xx_hal_cortex.o
                                                  Drivers\STM32F4xx_HAL_Driver\stm32f4xx_hal.o
                                                  Src\stm32f4xx_hal_msp.o
HAL_NVIC_SystemReset                              Drivers\STM32F4xx_HAL_Driver\stm32f4xx_hal_cortex.o
HAL_PWREx_ControlVoltageScaling                   Drivers\STM32F4xx_HAL_Driver\stm32f4xx_hal_pwr_ex.o
HAL_PWREx_DisableBkUpReg                          Drivers\STM32F4xx_HAL_Driver\stm32f4xx_hal_pwr_ex.o
HAL_PWREx_DisableFlashPowerDown                   Drivers\STM32F4xx_HAL_Driver\stm32f4xx_hal_pwr_ex.o
HAL_PWREx_EnableBkUpReg                           Drivers\STM32F4xx_HAL_Driver\stm32f4xx_hal_pwr_ex.o
HAL_PWREx_EnableFlashPowerDown                    Drivers\STM32F4xx_HAL_Driver\stm32f4xx_hal_pwr_ex.o
HAL_PWREx_GetVoltageRange                         Drivers\STM32F4xx_HAL_Driver\stm32f4xx_hal_pwr_ex.o
HAL_PWR_ConfigPVD                                 Drivers\STM32F4xx_HAL_Driver\stm32f4xx_hal_pwr.o
HAL_PWR_DeInit                                    Drivers\STM32F4xx_HAL_Driver\stm32f4xx_hal_pwr.o
HAL_PWR_DisableBkUpAccess                         Drivers\STM32F4xx_HAL_Driver\stm32f4xx_hal_pwr.o
HAL_PWR_DisablePVD                                Drivers\STM32F4xx_HAL_Driver\stm32f4xx_hal_pwr.o
HAL_PWR_DisableSEVOnPend                          Drivers\STM32F4xx_HAL_Driver\stm32f4xx_hal_pwr.o
HAL_PWR_DisableSleepOnExit                        Drivers\STM32F4xx_HAL_Driver\stm32f4xx_hal_pwr.o
HAL_PWR_DisableWakeUpPin                          Drivers\STM32F4xx_HAL_Driver\stm32f4xx_hal_pwr.o
HAL_PWR_EnableBkUpAccess                          Drivers\STM32F4xx_HAL_Driver\stm32f4xx_hal_pwr.o
HAL_PWR_EnablePVD                                 Drivers\STM32F4xx_HAL_Driver\stm32f4xx_hal_pwr.o
HAL_PWR_EnableSEVOnPend                           Drivers\STM32F4xx_HAL_Driver\stm32f4xx_hal_pwr.o
HAL_PWR_EnableSleepOnExit                         Drivers\STM32F4xx_HAL_Driver\stm32f4xx_hal_pwr.o
HAL_PWR_EnableWakeUpPin                           Drivers\STM32F4xx_HAL_Driver\stm32f4xx_hal_pwr.o
HAL_PWR_EnterSLEEPMode                            Drivers\STM32F4xx_HAL_Driver\stm32f4xx_hal_pwr.o
HAL_PWR_EnterSTANDBYMode                          Drivers\STM32F4xx_HAL_Driver\stm32f4xx_hal_pwr.o
HAL_PWR_EnterSTOPMode                             Drivers\STM32F4xx_HAL_Driver\stm32f4xx_hal_pwr.o
HAL_PWR_PVDCallback                               Drivers\STM32F4xx_HAL_Driver\stm32f4xx_hal_pwr.o
HAL_PWR_PVD_IRQHandler                            Drivers\STM32F4xx_HAL_Driver\stm32f4xx_hal_pwr.o
HAL_RCCEx_GetPeriphCLKConfig                      Drivers\STM32F4xx_HAL_Driver\stm32f4xx_hal_rcc_ex.o
HAL_RCCEx_PeriphCLKConfig                         Drivers\STM32F4xx_HAL_Driver\stm32f4xx_hal_rcc_ex.o
HAL_RCC_CSSCallback                               Drivers\STM32F4xx_HAL_Driver\stm32f4xx_hal_rcc.o
HAL_RCC_ClockConfig                               Drivers\STM32F4xx_HAL_Driver\stm32f4xx_hal_rcc.o
                                                  Src\main.o
HAL_RCC_DeInit                                    Drivers\STM32F4xx_HAL_Driver\stm32f4xx_hal_rcc_ex.o
HAL_RCC_DisableCSS                                Drivers\STM32F4xx_HAL_Driver\stm32f4xx_hal_rcc.o
HAL_RCC_EnableCSS                                 Drivers\STM32F4xx_HAL_Driver\stm32f4xx_hal_rcc.o
HAL_RCC_GetClockConfig                            Drivers\STM32F4xx_HAL_Driver\stm32f4xx_hal_rcc.o
HAL_RCC_GetHCLKFreq                               Drivers\STM32F4xx_HAL_Driver\stm32f4xx_hal_rcc.o
                                                  Src\main.o
HAL_RCC_GetOscConfig                              Drivers\STM32F4xx_HAL_Driver\stm32f4xx_hal_rcc.o
HAL_RCC_GetPCLK1Freq                              Drivers\STM32F4xx_HAL_Driver\stm32f4xx_hal_rcc.o
HAL_RCC_GetPCLK2Freq                              Drivers\STM32F4xx_HAL_Driver\stm32f4xx_hal_rcc.o
HAL_RCC_GetSysClockFreq                           Drivers\STM32F4xx_HAL_Driver\stm32f4xx_hal_rcc.o
HAL_RCC_MCOConfig                                 Drivers\STM32F4xx_HAL_Driver\stm32f4xx_hal_rcc.o
HAL_RCC_NMI_IRQHandler                            Drivers\STM32F4xx_HAL_Driver\stm32f4xx_hal_rcc.o
HAL_RCC_OscConfig                                 Drivers\STM32F4xx_HAL_Driver\stm32f4xx_hal_rcc.o
                                                  Src\main.o
HAL_ResumeTick                                    Drivers\STM32F4xx_HAL_Driver\stm32f4xx_hal.o
HAL_SYSTICK_CLKSourceConfig                       Drivers\STM32F4xx_HAL_Driver\stm32f4xx_hal_cortex.o
                                                  Src\main.o
HAL_SYSTICK_Callback                              Drivers\STM32F4xx_HAL_Driver\stm32f4xx_hal_cortex.o
HAL_SYSTICK_Config                                Drivers\STM32F4xx_HAL_Driver\stm32f4xx_hal_cortex.o
                                                  Drivers\STM32F4xx_HAL_Driver\stm32f4xx_hal.o
                                                  Src\main.o
HAL_SYSTICK_IRQHandler                            Drivers\STM32F4xx_HAL_Driver\stm32f4xx_hal_cortex.o
                                                  Src\stm32f4xx_it.o
HAL_SuspendTick                                   Drivers\STM32F4xx_HAL_Driver\stm32f4xx_hal.o
HASH_RNG_IRQHandler                               Application\TrueSTUDIO\startup_stm32f405xx.o
HardFault_Handler                                 Src\stm32f4xx_it.o
I2C1_ER_IRQHandler                                Application\TrueSTUDIO\startup_stm32f405xx.o
I2C1_EV_IRQHandler                                Application\TrueSTUDIO\startup_stm32f405xx.o
I2C2_ER_IRQHandler                                Application\TrueSTUDIO\startup_stm32f405xx.o
I2C2_EV_IRQHandler                                Application\TrueSTUDIO\startup_stm32f405xx.o
I2C3_ER_IRQHandler                                Application\TrueSTUDIO\startup_stm32f405xx.o
I2C3_EV_IRQHandler                                Application\TrueSTUDIO\startup_stm32f405xx.o
MX_ADC1_Init                                      Src\adc.o
                                                  Src\main.o
MX_GPIO_Init                                      Src\gpio.o
                                                  Src\main.o
MemManage_Handler                                 Src\stm32f4xx_it.o
NMI_Handler                                       Src\stm32f4xx_it.o
OTG_FS_IRQHandler                                 Application\TrueSTUDIO\startup_stm32f405xx.o
OTG_FS_WKUP_IRQHandler                            Application\TrueSTUDIO\startup_stm32f405xx.o
OTG_HS_EP1_IN_IRQHandler                          Application\TrueSTUDIO\startup_stm32f405xx.o
OTG_HS_EP1_OUT_IRQHandler                         Application\TrueSTUDIO\startup_stm32f405xx.o
OTG_HS_IRQHandler                                 Application\TrueSTUDIO\startup_stm32f405xx.o
OTG_HS_WKUP_IRQHandler                            Application\TrueSTUDIO\startup_stm32f405xx.o
PVD_IRQHandler                                    Application\TrueSTUDIO\startup_stm32f405xx.o
PendSV_Handler                                    Src\stm32f4xx_it.o
RCC_IRQHandler                                    Application\TrueSTUDIO\startup_stm32f405xx.o
RTC_Alarm_IRQHandler                              Application\TrueSTUDIO\startup_stm32f405xx.o
RTC_WKUP_IRQHandler                               Application\TrueSTUDIO\startup_stm32f405xx.o
Reset_Handler                                     Application\TrueSTUDIO\startup_stm32f405xx.o
SDIO_IRQHandler                                   Application\TrueSTUDIO\startup_stm32f405xx.o
SPI1_IRQHandler                                   Application\TrueSTUDIO\startup_stm32f405xx.o
SPI2_IRQHandler                                   Application\TrueSTUDIO\startup_stm32f405xx.o
SPI3_IRQHandler                                   Application\TrueSTUDIO\startup_stm32f405xx.o
SVC_Handler                                       Src\stm32f4xx_it.o
SysTick_Handler                                   Src\stm32f4xx_it.o
SystemClock_Config                                Src\main.o
SystemCoreClock                                   Drivers\CMSIS\system_stm32f4xx.o
                                                  Drivers\STM32F4xx_HAL_Driver\stm32f4xx_hal.o
                                                  Drivers\STM32F4xx_HAL_Driver\stm32f4xx_hal_adc.o
                                                  Drivers\STM32F4xx_HAL_Driver\stm32f4xx_hal_adc_ex.o
                                                  Drivers\STM32F4xx_HAL_Driver\stm32f4xx_hal_dma.o
                                                  Drivers\STM32F4xx_HAL_Driver\stm32f4xx_hal_rcc.o
                                                  Drivers\STM32F4xx_HAL_Driver\stm32f4xx_hal_rcc_ex.o
SystemCoreClockUpdate                             Drivers\CMSIS\system_stm32f4xx.o
SystemInit                                        Drivers\CMSIS\system_stm32f4xx.o
                                                  Application\TrueSTUDIO\startup_stm32f405xx.o
TAMP_STAMP_IRQHandler                             Application\TrueSTUDIO\startup_stm32f405xx.o
TIM1_BRK_TIM9_IRQHandler                          Application\TrueSTUDIO\startup_stm32f405xx.o
TIM1_CC_IRQHandler                                Application\TrueSTUDIO\startup_stm32f405xx.o
TIM1_TRG_COM_TIM11_IRQHandler                     Application\TrueSTUDIO\startup_stm32f405xx.o
TIM1_UP_TIM10_IRQHandler                          Application\TrueSTUDIO\startup_stm32f405xx.o
TIM2_IRQHandler                                   Application\TrueSTUDIO\startup_stm32f405xx.o
TIM3_IRQHandler                                   Application\TrueSTUDIO\startup_stm32f405xx.o
TIM4_IRQHandler                                   Application\TrueSTUDIO\startup_stm32f405xx.o
TIM5_IRQHandler                                   Application\TrueSTUDIO\startup_stm32f405xx.o
TIM6_DAC_IRQHandler                               Application\TrueSTUDIO\startup_stm32f405xx.o
TIM7_IRQHandler                                   Application\TrueSTUDIO\startup_stm32f405xx.o
TIM8_BRK_TIM12_IRQHandler                         Application\TrueSTUDIO\startup_stm32f405xx.o
TIM8_CC_IRQHandler                                Application\TrueSTUDIO\startup_stm32f405xx.o
TIM8_TRG_COM_TIM14_IRQHandler                     Application\TrueSTUDIO\startup_stm32f405xx.o
TIM8_UP_TIM13_IRQHandler                          Application\TrueSTUDIO\startup_stm32f405xx.o
UART4_IRQHandler                                  Application\TrueSTUDIO\startup_stm32f405xx.o
UART5_IRQHandler                                  Application\TrueSTUDIO\startup_stm32f405xx.o
USART1_IRQHandler                                 Application\TrueSTUDIO\startup_stm32f405xx.o
USART2_IRQHandler                                 Application\TrueSTUDIO\startup_stm32f405xx.o
USART3_IRQHandler                                 Application\TrueSTUDIO\startup_stm32f405xx.o
USART6_IRQHandler                                 Application\TrueSTUDIO\startup_stm32f405xx.o
UsageFault_Handler                                Src\stm32f4xx_it.o
WWDG_IRQHandler                                   Application\TrueSTUDIO\startup_stm32f405xx.o
__deregister_frame_info                           c:/program files (x86)/atollic/truestudio for arm 5.5.2/armtools/bin/../lib/gcc/arm-atollic-eabi/5.3.1/armv7e-m/fpu/crtbegin.o
__dso_handle                                      c:/program files (x86)/atollic/truestudio for arm 5.5.2/armtools/bin/../lib/gcc/arm-atollic-eabi/5.3.1/armv7e-m/fpu/crtbegin.o
__init_array_end                                  c:/program files (x86)/atollic/truestudio for arm 5.5.2/armtools/bin/../lib/gcc/arm-atollic-eabi/5.3.1/../../../../arm-atollic-eabi/lib/armv7e-m/fpu\libc.a(lib_a-init.o)
__init_array_start                                c:/program files (x86)/atollic/truestudio for arm 5.5.2/armtools/bin/../lib/gcc/arm-atollic-eabi/5.3.1/../../../../arm-atollic-eabi/lib/armv7e-m/fpu\libc.a(lib_a-init.o)
__libc_init_array                                 c:/program files (x86)/atollic/truestudio for arm 5.5.2/armtools/bin/../lib/gcc/arm-atollic-eabi/5.3.1/../../../../arm-atollic-eabi/lib/armv7e-m/fpu\libc.a(lib_a-init.o)
                                                  Application\TrueSTUDIO\startup_stm32f405xx.o
__preinit_array_end                               c:/program files (x86)/atollic/truestudio for arm 5.5.2/armtools/bin/../lib/gcc/arm-atollic-eabi/5.3.1/../../../../arm-atollic-eabi/lib/armv7e-m/fpu\libc.a(lib_a-init.o)
__preinit_array_start                             c:/program files (x86)/atollic/truestudio for arm 5.5.2/armtools/bin/../lib/gcc/arm-atollic-eabi/5.3.1/../../../../arm-atollic-eabi/lib/armv7e-m/fpu\libc.a(lib_a-init.o)
__register_frame_info                             c:/program files (x86)/atollic/truestudio for arm 5.5.2/armtools/bin/../lib/gcc/arm-atollic-eabi/5.3.1/armv7e-m/fpu/crtbegin.o
_ebss                                             Application\TrueSTUDIO\startup_stm32f405xx.o
_edata                                            Application\TrueSTUDIO\startup_stm32f405xx.o
_estack                                           Application\TrueSTUDIO\startup_stm32f405xx.o
_fini                                             c:/program files (x86)/atollic/truestudio for arm 5.5.2/armtools/bin/../lib/gcc/arm-atollic-eabi/5.3.1/armv7e-m/fpu/crti.o
_init                                             c:/program files (x86)/atollic/truestudio for arm 5.5.2/armtools/bin/../lib/gcc/arm-atollic-eabi/5.3.1/armv7e-m/fpu/crti.o
                                                  c:/program files (x86)/atollic/truestudio for arm 5.5.2/armtools/bin/../lib/gcc/arm-atollic-eabi/5.3.1/../../../../arm-atollic-eabi/lib/armv7e-m/fpu\libc.a(lib_a-init.o)
_sbss                                             Application\TrueSTUDIO\startup_stm32f405xx.o
_sdata                                            Application\TrueSTUDIO\startup_stm32f405xx.o
_sidata                                           Application\TrueSTUDIO\startup_stm32f405xx.o
g_pfnVectors                                      Application\TrueSTUDIO\startup_stm32f405xx.o
hadc1                                             Src\adc.o
                                                  Src\main.o
main                                              Src\main.o
                                                  Application\TrueSTUDIO\startup_stm32f405xx.o
pFlash                                            Drivers\STM32F4xx_HAL_Driver\stm32f4xx_hal_flash.o
                                                  Drivers\STM32F4xx_HAL_Driver\stm32f4xx_hal_flash_ex.o
uwTick                                            Drivers\STM32F4xx_HAL_Driver\stm32f4xx_hal.o
